  姝ｅ湪纭畾瑕佽繕鍘熺殑椤圭洰鈥?
  鎵€鏈夐」鐩潎鏄渶鏂扮殑锛屾棤娉曡繕鍘熴€?
H:\code\ScreenControl\UpdateDownloader.cs(354,16): warning CS8618: 鍦ㄩ€€鍑烘瀯閫犲嚱鏁版椂锛屼笉鍙负 null 鐨?瀛楁 "_progressBar" 蹇呴』鍖呭惈闈?null 鍊笺€傝鑰冭檻娣诲姞 "required" 淇グ绗︽垨灏嗚 瀛楁 澹版槑涓哄彲涓?null銆?[H:\code\ScreenControl\ScreenControl.csproj]
H:\code\ScreenControl\UpdateDownloader.cs(354,16): warning CS8618: 鍦ㄩ€€鍑烘瀯閫犲嚱鏁版椂锛屼笉鍙负 null 鐨?瀛楁 "_statusLabel" 蹇呴』鍖呭惈闈?null 鍊笺€傝鑰冭檻娣诲姞 "required" 淇グ绗︽垨灏嗚 瀛楁 澹版槑涓哄彲涓?null銆?[H:\code\ScreenControl\ScreenControl.csproj]
H:\code\ScreenControl\SettingsForm.cs(64,63): warning CS8625: 鏃犳硶灏?null 瀛楅潰閲忚浆鎹负闈?null 鐨勫紩鐢ㄧ被鍨嬨€?[H:\code\ScreenControl\ScreenControl.csproj]
H:\code\ScreenControl\SettingsForm.cs(11,16): warning CS8618: 鍦ㄩ€€鍑烘瀯閫犲嚱鏁版椂锛屼笉鍙负 null 鐨?瀛楁 "groupBox1" 蹇呴』鍖呭惈闈?null 鍊笺€傝鑰冭檻娣诲姞 "required" 淇グ绗︽垨灏嗚 瀛楁 澹版槑涓哄彲涓?null銆?[H:\code\ScreenControl\ScreenControl.csproj]
H:\code\ScreenControl\SettingsForm.cs(11,16): warning CS8618: 鍦ㄩ€€鍑烘瀯閫犲嚱鏁版椂锛屼笉鍙负 null 鐨?瀛楁 "chkEnableHotkeys" 蹇呴』鍖呭惈闈?null 鍊笺€傝鑰冭檻娣诲姞 "required" 淇グ绗︽垨灏嗚 瀛楁 澹版槑涓哄彲涓?null銆?[H:\code\ScreenControl\ScreenControl.csproj]
H:\code\ScreenControl\SettingsForm.cs(11,16): warning CS8618: 鍦ㄩ€€鍑烘瀯閫犲嚱鏁版椂锛屼笉鍙负 null 鐨?瀛楁 "btnOK" 蹇呴』鍖呭惈闈?null 鍊笺€傝鑰冭檻娣诲姞 "required" 淇グ绗︽垨灏嗚 瀛楁 澹版槑涓哄彲涓?null銆?[H:\code\ScreenControl\ScreenControl.csproj]
H:\code\ScreenControl\SettingsForm.cs(11,16): warning CS8618: 鍦ㄩ€€鍑烘瀯閫犲嚱鏁版椂锛屼笉鍙负 null 鐨?瀛楁 "btnCancel" 蹇呴』鍖呭惈闈?null 鍊笺€傝鑰冭檻娣诲姞 "required" 淇グ绗︽垨灏嗚 瀛楁 澹版槑涓哄彲涓?null銆?[H:\code\ScreenControl\ScreenControl.csproj]
H:\code\ScreenControl\MainForm.cs(38,16): warning CS8618: 鍦ㄩ€€鍑烘瀯閫犲嚱鏁版椂锛屼笉鍙负 null 鐨?瀛楁 "monitorTimer" 蹇呴』鍖呭惈闈?null 鍊笺€傝鑰冭檻娣诲姞 "required" 淇グ绗︽垨灏嗚 瀛楁 澹版槑涓哄彲涓?null銆?[H:\code\ScreenControl\ScreenControl.csproj]
H:\code\ScreenControl\MainForm.cs(38,16): warning CS8618: 鍦ㄩ€€鍑烘瀯閫犲嚱鏁版椂锛屼笉鍙负 null 鐨?瀛楁 "uptimeTimer" 蹇呴』鍖呭惈闈?null 鍊笺€傝鑰冭檻娣诲姞 "required" 淇グ绗︽垨灏嗚 瀛楁 澹版槑涓哄彲涓?null銆?[H:\code\ScreenControl\ScreenControl.csproj]
H:\code\ScreenControl\MainForm.cs(38,16): warning CS8618: 鍦ㄩ€€鍑烘瀯閫犲嚱鏁版椂锛屼笉鍙负 null 鐨?瀛楁 "statusLabel" 蹇呴』鍖呭惈闈?null 鍊笺€傝鑰冭檻娣诲姞 "required" 淇グ绗︽垨灏嗚 瀛楁 澹版槑涓哄彲涓?null銆?[H:\code\ScreenControl\ScreenControl.csproj]
H:\code\ScreenControl\MainForm.cs(38,16): warning CS8618: 鍦ㄩ€€鍑烘瀯閫犲嚱鏁版椂锛屼笉鍙负 null 鐨?瀛楁 "uptimeLabel" 蹇呴』鍖呭惈闈?null 鍊笺€傝鑰冭檻娣诲姞 "required" 淇グ绗︽垨灏嗚 瀛楁 澹版槑涓哄彲涓?null銆?[H:\code\ScreenControl\ScreenControl.csproj]
H:\code\ScreenControl\MainForm.cs(38,16): warning CS8618: 鍦ㄩ€€鍑烘瀯閫犲嚱鏁版椂锛屼笉鍙负 null 鐨?瀛楁 "notifyIcon" 蹇呴』鍖呭惈闈?null 鍊笺€傝鑰冭檻娣诲姞 "required" 淇グ绗︽垨灏嗚 瀛楁 澹版槑涓哄彲涓?null銆?[H:\code\ScreenControl\ScreenControl.csproj]
H:\code\ScreenControl\MainForm.cs(38,16): warning CS8618: 鍦ㄩ€€鍑烘瀯閫犲嚱鏁版椂锛屼笉鍙负 null 鐨?瀛楁 "trayMenu" 蹇呴』鍖呭惈闈?null 鍊笺€傝鑰冭檻娣诲姞 "required" 淇グ绗︽垨灏嗚 瀛楁 澹版槑涓哄彲涓?null銆?[H:\code\ScreenControl\ScreenControl.csproj]
H:\code\ScreenControl\AutoUpdateManager.cs(69,84): warning CS8604: 鈥渧oid UpdateDownloader.ShowUpdateDialog(UpdateInfo updateInfo, string currentVersion, Action<string> statusUpdater, Action<string> logWriter, Form parentForm)鈥濅腑鐨勫舰鍙傗€渟tatusUpdater鈥濆彲鑳戒紶鍏?null 寮曠敤瀹炲弬銆?[H:\code\ScreenControl\ScreenControl.csproj]
H:\code\ScreenControl\AutoUpdateManager.cs(69,100): warning CS8604: 鈥渧oid UpdateDownloader.ShowUpdateDialog(UpdateInfo updateInfo, string currentVersion, Action<string> statusUpdater, Action<string> logWriter, Form parentForm)鈥濅腑鐨勫舰鍙傗€渓ogWriter鈥濆彲鑳戒紶鍏?null 寮曠敤瀹炲弬銆?[H:\code\ScreenControl\ScreenControl.csproj]
H:\code\ScreenControl\UpdateDownloader.cs(100,137): warning CS8604: 鈥淯pdateDownloader.UpdateDownloader(string downloadBaseUrl, string version, Action<string> statusUpdater, Action<string> logWriter, Form parentForm)鈥濅腑鐨勫舰鍙傗€減arentForm鈥濆彲鑳戒紶鍏?null 寮曠敤瀹炲弬銆?[H:\code\ScreenControl\ScreenControl.csproj]
H:\code\ScreenControl\SettingsForm.cs(116,57): warning CS8622: 鈥渧oid SettingsForm.btnOK_Click(object sender, EventArgs e)鈥濈殑鍙傛暟鈥渟ender鈥濈被鍨嬩腑寮曠敤绫诲瀷鐨勪负 Null 鎬т笌鐩爣濮旀墭鈥淓ventHandler鈥濅笉鍖归厤(鍙兘鏄敱浜庝负 Null 鎬х壒鎬?銆?[H:\code\ScreenControl\ScreenControl.csproj]
H:\code\ScreenControl\SettingsForm.cs(126,61): warning CS8622: 鈥渧oid SettingsForm.btnCancel_Click(object sender, EventArgs e)鈥濈殑鍙傛暟鈥渟ender鈥濈被鍨嬩腑寮曠敤绫诲瀷鐨勪负 Null 鎬т笌鐩爣濮旀墭鈥淓ventHandler鈥濅笉鍖归厤(鍙兘鏄敱浜庝负 Null 鎬х壒鎬?銆?[H:\code\ScreenControl\ScreenControl.csproj]
H:\code\ScreenControl\MainForm.cs(94,52): warning CS8600: 灏?null 鏂囨湰鎴栧彲鑳界殑 null 鍊艰浆鎹负涓嶅彲涓?null 绫诲瀷銆?[H:\code\ScreenControl\ScreenControl.csproj]
H:\code\ScreenControl\MainForm.cs(130,39): warning CS8622: 鈥渧oid MainForm.ShowMainFormItem_Click(object sender, EventArgs e)鈥濈殑鍙傛暟鈥渟ender鈥濈被鍨嬩腑寮曠敤绫诲瀷鐨勪负 Null 鎬т笌鐩爣濮旀墭鈥淓ventHandler鈥濅笉鍖归厤(鍙兘鏄敱浜庝负 Null 鎬х壒鎬?銆?[H:\code\ScreenControl\ScreenControl.csproj]
H:\code\ScreenControl\MainForm.cs(148,31): warning CS8622: 鈥渧oid MainForm.ExitItem_Click(object sender, EventArgs e)鈥濈殑鍙傛暟鈥渟ender鈥濈被鍨嬩腑寮曠敤绫诲瀷鐨勪负 Null 鎬т笌鐩爣濮旀墭鈥淓ventHandler鈥濅笉鍖归厤(鍙兘鏄敱浜庝负 Null 鎬х壒鎬?銆?[H:\code\ScreenControl\ScreenControl.csproj]
H:\code\ScreenControl\MainForm.cs(155,39): warning CS8622: 鈥渧oid MainForm.NotifyIcon_DoubleClick(object sender, EventArgs e)鈥濈殑鍙傛暟鈥渟ender鈥濈被鍨嬩腑寮曠敤绫诲瀷鐨勪负 Null 鎬т笌鐩爣濮旀墭鈥淓ventHandler鈥濅笉鍖归厤(鍙兘鏄敱浜庝负 Null 鎬х壒鎬?銆?[H:\code\ScreenControl\ScreenControl.csproj]
H:\code\ScreenControl\MainForm.cs(295,33): warning CS8622: 鈥渧oid MainForm.UptimeTimer_Tick(object sender, EventArgs e)鈥濈殑鍙傛暟鈥渟ender鈥濈被鍨嬩腑寮曠敤绫诲瀷鐨勪负 Null 鎬т笌鐩爣濮旀墭鈥淓ventHandler鈥濅笉鍖归厤(鍙兘鏄敱浜庝负 Null 鎬х壒鎬?銆?[H:\code\ScreenControl\ScreenControl.csproj]
H:\code\ScreenControl\MainForm.cs(303,34): warning CS8622: 鈥渧oid MainForm.MonitorTimer_Tick(object sender, EventArgs e)鈥濈殑鍙傛暟鈥渟ender鈥濈被鍨嬩腑寮曠敤绫诲瀷鐨勪负 Null 鎬т笌鐩爣濮旀墭鈥淓ventHandler鈥濅笉鍖归厤(鍙兘鏄敱浜庝负 Null 鎬х壒鎬?銆?[H:\code\ScreenControl\ScreenControl.csproj]
H:\code\ScreenControl\UpdateDownloader.cs(141,35): warning CS8600: 灏?null 鏂囨湰鎴栧彲鑳界殑 null 鍊艰浆鎹负涓嶅彲涓?null 绫诲瀷銆?[H:\code\ScreenControl\ScreenControl.csproj]
H:\code\ScreenControl\UpdateDownloader.cs(142,47): warning CS8600: 灏?null 鏂囨湰鎴栧彲鑳界殑 null 鍊艰浆鎹负涓嶅彲涓?null 绫诲瀷銆?[H:\code\ScreenControl\ScreenControl.csproj]
H:\code\ScreenControl\UpdateDownloader.cs(222,71): warning CS8604: 鈥渟tring Path.Combine(string path1, string path2)鈥濅腑鐨勫舰鍙傗€減ath1鈥濆彲鑳戒紶鍏?null 寮曠敤瀹炲弬銆?[H:\code\ScreenControl\ScreenControl.csproj]
H:\code\ScreenControl\MainForm.cs(450,39): warning CS8600: 灏?null 鏂囨湰鎴栧彲鑳界殑 null 鍊艰浆鎹负涓嶅彲涓?null 绫诲瀷銆?[H:\code\ScreenControl\ScreenControl.csproj]
H:\code\ScreenControl\MainForm.cs(515,21): error CS0103: 褰撳墠涓婁笅鏂囦腑涓嶅瓨鍦ㄥ悕绉扳€渃hkGlobalHotkeys鈥?[H:\code\ScreenControl\ScreenControl.csproj]
H:\code\ScreenControl\MainForm.cs(517,21): error CS0103: 褰撳墠涓婁笅鏂囦腑涓嶅瓨鍦ㄥ悕绉扳€渃hkGlobalHotkeys鈥?[H:\code\ScreenControl\ScreenControl.csproj]
H:\code\ScreenControl\MainForm.cs(521,40): warning CS8600: 灏?null 鏂囨湰鎴栧彲鑳界殑 null 鍊艰浆鎹负涓嶅彲涓?null 绫诲瀷銆?[H:\code\ScreenControl\ScreenControl.csproj]
H:\code\ScreenControl\UpdateDownloader.cs(310,25): warning CS8629: 鍙负 null 鐨勫€肩被鍨嬪彲涓?null銆?[H:\code\ScreenControl\ScreenControl.csproj]
H:\code\ScreenControl\MainForm.cs(707,23): warning CS0219: 鍙橀噺鈥淪C_CLOSE鈥濆凡琚祴鍊硷紝浣嗕粠鏈娇鐢ㄨ繃瀹冪殑鍊?[H:\code\ScreenControl\ScreenControl.csproj]
H:\code\ScreenControl\MainForm.cs(844,39): warning CS8622: 鈥渧oid MainForm.SettingsMenuItem_Click(object sender, EventArgs e)鈥濈殑鍙傛暟鈥渟ender鈥濈被鍨嬩腑寮曠敤绫诲瀷鐨勪负 Null 鎬т笌鐩爣濮旀墭鈥淓ventHandler鈥濅笉鍖归厤(鍙兘鏄敱浜庝负 Null 鎬х壒鎬?銆?[H:\code\ScreenControl\ScreenControl.csproj]
H:\code\ScreenControl\MainForm.cs(851,36): warning CS8622: 鈥渧oid MainForm.AboutMenuItem_Click(object sender, EventArgs e)鈥濈殑鍙傛暟鈥渟ender鈥濈被鍨嬩腑寮曠敤绫诲瀷鐨勪负 Null 鎬т笌鐩爣濮旀墭鈥淓ventHandler鈥濅笉鍖归厤(鍙兘鏄敱浜庝负 Null 鎬х壒鎬?銆?[H:\code\ScreenControl\ScreenControl.csproj]
H:\code\ScreenControl\MainForm.cs(855,42): warning CS8622: 鈥渧oid MainForm.CheckUpdateMenuItem_Click(object sender, EventArgs e)鈥濈殑鍙傛暟鈥渟ender鈥濈被鍨嬩腑寮曠敤绫诲瀷鐨勪负 Null 鎬т笌鐩爣濮旀墭鈥淓ventHandler鈥濅笉鍖归厤(鍙兘鏄敱浜庝负 Null 鎬х壒鎬?銆?[H:\code\ScreenControl\ScreenControl.csproj]
H:\code\ScreenControl\MainForm.cs(597,22): warning CS0414: 瀛楁鈥淢ainForm.isWindowManuallyHidden鈥濆凡琚祴鍊硷紝浣嗕粠鏈娇鐢ㄨ繃瀹冪殑鍊?[H:\code\ScreenControl\ScreenControl.csproj]
H:\code\ScreenControl\Program.cs(17,13): warning CA1416: 鍙湪鎵€鏈夊钩鍙颁笂璁块棶姝よ皟鐢ㄧ珯鐐广€?Application.EnableVisualStyles()" 浠呭湪 "windows" 6.1 鍙婃洿楂樼増鏈?涓婂彈鏀寔銆?(https://learn.microsoft.com/dotnet/fundamentals/code-analysis/quality-rules/ca1416) [H:\code\ScreenControl\ScreenControl.csproj]
H:\code\ScreenControl\Program.cs(19,13): warning CA1416: 鍙湪鎵€鏈夊钩鍙颁笂璁块棶姝よ皟鐢ㄧ珯鐐广€?Application.Run(Form)" 浠呭湪 "windows" 6.1 鍙婃洿楂樼増鏈?涓婂彈鏀寔銆?(https://learn.microsoft.com/dotnet/fundamentals/code-analysis/quality-rules/ca1416) [H:\code\ScreenControl\ScreenControl.csproj]
H:\code\ScreenControl\Program.cs(18,13): warning CA1416: 鍙湪鎵€鏈夊钩鍙颁笂璁块棶姝よ皟鐢ㄧ珯鐐广€?Application.SetCompatibleTextRenderingDefault(bool)" 浠呭湪 "windows" 6.1 鍙婃洿楂樼増鏈?涓婂彈鏀寔銆?(https://learn.microsoft.com/dotnet/fundamentals/code-analysis/quality-rules/ca1416) [H:\code\ScreenControl\ScreenControl.csproj]
H:\code\ScreenControl\SettingsForm.cs(33,17): warning CA1416: 鍙湪鎵€鏈夊钩鍙颁笂璁块棶姝よ皟鐢ㄧ珯鐐广€?Form.DialogResult" 浠呭湪 "windows" 6.1 鍙婃洿楂樼増鏈?涓婂彈鏀寔銆?(https://learn.microsoft.com/dotnet/fundamentals/code-analysis/quality-rules/ca1416) [H:\code\ScreenControl\ScreenControl.csproj]
H:\code\ScreenControl\SettingsForm.cs(40,13): warning CA1416: 鍙湪鎵€鏈夊钩鍙颁笂璁块棶姝よ皟鐢ㄧ珯鐐广€?Form.DialogResult" 浠呭湪 "windows" 6.1 鍙婃洿楂樼増鏈?涓婂彈鏀寔銆?(https://learn.microsoft.com/dotnet/fundamentals/code-analysis/quality-rules/ca1416) [H:\code\ScreenControl\ScreenControl.csproj]
H:\code\ScreenControl\SettingsForm.cs(25,13): warning CA1416: 鍙湪鎵€鏈夊钩鍙颁笂璁块棶姝よ皟鐢ㄧ珯鐐广€?CheckBox.Checked" 浠呭湪 "windows" 6.1 鍙婃洿楂樼増鏈?涓婂彈鏀寔銆?(https://learn.microsoft.com/dotnet/fundamentals/code-analysis/quality-rules/ca1416) [H:\code\ScreenControl\ScreenControl.csproj]
H:\code\ScreenControl\SettingsForm.cs(33,32): warning CA1416: 鍙湪鎵€鏈夊钩鍙颁笂璁块棶姝よ皟鐢ㄧ珯鐐广€?DialogResult.OK" 浠呭湪 "windows" 6.1 鍙婃洿楂樼増鏈?涓婂彈鏀寔銆?(https://learn.microsoft.com/dotnet/fundamentals/code-analysis/quality-rules/ca1416) [H:\code\ScreenControl\ScreenControl.csproj]
H:\code\ScreenControl\SettingsForm.cs(40,28): warning CA1416: 鍙湪鎵€鏈夊钩鍙颁笂璁块棶姝よ皟鐢ㄧ珯鐐广€?DialogResult.Cancel" 浠呭湪 "windows" 6.1 鍙婃洿楂樼増鏈?涓婂彈鏀寔銆?(https://learn.microsoft.com/dotnet/fundamentals/code-analysis/quality-rules/ca1416) [H:\code\ScreenControl\ScreenControl.csproj]
H:\code\ScreenControl\SettingsForm.cs(34,17): warning CA1416: 鍙湪鎵€鏈夊钩鍙颁笂璁块棶姝よ皟鐢ㄧ珯鐐广€?Form.Close()" 浠呭湪 "windows" 6.1 鍙婃洿楂樼増鏈?涓婂彈鏀寔銆?(https://learn.microsoft.com/dotnet/fundamentals/code-analysis/quality-rules/ca1416) [H:\code\ScreenControl\ScreenControl.csproj]
H:\code\ScreenControl\SettingsForm.cs(41,13): warning CA1416: 鍙湪鎵€鏈夊钩鍙颁笂璁块棶姝よ皟鐢ㄧ珯鐐广€?Form.Close()" 浠呭湪 "windows" 6.1 鍙婃洿楂樼増鏈?涓婂彈鏀寔銆?(https://learn.microsoft.com/dotnet/fundamentals/code-analysis/quality-rules/ca1416) [H:\code\ScreenControl\ScreenControl.csproj]
H:\code\ScreenControl\UpdateDownloader.cs(393,13): warning CA1416: 鍙湪鎵€鏈夊钩鍙颁笂璁块棶姝よ皟鐢ㄧ珯鐐广€?ProgressBar.Value" 浠呭湪 "windows" 6.1 鍙婃洿楂樼増鏈?涓婂彈鏀寔銆?(https://learn.microsoft.com/dotnet/fundamentals/code-analysis/quality-rules/ca1416) [H:\code\ScreenControl\ScreenControl.csproj]
H:\code\ScreenControl\UpdateDownloader.cs(402,13): warning CA1416: 鍙湪鎵€鏈夊钩鍙颁笂璁块棶姝よ皟鐢ㄧ珯鐐广€?Label.Text" 浠呭湪 "windows" 6.1 鍙婃洿楂樼増鏈?涓婂彈鏀寔銆?(https://learn.microsoft.com/dotnet/fundamentals/code-analysis/quality-rules/ca1416) [H:\code\ScreenControl\ScreenControl.csproj]
H:\code\ScreenControl\SettingsForm.cs(55,17): warning CA1416: 鍙湪鎵€鏈夊钩鍙颁笂璁块棶姝よ皟鐢ㄧ珯鐐广€?MessageBox.Show(string?, string?, MessageBoxButtons, MessageBoxIcon)" 浠呭湪 "windows" 6.1 鍙婃洿楂樼増鏈?涓婂彈鏀寔銆?(https://learn.microsoft.com/dotnet/fundamentals/code-analysis/quality-rules/ca1416) [H:\code\ScreenControl\ScreenControl.csproj]
H:\code\ScreenControl\SettingsForm.cs(55,64): warning CA1416: 鍙湪鎵€鏈夊钩鍙颁笂璁块棶姝よ皟鐢ㄧ珯鐐广€?MessageBoxButtons.OK" 浠呭湪 "windows" 6.1 鍙婃洿楂樼増鏈?涓婂彈鏀寔銆?(https://learn.microsoft.com/dotnet/fundamentals/code-analysis/quality-rules/ca1416) [H:\code\ScreenControl\ScreenControl.csproj]
H:\code\ScreenControl\SettingsForm.cs(55,86): warning CA1416: 鍙湪鎵€鏈夊钩鍙颁笂璁块棶姝よ皟鐢ㄧ珯鐐广€?MessageBoxIcon.Error" 浠呭湪 "windows" 6.1 鍙婃洿楂樼増鏈?涓婂彈鏀寔銆?(https://learn.microsoft.com/dotnet/fundamentals/code-analysis/quality-rules/ca1416) [H:\code\ScreenControl\ScreenControl.csproj]
H:\code\ScreenControl\SettingsForm.cs(49,33): warning CA1416: 鍙湪鎵€鏈夊钩鍙颁笂璁块棶姝よ皟鐢ㄧ珯鐐广€?CheckBox.Checked" 浠呭湪 "windows" 6.1 鍙婃洿楂樼増鏈?涓婂彈鏀寔銆?(https://learn.microsoft.com/dotnet/fundamentals/code-analysis/quality-rules/ca1416) [H:\code\ScreenControl\ScreenControl.csproj]
H:\code\ScreenControl\SettingsForm.cs(76,13): warning CA1416: 鍙湪鎵€鏈夊钩鍙颁笂璁块棶姝よ皟鐢ㄧ珯鐐广€?Form.Dispose(bool)" 浠呭湪 "windows" 6.1 鍙婃洿楂樼増鏈?涓婂彈鏀寔銆?(https://learn.microsoft.com/dotnet/fundamentals/code-analysis/quality-rules/ca1416) [H:\code\ScreenControl\ScreenControl.csproj]
H:\code\ScreenControl\UpdateDownloader.cs(383,13): warning CA1416: 鍙湪鎵€鏈夊钩鍙颁笂璁块棶姝よ皟鐢ㄧ珯鐐广€?Control.ControlCollection.Add(Control?)" 浠呭湪 "windows" 6.1 鍙婃洿楂樼増鏈?涓婂彈鏀寔銆?(https://learn.microsoft.com/dotnet/fundamentals/code-analysis/quality-rules/ca1416) [H:\code\ScreenControl\ScreenControl.csproj]
H:\code\ScreenControl\UpdateDownloader.cs(363,13): warning CA1416: 鍙湪鎵€鏈夊钩鍙颁笂璁块棶姝よ皟鐢ㄧ珯鐐广€?Form.StartPosition" 浠呭湪 "windows" 6.1 鍙婃洿楂樼増鏈?涓婂彈鏀寔銆?(https://learn.microsoft.com/dotnet/fundamentals/code-analysis/quality-rules/ca1416) [H:\code\ScreenControl\ScreenControl.csproj]
H:\code\ScreenControl\UpdateDownloader.cs(362,13): warning CA1416: 鍙湪鎵€鏈夊钩鍙颁笂璁块棶姝よ皟鐢ㄧ珯鐐广€?Form.Size" 浠呭湪 "windows" 6.1 鍙婃洿楂樼増鏈?涓婂彈鏀寔銆?(https://learn.microsoft.com/dotnet/fundamentals/code-analysis/quality-rules/ca1416) [H:\code\ScreenControl\ScreenControl.csproj]
H:\code\ScreenControl\UpdateDownloader.cs(366,13): warning CA1416: 鍙湪鎵€鏈夊钩鍙颁笂璁块棶姝よ皟鐢ㄧ珯鐐广€?Form.MinimizeBox" 浠呭湪 "windows" 6.1 鍙婃洿楂樼増鏈?涓婂彈鏀寔銆?(https://learn.microsoft.com/dotnet/fundamentals/code-analysis/quality-rules/ca1416) [H:\code\ScreenControl\ScreenControl.csproj]
H:\code\ScreenControl\UpdateDownloader.cs(372,13): warning CA1416: 鍙湪鎵€鏈夊钩鍙颁笂璁块棶姝よ皟鐢ㄧ珯鐐广€?ProgressBar.Minimum" 浠呭湪 "windows" 6.1 鍙婃洿楂樼増鏈?涓婂彈鏀寔銆?(https://learn.microsoft.com/dotnet/fundamentals/code-analysis/quality-rules/ca1416) [H:\code\ScreenControl\ScreenControl.csproj]
H:\code\ScreenControl\UpdateDownloader.cs(384,13): warning CA1416: 鍙湪鎵€鏈夊钩鍙颁笂璁块棶姝よ皟鐢ㄧ珯鐐广€?Control.Controls" 浠呭湪 "windows" 6.1 鍙婃洿楂樼増鏈?涓婂彈鏀寔銆?(https://learn.microsoft.com/dotnet/fundamentals/code-analysis/quality-rules/ca1416) [H:\code\ScreenControl\ScreenControl.csproj]
H:\code\ScreenControl\UpdateDownloader.cs(364,36): warning CA1416: 鍙湪鎵€鏈夊钩鍙颁笂璁块棶姝よ皟鐢ㄧ珯鐐广€?FormBorderStyle.FixedDialog" 浠呭湪 "windows" 6.1 鍙婃洿楂樼増鏈?涓婂彈鏀寔銆?(https://learn.microsoft.com/dotnet/fundamentals/code-analysis/quality-rules/ca1416) [H:\code\ScreenControl\ScreenControl.csproj]
H:\code\ScreenControl\UpdateDownloader.cs(373,13): warning CA1416: 鍙湪鎵€鏈夊钩鍙颁笂璁块棶姝よ皟鐢ㄧ珯鐐广€?ProgressBar.Maximum" 浠呭湪 "windows" 6.1 鍙婃洿楂樼増鏈?涓婂彈鏀寔銆?(https://learn.microsoft.com/dotnet/fundamentals/code-analysis/quality-rules/ca1416) [H:\code\ScreenControl\ScreenControl.csproj]
H:\code\ScreenControl\UpdateDownloader.cs(369,28): warning CA1416: 鍙湪鎵€鏈夊钩鍙颁笂璁块棶姝よ皟鐢ㄧ珯鐐广€?ProgressBar" 浠呭湪 "windows" 6.1 鍙婃洿楂樼増鏈?涓婂彈鏀寔銆?(https://learn.microsoft.com/dotnet/fundamentals/code-analysis/quality-rules/ca1416) [H:\code\ScreenControl\ScreenControl.csproj]
H:\code\ScreenControl\UpdateDownloader.cs(365,13): warning CA1416: 鍙湪鎵€鏈夊钩鍙颁笂璁块棶姝よ皟鐢ㄧ珯鐐广€?Form.MaximizeBox" 浠呭湪 "windows" 6.1 鍙婃洿楂樼増鏈?涓婂彈鏀寔銆?(https://learn.microsoft.com/dotnet/fundamentals/code-analysis/quality-rules/ca1416) [H:\code\ScreenControl\ScreenControl.csproj]
H:\code\ScreenControl\UpdateDownloader.cs(378,13): warning CA1416: 鍙湪鎵€鏈夊钩鍙颁笂璁块棶姝よ皟鐢ㄧ珯鐐广€?Control.Size" 浠呭湪 "windows" 6.1 鍙婃洿楂樼増鏈?涓婂彈鏀寔銆?(https://learn.microsoft.com/dotnet/fundamentals/code-analysis/quality-rules/ca1416) [H:\code\ScreenControl\ScreenControl.csproj]
H:\code\ScreenControl\UpdateDownloader.cs(363,34): warning CA1416: 鍙湪鎵€鏈夊钩鍙颁笂璁块棶姝よ皟鐢ㄧ珯鐐广€?FormStartPosition.CenterParent" 浠呭湪 "windows" 6.1 鍙婃洿楂樼増鏈?涓婂彈鏀寔銆?(https://learn.microsoft.com/dotnet/fundamentals/code-analysis/quality-rules/ca1416) [H:\code\ScreenControl\ScreenControl.csproj]
H:\code\ScreenControl\UpdateDownloader.cs(376,28): warning CA1416: 鍙湪鎵€鏈夊钩鍙颁笂璁块棶姝よ皟鐢ㄧ珯鐐广€?Label" 浠呭湪 "windows" 6.1 鍙婃洿楂樼増鏈?涓婂彈鏀寔銆?(https://learn.microsoft.com/dotnet/fundamentals/code-analysis/quality-rules/ca1416) [H:\code\ScreenControl\ScreenControl.csproj]
H:\code\ScreenControl\UpdateDownloader.cs(383,13): warning CA1416: 鍙湪鎵€鏈夊钩鍙颁笂璁块棶姝よ皟鐢ㄧ珯鐐广€?Control.Controls" 浠呭湪 "windows" 6.1 鍙婃洿楂樼増鏈?涓婂彈鏀寔銆?(https://learn.microsoft.com/dotnet/fundamentals/code-analysis/quality-rules/ca1416) [H:\code\ScreenControl\ScreenControl.csproj]
H:\code\ScreenControl\UpdateDownloader.cs(380,13): warning CA1416: 鍙湪鎵€鏈夊钩鍙颁笂璁块棶姝よ皟鐢ㄧ珯鐐广€?Label.Text" 浠呭湪 "windows" 6.1 鍙婃洿楂樼増鏈?涓婂彈鏀寔銆?(https://learn.microsoft.com/dotnet/fundamentals/code-analysis/quality-rules/ca1416) [H:\code\ScreenControl\ScreenControl.csproj]
H:\code\ScreenControl\UpdateDownloader.cs(377,13): warning CA1416: 鍙湪鎵€鏈夊钩鍙颁笂璁块棶姝よ皟鐢ㄧ珯鐐广€?Control.Location" 浠呭湪 "windows" 6.1 鍙婃洿楂樼増鏈?涓婂彈鏀寔銆?(https://learn.microsoft.com/dotnet/fundamentals/code-analysis/quality-rules/ca1416) [H:\code\ScreenControl\ScreenControl.csproj]
H:\code\ScreenControl\UpdateDownloader.cs(384,13): warning CA1416: 鍙湪鎵€鏈夊钩鍙颁笂璁块棶姝よ皟鐢ㄧ珯鐐广€?Control.ControlCollection.Add(Control?)" 浠呭湪 "windows" 6.1 鍙婃洿楂樼増鏈?涓婂彈鏀寔銆?(https://learn.microsoft.com/dotnet/fundamentals/code-analysis/quality-rules/ca1416) [H:\code\ScreenControl\ScreenControl.csproj]
H:\code\ScreenControl\UpdateDownloader.cs(379,38): warning CA1416: 鍙湪鎵€鏈夊钩鍙颁笂璁块棶姝よ皟鐢ㄧ珯鐐广€?ContentAlignment.MiddleCenter" 浠呭湪 "windows" 6.1 鍙婃洿楂樼増鏈?涓婂彈鏀寔銆?(https://learn.microsoft.com/dotnet/fundamentals/code-analysis/quality-rules/ca1416) [H:\code\ScreenControl\ScreenControl.csproj]
H:\code\ScreenControl\UpdateDownloader.cs(371,13): warning CA1416: 鍙湪鎵€鏈夊钩鍙颁笂璁块棶姝よ皟鐢ㄧ珯鐐广€?Control.Size" 浠呭湪 "windows" 6.1 鍙婃洿楂樼増鏈?涓婂彈鏀寔銆?(https://learn.microsoft.com/dotnet/fundamentals/code-analysis/quality-rules/ca1416) [H:\code\ScreenControl\ScreenControl.csproj]
H:\code\ScreenControl\UpdateDownloader.cs(364,13): warning CA1416: 鍙湪鎵€鏈夊钩鍙颁笂璁块棶姝よ皟鐢ㄧ珯鐐广€?Form.FormBorderStyle" 浠呭湪 "windows" 6.1 鍙婃洿楂樼増鏈?涓婂彈鏀寔銆?(https://learn.microsoft.com/dotnet/fundamentals/code-analysis/quality-rules/ca1416) [H:\code\ScreenControl\ScreenControl.csproj]
H:\code\ScreenControl\UpdateDownloader.cs(370,13): warning CA1416: 鍙湪鎵€鏈夊钩鍙颁笂璁块棶姝よ皟鐢ㄧ珯鐐广€?Control.Location" 浠呭湪 "windows" 6.1 鍙婃洿楂樼増鏈?涓婂彈鏀寔銆?(https://learn.microsoft.com/dotnet/fundamentals/code-analysis/quality-rules/ca1416) [H:\code\ScreenControl\ScreenControl.csproj]
H:\code\ScreenControl\UpdateDownloader.cs(379,13): warning CA1416: 鍙湪鎵€鏈夊钩鍙颁笂璁块棶姝よ皟鐢ㄧ珯鐐广€?Label.TextAlign" 浠呭湪 "windows" 6.1 鍙婃洿楂樼増鏈?涓婂彈鏀寔銆?(https://learn.microsoft.com/dotnet/fundamentals/code-analysis/quality-rules/ca1416) [H:\code\ScreenControl\ScreenControl.csproj]
H:\code\ScreenControl\UpdateDownloader.cs(361,13): warning CA1416: 鍙湪鎵€鏈夊钩鍙颁笂璁块棶姝よ皟鐢ㄧ珯鐐广€?Form.Text" 浠呭湪 "windows" 6.1 鍙婃洿楂樼増鏈?涓婂彈鏀寔銆?(https://learn.microsoft.com/dotnet/fundamentals/code-analysis/quality-rules/ca1416) [H:\code\ScreenControl\ScreenControl.csproj]
H:\code\ScreenControl\AutoUpdateManager.cs(60,21): warning CA1416: 鍙湪鎵€鏈夊钩鍙颁笂璁块棶姝よ皟鐢ㄧ珯鐐广€?Control.Invoke(Delegate)" 浠呭湪 "windows" 6.1 鍙婃洿楂樼増鏈?涓婂彈鏀寔銆?(https://learn.microsoft.com/dotnet/fundamentals/code-analysis/quality-rules/ca1416) [H:\code\ScreenControl\ScreenControl.csproj]
H:\code\ScreenControl\SettingsForm.cs(100,13): warning CA1416: 鍙湪鎵€鏈夊钩鍙颁笂璁块棶姝よ皟鐢ㄧ珯鐐广€?ButtonBase.AutoSize" 浠呭湪 "windows" 6.1 鍙婃洿楂樼増鏈?涓婂彈鏀寔銆?(https://learn.microsoft.com/dotnet/fundamentals/code-analysis/quality-rules/ca1416) [H:\code\ScreenControl\ScreenControl.csproj]
H:\code\ScreenControl\SettingsForm.cs(93,13): warning CA1416: 鍙湪鎵€鏈夊钩鍙颁笂璁块棶姝よ皟鐢ㄧ珯鐐广€?Control.Size" 浠呭湪 "windows" 6.1 鍙婃洿楂樼増鏈?涓婂彈鏀寔銆?(https://learn.microsoft.com/dotnet/fundamentals/code-analysis/quality-rules/ca1416) [H:\code\ScreenControl\ScreenControl.csproj]
H:\code\ScreenControl\SettingsForm.cs(144,13): warning CA1416: 鍙湪鎵€鏈夊钩鍙颁笂璁块棶姝よ皟鐢ㄧ珯鐐广€?Control.ResumeLayout(bool)" 浠呭湪 "windows" 6.1 鍙婃洿楂樼増鏈?涓婂彈鏀寔銆?(https://learn.microsoft.com/dotnet/fundamentals/code-analysis/quality-rules/ca1416) [H:\code\ScreenControl\ScreenControl.csproj]
H:\code\ScreenControl\SettingsForm.cs(84,30): warning CA1416: 鍙湪鎵€鏈夊钩鍙颁笂璁块棶姝よ皟鐢ㄧ珯鐐广€?Button" 浠呭湪 "windows" 6.1 鍙婃洿楂樼増鏈?涓婂彈鏀寔銆?(https://learn.microsoft.com/dotnet/fundamentals/code-analysis/quality-rules/ca1416) [H:\code\ScreenControl\ScreenControl.csproj]
H:\code\ScreenControl\SettingsForm.cs(137,13): warning CA1416: 鍙湪鎵€鏈夊钩鍙颁笂璁块棶姝よ皟鐢ㄧ珯鐐广€?Form.MaximizeBox" 浠呭湪 "windows" 6.1 鍙婃洿楂樼増鏈?涓婂彈鏀寔銆?(https://learn.microsoft.com/dotnet/fundamentals/code-analysis/quality-rules/ca1416) [H:\code\ScreenControl\ScreenControl.csproj]
H:\code\ScreenControl\SettingsForm.cs(133,13): warning CA1416: 鍙湪鎵€鏈夊钩鍙颁笂璁块棶姝よ皟鐢ㄧ珯鐐广€?Control.Controls" 浠呭湪 "windows" 6.1 鍙婃洿楂樼増鏈?涓婂彈鏀寔銆?(https://learn.microsoft.com/dotnet/fundamentals/code-analysis/quality-rules/ca1416) [H:\code\ScreenControl\ScreenControl.csproj]
H:\code\ScreenControl\SettingsForm.cs(95,13): warning CA1416: 鍙湪鎵€鏈夊钩鍙颁笂璁块棶姝よ皟鐢ㄧ珯鐐广€?GroupBox.TabStop" 浠呭湪 "windows" 6.1 鍙婃洿楂樼増鏈?涓婂彈鏀寔銆?(https://learn.microsoft.com/dotnet/fundamentals/code-analysis/quality-rules/ca1416) [H:\code\ScreenControl\ScreenControl.csproj]
H:\code\ScreenControl\SettingsForm.cs(105,13): warning CA1416: 鍙湪鎵€鏈夊钩鍙颁笂璁块棶姝よ皟鐢ㄧ珯鐐广€?ButtonBase.Text" 浠呭湪 "windows" 6.1 鍙婃洿楂樼増鏈?涓婂彈鏀寔銆?(https://learn.microsoft.com/dotnet/fundamentals/code-analysis/quality-rules/ca1416) [H:\code\ScreenControl\ScreenControl.csproj]
H:\code\ScreenControl\SettingsForm.cs(82,37): warning CA1416: 鍙湪鎵€鏈夊钩鍙颁笂璁块棶姝よ皟鐢ㄧ珯鐐广€?CheckBox" 浠呭湪 "windows" 6.1 鍙婃洿楂樼増鏈?涓婂彈鏀寔銆?(https://learn.microsoft.com/dotnet/fundamentals/code-analysis/quality-rules/ca1416) [H:\code\ScreenControl\ScreenControl.csproj]
H:\code\ScreenControl\SettingsForm.cs(132,13): warning CA1416: 鍙湪鎵€鏈夊钩鍙颁笂璁块棶姝よ皟鐢ㄧ珯鐐广€?Form.ClientSize" 浠呭湪 "windows" 6.1 鍙婃洿楂樼増鏈?涓婂彈鏀寔銆?(https://learn.microsoft.com/dotnet/fundamentals/code-analysis/quality-rules/ca1416) [H:\code\ScreenControl\ScreenControl.csproj]
H:\code\ScreenControl\SettingsForm.cs(116,13): warning CA1416: 鍙湪鎵€鏈夊钩鍙颁笂璁块棶姝よ皟鐢ㄧ珯鐐广€?Control.Click" 浠呭湪 "windows" 6.1 鍙婃洿楂樼増鏈?涓婂彈鏀寔銆?(https://learn.microsoft.com/dotnet/fundamentals/code-analysis/quality-rules/ca1416) [H:\code\ScreenControl\ScreenControl.csproj]
H:\code\ScreenControl\SettingsForm.cs(96,13): warning CA1416: 鍙湪鎵€鏈夊钩鍙颁笂璁块棶姝よ皟鐢ㄧ珯鐐广€?GroupBox.Text" 浠呭湪 "windows" 6.1 鍙婃洿楂樼増鏈?涓婂彈鏀寔銆?(https://learn.microsoft.com/dotnet/fundamentals/code-analysis/quality-rules/ca1416) [H:\code\ScreenControl\ScreenControl.csproj]
H:\code\ScreenControl\SettingsForm.cs(112,13): warning CA1416: 鍙湪鎵€鏈夊钩鍙颁笂璁块棶姝よ皟鐢ㄧ珯鐐广€?Control.Size" 浠呭湪 "windows" 6.1 鍙婃洿楂樼増鏈?涓婂彈鏀寔銆?(https://learn.microsoft.com/dotnet/fundamentals/code-analysis/quality-rules/ca1416) [H:\code\ScreenControl\ScreenControl.csproj]
H:\code\ScreenControl\SettingsForm.cs(103,13): warning CA1416: 鍙湪鎵€鏈夊钩鍙颁笂璁块棶姝よ皟鐢ㄧ珯鐐广€?Control.Size" 浠呭湪 "windows" 6.1 鍙婃洿楂樼増鏈?涓婂彈鏀寔銆?(https://learn.microsoft.com/dotnet/fundamentals/code-analysis/quality-rules/ca1416) [H:\code\ScreenControl\ScreenControl.csproj]
H:\code\ScreenControl\SettingsForm.cs(131,13): warning CA1416: 鍙湪鎵€鏈夊钩鍙颁笂璁块棶姝よ皟鐢ㄧ珯鐐广€?ContainerControl.AutoScaleMode" 浠呭湪 "windows" 6.1 鍙婃洿楂樼増鏈?涓婂彈鏀寔銆?(https://learn.microsoft.com/dotnet/fundamentals/code-analysis/quality-rules/ca1416) [H:\code\ScreenControl\ScreenControl.csproj]
H:\code\ScreenControl\SettingsForm.cs(133,13): warning CA1416: 鍙湪鎵€鏈夊钩鍙颁笂璁块棶姝よ皟鐢ㄧ珯鐐广€?Control.ControlCollection.Add(Control?)" 浠呭湪 "windows" 6.1 鍙婃洿楂樼増鏈?涓婂彈鏀寔銆?(https://learn.microsoft.com/dotnet/fundamentals/code-analysis/quality-rules/ca1416) [H:\code\ScreenControl\ScreenControl.csproj]
H:\code\ScreenControl\SettingsForm.cs(110,13): warning CA1416: 鍙湪鎵€鏈夊钩鍙颁笂璁块棶姝よ皟鐢ㄧ珯鐐广€?Control.Location" 浠呭湪 "windows" 6.1 鍙婃洿楂樼増鏈?涓婂彈鏀寔銆?(https://learn.microsoft.com/dotnet/fundamentals/code-analysis/quality-rules/ca1416) [H:\code\ScreenControl\ScreenControl.csproj]
H:\code\ScreenControl\SettingsForm.cs(101,13): warning CA1416: 鍙湪鎵€鏈夊钩鍙颁笂璁块棶姝よ皟鐢ㄧ珯鐐广€?Control.Location" 浠呭湪 "windows" 6.1 鍙婃洿楂樼増鏈?涓婂彈鏀寔銆?(https://learn.microsoft.com/dotnet/fundamentals/code-analysis/quality-rules/ca1416) [H:\code\ScreenControl\ScreenControl.csproj]
H:\code\ScreenControl\SettingsForm.cs(104,13): warning CA1416: 鍙湪鎵€鏈夊钩鍙颁笂璁块棶姝よ皟鐢ㄧ珯鐐广€?Control.TabIndex" 浠呭湪 "windows" 6.1 鍙婃洿楂樼増鏈?涓婂彈鏀寔銆?(https://learn.microsoft.com/dotnet/fundamentals/code-analysis/quality-rules/ca1416) [H:\code\ScreenControl\ScreenControl.csproj]
H:\code\ScreenControl\SettingsForm.cs(135,13): warning CA1416: 鍙湪鎵€鏈夊钩鍙颁笂璁块棶姝よ皟鐢ㄧ珯鐐广€?Control.ControlCollection.Add(Control?)" 浠呭湪 "windows" 6.1 鍙婃洿楂樼増鏈?涓婂彈鏀寔銆?(https://learn.microsoft.com/dotnet/fundamentals/code-analysis/quality-rules/ca1416) [H:\code\ScreenControl\ScreenControl.csproj]
H:\code\ScreenControl\SettingsForm.cs(131,34): warning CA1416: 鍙湪鎵€鏈夊钩鍙颁笂璁块棶姝よ皟鐢ㄧ珯鐐广€?AutoScaleMode.Font" 浠呭湪 "windows" 6.1 鍙婃洿楂樼増鏈?涓婂彈鏀寔銆?(https://learn.microsoft.com/dotnet/fundamentals/code-analysis/quality-rules/ca1416) [H:\code\ScreenControl\ScreenControl.csproj]
H:\code\ScreenControl\SettingsForm.cs(91,13): warning CA1416: 鍙湪鎵€鏈夊钩鍙颁笂璁块棶姝よ皟鐢ㄧ珯鐐广€?Control.Location" 浠呭湪 "windows" 6.1 鍙婃洿楂樼増鏈?涓婂彈鏀寔銆?(https://learn.microsoft.com/dotnet/fundamentals/code-analysis/quality-rules/ca1416) [H:\code\ScreenControl\ScreenControl.csproj]
H:\code\ScreenControl\SettingsForm.cs(85,13): warning CA1416: 鍙湪鎵€鏈夊钩鍙颁笂璁块棶姝よ皟鐢ㄧ珯鐐广€?Control.SuspendLayout()" 浠呭湪 "windows" 6.1 鍙婃洿楂樼増鏈?涓婂彈鏀寔銆?(https://learn.microsoft.com/dotnet/fundamentals/code-analysis/quality-rules/ca1416) [H:\code\ScreenControl\ScreenControl.csproj]
H:\code\ScreenControl\SettingsForm.cs(125,13): warning CA1416: 鍙湪鎵€鏈夊钩鍙颁笂璁块棶姝よ皟鐢ㄧ珯鐐广€?ButtonBase.UseVisualStyleBackColor" 浠呭湪 "windows" 6.1 鍙婃洿楂樼増鏈?涓婂彈鏀寔銆?(https://learn.microsoft.com/dotnet/fundamentals/code-analysis/quality-rules/ca1416) [H:\code\ScreenControl\ScreenControl.csproj]
H:\code\ScreenControl\SettingsForm.cs(115,13): warning CA1416: 鍙湪鎵€鏈夊钩鍙颁笂璁块棶姝よ皟鐢ㄧ珯鐐广€?ButtonBase.UseVisualStyleBackColor" 浠呭湪 "windows" 6.1 鍙婃洿楂樼増鏈?涓婂彈鏀寔銆?(https://learn.microsoft.com/dotnet/fundamentals/code-analysis/quality-rules/ca1416) [H:\code\ScreenControl\ScreenControl.csproj]
H:\code\ScreenControl\SettingsForm.cs(124,13): warning CA1416: 鍙湪鎵€鏈夊钩鍙颁笂璁块棶姝よ皟鐢ㄧ珯鐐广€?ButtonBase.Text" 浠呭湪 "windows" 6.1 鍙婃洿楂樼増鏈?涓婂彈鏀寔銆?(https://learn.microsoft.com/dotnet/fundamentals/code-analysis/quality-rules/ca1416) [H:\code\ScreenControl\ScreenControl.csproj]
H:\code\ScreenControl\SettingsForm.cs(111,13): warning CA1416: 鍙湪鎵€鏈夊钩鍙颁笂璁块棶姝よ皟鐢ㄧ珯鐐广€?Control.Name" 浠呭湪 "windows" 6.1 鍙婃洿楂樼増鏈?涓婂彈鏀寔銆?(https://learn.microsoft.com/dotnet/fundamentals/code-analysis/quality-rules/ca1416) [H:\code\ScreenControl\ScreenControl.csproj]
H:\code\ScreenControl\SettingsForm.cs(113,13): warning CA1416: 鍙湪鎵€鏈夊钩鍙颁笂璁块棶姝よ皟鐢ㄧ珯鐐广€?Control.TabIndex" 浠呭湪 "windows" 6.1 鍙婃洿楂樼増鏈?涓婂彈鏀寔銆?(https://learn.microsoft.com/dotnet/fundamentals/code-analysis/quality-rules/ca1416) [H:\code\ScreenControl\ScreenControl.csproj]
H:\code\ScreenControl\SettingsForm.cs(102,13): warning CA1416: 鍙湪鎵€鏈夊钩鍙颁笂璁块棶姝よ皟鐢ㄧ珯鐐广€?Control.Name" 浠呭湪 "windows" 6.1 鍙婃洿楂樼増鏈?涓婂彈鏀寔銆?(https://learn.microsoft.com/dotnet/fundamentals/code-analysis/quality-rules/ca1416) [H:\code\ScreenControl\ScreenControl.csproj]
H:\code\ScreenControl\SettingsForm.cs(120,13): warning CA1416: 鍙湪鎵€鏈夊钩鍙颁笂璁块棶姝よ皟鐢ㄧ珯鐐广€?Control.Location" 浠呭湪 "windows" 6.1 鍙婃洿楂樼増鏈?涓婂彈鏀寔銆?(https://learn.microsoft.com/dotnet/fundamentals/code-analysis/quality-rules/ca1416) [H:\code\ScreenControl\ScreenControl.csproj]
H:\code\ScreenControl\SettingsForm.cs(138,13): warning CA1416: 鍙湪鎵€鏈夊钩鍙颁笂璁块棶姝よ皟鐢ㄧ珯鐐广€?Form.MinimizeBox" 浠呭湪 "windows" 6.1 鍙婃洿楂樼増鏈?涓婂彈鏀寔銆?(https://learn.microsoft.com/dotnet/fundamentals/code-analysis/quality-rules/ca1416) [H:\code\ScreenControl\ScreenControl.csproj]
H:\code\ScreenControl\SettingsForm.cs(140,34): warning CA1416: 鍙湪鎵€鏈夊钩鍙颁笂璁块棶姝よ皟鐢ㄧ珯鐐广€?FormStartPosition.CenterParent" 浠呭湪 "windows" 6.1 鍙婃洿楂樼増鏈?涓婂彈鏀寔銆?(https://learn.microsoft.com/dotnet/fundamentals/code-analysis/quality-rules/ca1416) [H:\code\ScreenControl\ScreenControl.csproj]
H:\code\ScreenControl\SettingsForm.cs(136,36): warning CA1416: 鍙湪鎵€鏈夊钩鍙颁笂璁块棶姝よ皟鐢ㄧ珯鐐广€?FormBorderStyle.FixedDialog" 浠呭湪 "windows" 6.1 鍙婃洿楂樼増鏈?涓婂彈鏀寔銆?(https://learn.microsoft.com/dotnet/fundamentals/code-analysis/quality-rules/ca1416) [H:\code\ScreenControl\ScreenControl.csproj]
H:\code\ScreenControl\SettingsForm.cs(114,13): warning CA1416: 鍙湪鎵€鏈夊钩鍙颁笂璁块棶姝よ皟鐢ㄧ珯鐐广€?ButtonBase.Text" 浠呭湪 "windows" 6.1 鍙婃洿楂樼増鏈?涓婂彈鏀寔銆?(https://learn.microsoft.com/dotnet/fundamentals/code-analysis/quality-rules/ca1416) [H:\code\ScreenControl\ScreenControl.csproj]
H:\code\ScreenControl\SettingsForm.cs(83,26): warning CA1416: 鍙湪鎵€鏈夊钩鍙颁笂璁块棶姝よ皟鐢ㄧ珯鐐广€?Button" 浠呭湪 "windows" 6.1 鍙婃洿楂樼増鏈?涓婂彈鏀寔銆?(https://learn.microsoft.com/dotnet/fundamentals/code-analysis/quality-rules/ca1416) [H:\code\ScreenControl\ScreenControl.csproj]
H:\code\ScreenControl\SettingsForm.cs(135,13): warning CA1416: 鍙湪鎵€鏈夊钩鍙颁笂璁块棶姝よ皟鐢ㄧ珯鐐广€?Control.Controls" 浠呭湪 "windows" 6.1 鍙婃洿楂樼増鏈?涓婂彈鏀寔銆?(https://learn.microsoft.com/dotnet/fundamentals/code-analysis/quality-rules/ca1416) [H:\code\ScreenControl\ScreenControl.csproj]
H:\code\ScreenControl\SettingsForm.cs(136,13): warning CA1416: 鍙湪鎵€鏈夊钩鍙颁笂璁块棶姝よ皟鐢ㄧ珯鐐广€?Form.FormBorderStyle" 浠呭湪 "windows" 6.1 鍙婃洿楂樼増鏈?涓婂彈鏀寔銆?(https://learn.microsoft.com/dotnet/fundamentals/code-analysis/quality-rules/ca1416) [H:\code\ScreenControl\ScreenControl.csproj]
H:\code\ScreenControl\SettingsForm.cs(134,13): warning CA1416: 鍙湪鎵€鏈夊钩鍙颁笂璁块棶姝よ皟鐢ㄧ珯鐐广€?Control.ControlCollection.Add(Control?)" 浠呭湪 "windows" 6.1 鍙婃洿楂樼増鏈?涓婂彈鏀寔銆?(https://learn.microsoft.com/dotnet/fundamentals/code-analysis/quality-rules/ca1416) [H:\code\ScreenControl\ScreenControl.csproj]
H:\code\ScreenControl\SettingsForm.cs(90,13): warning CA1416: 鍙湪鎵€鏈夊钩鍙颁笂璁块棶姝よ皟鐢ㄧ珯鐐广€?Control.ControlCollection.Add(Control?)" 浠呭湪 "windows" 6.1 鍙婃洿楂樼増鏈?涓婂彈鏀寔銆?(https://learn.microsoft.com/dotnet/fundamentals/code-analysis/quality-rules/ca1416) [H:\code\ScreenControl\ScreenControl.csproj]
H:\code\ScreenControl\SettingsForm.cs(143,13): warning CA1416: 鍙湪鎵€鏈夊钩鍙颁笂璁块棶姝よ皟鐢ㄧ珯鐐广€?Control.PerformLayout()" 浠呭湪 "windows" 6.1 鍙婃洿楂樼増鏈?涓婂彈鏀寔銆?(https://learn.microsoft.com/dotnet/fundamentals/code-analysis/quality-rules/ca1416) [H:\code\ScreenControl\ScreenControl.csproj]
H:\code\ScreenControl\SettingsForm.cs(140,13): warning CA1416: 鍙湪鎵€鏈夊钩鍙颁笂璁块棶姝よ皟鐢ㄧ珯鐐广€?Form.StartPosition" 浠呭湪 "windows" 6.1 鍙婃洿楂樼増鏈?涓婂彈鏀寔銆?(https://learn.microsoft.com/dotnet/fundamentals/code-analysis/quality-rules/ca1416) [H:\code\ScreenControl\ScreenControl.csproj]
H:\code\ScreenControl\SettingsForm.cs(94,13): warning CA1416: 鍙湪鎵€鏈夊钩鍙颁笂璁块棶姝よ皟鐢ㄧ珯鐐广€?Control.TabIndex" 浠呭湪 "windows" 6.1 鍙婃洿楂樼増鏈?涓婂彈鏀寔銆?(https://learn.microsoft.com/dotnet/fundamentals/code-analysis/quality-rules/ca1416) [H:\code\ScreenControl\ScreenControl.csproj]
H:\code\ScreenControl\SettingsForm.cs(86,13): warning CA1416: 鍙湪鎵€鏈夊钩鍙颁笂璁块棶姝よ皟鐢ㄧ珯鐐广€?Control.SuspendLayout()" 浠呭湪 "windows" 6.1 鍙婃洿楂樼増鏈?涓婂彈鏀寔銆?(https://learn.microsoft.com/dotnet/fundamentals/code-analysis/quality-rules/ca1416) [H:\code\ScreenControl\ScreenControl.csproj]
H:\code\ScreenControl\SettingsForm.cs(130,13): warning CA1416: 鍙湪鎵€鏈夊钩鍙颁笂璁块棶姝よ皟鐢ㄧ珯鐐广€?ContainerControl.AutoScaleDimensions" 浠呭湪 "windows" 6.1 鍙婃洿楂樼増鏈?涓婂彈鏀寔銆?(https://learn.microsoft.com/dotnet/fundamentals/code-analysis/quality-rules/ca1416) [H:\code\ScreenControl\ScreenControl.csproj]
H:\code\ScreenControl\SettingsForm.cs(121,13): warning CA1416: 鍙湪鎵€鏈夊钩鍙颁笂璁块棶姝よ皟鐢ㄧ珯鐐广€?Control.Name" 浠呭湪 "windows" 6.1 鍙婃洿楂樼増鏈?涓婂彈鏀寔銆?(https://learn.microsoft.com/dotnet/fundamentals/code-analysis/quality-rules/ca1416) [H:\code\ScreenControl\ScreenControl.csproj]
H:\code\ScreenControl\SettingsForm.cs(123,13): warning CA1416: 鍙湪鎵€鏈夊钩鍙颁笂璁块棶姝よ皟鐢ㄧ珯鐐广€?Control.TabIndex" 浠呭湪 "windows" 6.1 鍙婃洿楂樼増鏈?涓婂彈鏀寔銆?(https://learn.microsoft.com/dotnet/fundamentals/code-analysis/quality-rules/ca1416) [H:\code\ScreenControl\ScreenControl.csproj]
H:\code\ScreenControl\SettingsForm.cs(141,13): warning CA1416: 鍙湪鎵€鏈夊钩鍙颁笂璁块棶姝よ皟鐢ㄧ珯鐐广€?Form.Text" 浠呭湪 "windows" 6.1 鍙婃洿楂樼増鏈?涓婂彈鏀寔銆?(https://learn.microsoft.com/dotnet/fundamentals/code-analysis/quality-rules/ca1416) [H:\code\ScreenControl\ScreenControl.csproj]
H:\code\ScreenControl\SettingsForm.cs(81,30): warning CA1416: 鍙湪鎵€鏈夊钩鍙颁笂璁块棶姝よ皟鐢ㄧ珯鐐广€?GroupBox" 浠呭湪 "windows" 6.1 鍙婃洿楂樼増鏈?涓婂彈鏀寔銆?(https://learn.microsoft.com/dotnet/fundamentals/code-analysis/quality-rules/ca1416) [H:\code\ScreenControl\ScreenControl.csproj]
H:\code\ScreenControl\SettingsForm.cs(126,13): warning CA1416: 鍙湪鎵€鏈夊钩鍙颁笂璁块棶姝よ皟鐢ㄧ珯鐐广€?Control.Click" 浠呭湪 "windows" 6.1 鍙婃洿楂樼増鏈?涓婂彈鏀寔銆?(https://learn.microsoft.com/dotnet/fundamentals/code-analysis/quality-rules/ca1416) [H:\code\ScreenControl\ScreenControl.csproj]
H:\code\ScreenControl\SettingsForm.cs(106,13): warning CA1416: 鍙湪鎵€鏈夊钩鍙颁笂璁块棶姝よ皟鐢ㄧ珯鐐广€?ButtonBase.UseVisualStyleBackColor" 浠呭湪 "windows" 6.1 鍙婃洿楂樼増鏈?涓婂彈鏀寔銆?(https://learn.microsoft.com/dotnet/fundamentals/code-analysis/quality-rules/ca1416) [H:\code\ScreenControl\ScreenControl.csproj]
H:\code\ScreenControl\SettingsForm.cs(92,13): warning CA1416: 鍙湪鎵€鏈夊钩鍙颁笂璁块棶姝よ皟鐢ㄧ珯鐐广€?Control.Name" 浠呭湪 "windows" 6.1 鍙婃洿楂樼増鏈?涓婂彈鏀寔銆?(https://learn.microsoft.com/dotnet/fundamentals/code-analysis/quality-rules/ca1416) [H:\code\ScreenControl\ScreenControl.csproj]
H:\code\ScreenControl\SettingsForm.cs(142,13): warning CA1416: 鍙湪鎵€鏈夊钩鍙颁笂璁块棶姝よ皟鐢ㄧ珯鐐广€?Control.ResumeLayout(bool)" 浠呭湪 "windows" 6.1 鍙婃洿楂樼増鏈?涓婂彈鏀寔銆?(https://learn.microsoft.com/dotnet/fundamentals/code-analysis/quality-rules/ca1416) [H:\code\ScreenControl\ScreenControl.csproj]
H:\code\ScreenControl\SettingsForm.cs(122,13): warning CA1416: 鍙湪鎵€鏈夊钩鍙颁笂璁块棶姝よ皟鐢ㄧ珯鐐广€?Control.Size" 浠呭湪 "windows" 6.1 鍙婃洿楂樼増鏈?涓婂彈鏀寔銆?(https://learn.microsoft.com/dotnet/fundamentals/code-analysis/quality-rules/ca1416) [H:\code\ScreenControl\ScreenControl.csproj]
H:\code\ScreenControl\SettingsForm.cs(134,13): warning CA1416: 鍙湪鎵€鏈夊钩鍙颁笂璁块棶姝よ皟鐢ㄧ珯鐐广€?Control.Controls" 浠呭湪 "windows" 6.1 鍙婃洿楂樼増鏈?涓婂彈鏀寔銆?(https://learn.microsoft.com/dotnet/fundamentals/code-analysis/quality-rules/ca1416) [H:\code\ScreenControl\ScreenControl.csproj]
H:\code\ScreenControl\SettingsForm.cs(139,13): warning CA1416: 鍙湪鎵€鏈夊钩鍙颁笂璁块棶姝よ皟鐢ㄧ珯鐐广€?Control.Name" 浠呭湪 "windows" 6.1 鍙婃洿楂樼増鏈?涓婂彈鏀寔銆?(https://learn.microsoft.com/dotnet/fundamentals/code-analysis/quality-rules/ca1416) [H:\code\ScreenControl\ScreenControl.csproj]
H:\code\ScreenControl\SettingsForm.cs(90,13): warning CA1416: 鍙湪鎵€鏈夊钩鍙颁笂璁块棶姝よ皟鐢ㄧ珯鐐广€?Control.Controls" 浠呭湪 "windows" 6.1 鍙婃洿楂樼増鏈?涓婂彈鏀寔銆?(https://learn.microsoft.com/dotnet/fundamentals/code-analysis/quality-rules/ca1416) [H:\code\ScreenControl\ScreenControl.csproj]
H:\code\ScreenControl\MainForm.cs(170,13): warning CA1416: 鍙湪鎵€鏈夊钩鍙颁笂璁块棶姝よ皟鐢ㄧ珯鐐广€?Form.Close()" 浠呭湪 "windows" 6.1 鍙婃洿楂樼増鏈?涓婂彈鏀寔銆?(https://learn.microsoft.com/dotnet/fundamentals/code-analysis/quality-rules/ca1416) [H:\code\ScreenControl\ScreenControl.csproj]
H:\code\ScreenControl\MainForm.cs(192,17): warning CA1416: 鍙湪鎵€鏈夊钩鍙颁笂璁块棶姝よ皟鐢ㄧ珯鐐广€?Control.Visible" 浠呭湪 "windows" 6.1 鍙婃洿楂樼増鏈?涓婂彈鏀寔銆?(https://learn.microsoft.com/dotnet/fundamentals/code-analysis/quality-rules/ca1416) [H:\code\ScreenControl\ScreenControl.csproj]
H:\code\ScreenControl\MainForm.cs(191,17): warning CA1416: 鍙湪鎵€鏈夊钩鍙颁笂璁块棶姝よ皟鐢ㄧ珯鐐广€?Form.ShowInTaskbar" 浠呭湪 "windows" 6.1 鍙婃洿楂樼増鏈?涓婂彈鏀寔銆?(https://learn.microsoft.com/dotnet/fundamentals/code-analysis/quality-rules/ca1416) [H:\code\ScreenControl\ScreenControl.csproj]
H:\code\ScreenControl\MainForm.cs(206,17): warning CA1416: 鍙湪鎵€鏈夊钩鍙颁笂璁块棶姝よ皟鐢ㄧ珯鐐广€?Application.DoEvents()" 浠呭湪 "windows" 6.1 鍙婃洿楂樼増鏈?涓婂彈鏀寔銆?(https://learn.microsoft.com/dotnet/fundamentals/code-analysis/quality-rules/ca1416) [H:\code\ScreenControl\ScreenControl.csproj]
H:\code\ScreenControl\MainForm.cs(198,37): warning CA1416: 鍙湪鎵€鏈夊钩鍙颁笂璁块棶姝よ皟鐢ㄧ珯鐐广€?Control.Handle" 浠呭湪 "windows" 6.1 鍙婃洿楂樼増鏈?涓婂彈鏀寔銆?(https://learn.microsoft.com/dotnet/fundamentals/code-analysis/quality-rules/ca1416) [H:\code\ScreenControl\ScreenControl.csproj]
H:\code\ScreenControl\MainForm.cs(188,17): warning CA1416: 鍙湪鎵€鏈夊钩鍙颁笂璁块棶姝よ皟鐢ㄧ珯鐐广€?Form.WindowState" 浠呭湪 "windows" 6.1 鍙婃洿楂樼増鏈?涓婂彈鏀寔銆?(https://learn.microsoft.com/dotnet/fundamentals/code-analysis/quality-rules/ca1416) [H:\code\ScreenControl\ScreenControl.csproj]
H:\code\ScreenControl\MainForm.cs(195,17): warning CA1416: 鍙湪鎵€鏈夊钩鍙颁笂璁块棶姝よ皟鐢ㄧ珯鐐广€?Form.Activate()" 浠呭湪 "windows" 6.1 鍙婃洿楂樼増鏈?涓婂彈鏀寔銆?(https://learn.microsoft.com/dotnet/fundamentals/code-analysis/quality-rules/ca1416) [H:\code\ScreenControl\ScreenControl.csproj]
H:\code\ScreenControl\MainForm.cs(204,17): warning CA1416: 鍙湪鎵€鏈夊钩鍙颁笂璁块棶姝よ皟鐢ㄧ珯鐐广€?Form.TopMost" 浠呭湪 "windows" 6.1 鍙婃洿楂樼増鏈?涓婂彈鏀寔銆?(https://learn.microsoft.com/dotnet/fundamentals/code-analysis/quality-rules/ca1416) [H:\code\ScreenControl\ScreenControl.csproj]
H:\code\ScreenControl\MainForm.cs(207,17): warning CA1416: 鍙湪鎵€鏈夊钩鍙颁笂璁块棶姝よ皟鐢ㄧ珯鐐广€?Form.TopMost" 浠呭湪 "windows" 6.1 鍙婃洿楂樼増鏈?涓婂彈鏀寔銆?(https://learn.microsoft.com/dotnet/fundamentals/code-analysis/quality-rules/ca1416) [H:\code\ScreenControl\ScreenControl.csproj]
H:\code\ScreenControl\MainForm.cs(205,17): warning CA1416: 鍙湪鎵€鏈夊钩鍙颁笂璁块棶姝よ皟鐢ㄧ珯鐐广€?Control.Refresh()" 浠呭湪 "windows" 6.1 鍙婃洿楂樼増鏈?涓婂彈鏀寔銆?(https://learn.microsoft.com/dotnet/fundamentals/code-analysis/quality-rules/ca1416) [H:\code\ScreenControl\ScreenControl.csproj]
H:\code\ScreenControl\MainForm.cs(188,36): warning CA1416: 鍙湪鎵€鏈夊钩鍙颁笂璁块棶姝よ皟鐢ㄧ珯鐐广€?FormWindowState.Normal" 浠呭湪 "windows" 6.1 鍙婃洿楂樼増鏈?涓婂彈鏀寔銆?(https://learn.microsoft.com/dotnet/fundamentals/code-analysis/quality-rules/ca1416) [H:\code\ScreenControl\ScreenControl.csproj]
H:\code\ScreenControl\MainForm.cs(201,17): warning CA1416: 鍙湪鎵€鏈夊钩鍙颁笂璁块棶姝よ皟鐢ㄧ珯鐐广€?Control.BringToFront()" 浠呭湪 "windows" 6.1 鍙婃洿楂樼増鏈?涓婂彈鏀寔銆?(https://learn.microsoft.com/dotnet/fundamentals/code-analysis/quality-rules/ca1416) [H:\code\ScreenControl\ScreenControl.csproj]
H:\code\ScreenControl\MainForm.cs(210,17): warning CA1416: 鍙湪鎵€鏈夊钩鍙颁笂璁块棶姝よ皟鐢ㄧ珯鐐广€?Control.Focus()" 浠呭湪 "windows" 6.1 鍙婃洿楂樼増鏈?涓婂彈鏀寔銆?(https://learn.microsoft.com/dotnet/fundamentals/code-analysis/quality-rules/ca1416) [H:\code\ScreenControl\ScreenControl.csproj]
H:\code\ScreenControl\UpdateDownloader.cs(38,13): warning CA1416: 鍙湪鎵€鏈夊钩鍙颁笂璁块棶姝よ皟鐢ㄧ珯鐐广€?Control.Size" 浠呭湪 "windows" 6.1 鍙婃洿楂樼増鏈?涓婂彈鏀寔銆?(https://learn.microsoft.com/dotnet/fundamentals/code-analysis/quality-rules/ca1416) [H:\code\ScreenControl\ScreenControl.csproj]
H:\code\ScreenControl\UpdateDownloader.cs(73,13): warning CA1416: 鍙湪鎵€鏈夊钩鍙颁笂璁块棶姝よ皟鐢ㄧ珯鐐广€?Control.Click" 浠呭湪 "windows" 6.1 鍙婃洿楂樼増鏈?涓婂彈鏀寔銆?(https://learn.microsoft.com/dotnet/fundamentals/code-analysis/quality-rules/ca1416) [H:\code\ScreenControl\ScreenControl.csproj]
H:\code\ScreenControl\UpdateDownloader.cs(51,13): warning CA1416: 鍙湪鎵€鏈夊钩鍙颁笂璁块棶姝よ皟鐢ㄧ珯鐐广€?Control.Size" 浠呭湪 "windows" 6.1 鍙婃洿楂樼増鏈?涓婂彈鏀寔銆?(https://learn.microsoft.com/dotnet/fundamentals/code-analysis/quality-rules/ca1416) [H:\code\ScreenControl\ScreenControl.csproj]
H:\code\ScreenControl\UpdateDownloader.cs(63,13): warning CA1416: 鍙湪鎵€鏈夊钩鍙颁笂璁块棶姝よ皟鐢ㄧ珯鐐广€?Control.ControlCollection.Add(Control?)" 浠呭湪 "windows" 6.1 鍙婃洿楂樼増鏈?涓婂彈鏀寔銆?(https://learn.microsoft.com/dotnet/fundamentals/code-analysis/quality-rules/ca1416) [H:\code\ScreenControl\ScreenControl.csproj]
H:\code\ScreenControl\UpdateDownloader.cs(27,33): warning CA1416: 鍙湪鎵€鏈夊钩鍙颁笂璁块棶姝よ皟鐢ㄧ珯鐐广€?Form" 浠呭湪 "windows" 6.1 鍙婃洿楂樼増鏈?涓婂彈鏀寔銆?(https://learn.microsoft.com/dotnet/fundamentals/code-analysis/quality-rules/ca1416) [H:\code\ScreenControl\ScreenControl.csproj]
H:\code\ScreenControl\UpdateDownloader.cs(62,13): warning CA1416: 鍙湪鎵€鏈夊钩鍙颁笂璁块棶姝よ皟鐢ㄧ珯鐐广€?Control.Controls" 浠呭湪 "windows" 6.1 鍙婃洿楂樼増鏈?涓婂彈鏀寔銆?(https://learn.microsoft.com/dotnet/fundamentals/code-analysis/quality-rules/ca1416) [H:\code\ScreenControl\ScreenControl.csproj]
H:\code\ScreenControl\UpdateDownloader.cs(39,13): warning CA1416: 鍙湪鎵€鏈夊钩鍙颁笂璁块棶姝よ皟鐢ㄧ珯鐐广€?Label.Text" 浠呭湪 "windows" 6.1 鍙婃洿楂樼増鏈?涓婂彈鏀寔銆?(https://learn.microsoft.com/dotnet/fundamentals/code-analysis/quality-rules/ca1416) [H:\code\ScreenControl\ScreenControl.csproj]
H:\code\ScreenControl\UpdateDownloader.cs(85,17): warning CA1416: 鍙湪鎵€鏈夊钩鍙颁笂璁块棶姝よ皟鐢ㄧ珯鐐广€?Form.ShowDialog(IWin32Window?)" 浠呭湪 "windows" 6.1 鍙婃洿楂樼増鏈?涓婂彈鏀寔銆?(https://learn.microsoft.com/dotnet/fundamentals/code-analysis/quality-rules/ca1416) [H:\code\ScreenControl\ScreenControl.csproj]
H:\code\ScreenControl\UpdateDownloader.cs(72,13): warning CA1416: 鍙湪鎵€鏈夊钩鍙颁笂璁块棶姝よ皟鐢ㄧ珯鐐广€?Control.Click" 浠呭湪 "windows" 6.1 鍙婃洿楂樼増鏈?涓婂彈鏀寔銆?(https://learn.microsoft.com/dotnet/fundamentals/code-analysis/quality-rules/ca1416) [H:\code\ScreenControl\ScreenControl.csproj]
H:\code\ScreenControl\UpdateDownloader.cs(80,13): warning CA1416: 鍙湪鎵€鏈夊钩鍙颁笂璁块棶姝よ皟鐢ㄧ珯鐐广€?Control.Click" 浠呭湪 "windows" 6.1 鍙婃洿楂樼増鏈?涓婂彈鏀寔銆?(https://learn.microsoft.com/dotnet/fundamentals/code-analysis/quality-rules/ca1416) [H:\code\ScreenControl\ScreenControl.csproj]
H:\code\ScreenControl\UpdateDownloader.cs(44,13): warning CA1416: 鍙湪鎵€鏈夊钩鍙颁笂璁块棶姝よ皟鐢ㄧ珯鐐广€?Control.Location" 浠呭湪 "windows" 6.1 鍙婃洿楂樼増鏈?涓婂彈鏀寔銆?(https://learn.microsoft.com/dotnet/fundamentals/code-analysis/quality-rules/ca1416) [H:\code\ScreenControl\ScreenControl.csproj]
H:\code\ScreenControl\UpdateDownloader.cs(50,13): warning CA1416: 鍙湪鎵€鏈夊钩鍙颁笂璁块棶姝よ皟鐢ㄧ珯鐐广€?Control.Location" 浠呭湪 "windows" 6.1 鍙婃洿楂樼増鏈?涓婂彈鏀寔銆?(https://learn.microsoft.com/dotnet/fundamentals/code-analysis/quality-rules/ca1416) [H:\code\ScreenControl\ScreenControl.csproj]
H:\code\ScreenControl\UpdateDownloader.cs(64,13): warning CA1416: 鍙湪鎵€鏈夊钩鍙颁笂璁块棶姝よ皟鐢ㄧ珯鐐广€?Control.Controls" 浠呭湪 "windows" 6.1 鍙婃洿楂樼増鏈?涓婂彈鏀寔銆?(https://learn.microsoft.com/dotnet/fundamentals/code-analysis/quality-rules/ca1416) [H:\code\ScreenControl\ScreenControl.csproj]
H:\code\ScreenControl\UpdateDownloader.cs(32,13): warning CA1416: 鍙湪鎵€鏈夊钩鍙颁笂璁块棶姝よ皟鐢ㄧ珯鐐广€?Form.MaximizeBox" 浠呭湪 "windows" 6.1 鍙婃洿楂樼増鏈?涓婂彈鏀寔銆?(https://learn.microsoft.com/dotnet/fundamentals/code-analysis/quality-rules/ca1416) [H:\code\ScreenControl\ScreenControl.csproj]
H:\code\ScreenControl\UpdateDownloader.cs(31,44): warning CA1416: 鍙湪鎵€鏈夊钩鍙颁笂璁块棶姝よ皟鐢ㄧ珯鐐广€?FormBorderStyle.FixedDialog" 浠呭湪 "windows" 6.1 鍙婃洿楂樼増鏈?涓婂彈鏀寔銆?(https://learn.microsoft.com/dotnet/fundamentals/code-analysis/quality-rules/ca1416) [H:\code\ScreenControl\ScreenControl.csproj]
H:\code\ScreenControl\UpdateDownloader.cs(57,13): warning CA1416: 鍙湪鎵€鏈夊钩鍙颁笂璁块棶姝よ皟鐢ㄧ珯鐐广€?Control.Size" 浠呭湪 "windows" 6.1 鍙婃洿楂樼増鏈?涓婂彈鏀寔銆?(https://learn.microsoft.com/dotnet/fundamentals/code-analysis/quality-rules/ca1416) [H:\code\ScreenControl\ScreenControl.csproj]
H:\code\ScreenControl\UpdateDownloader.cs(68,13): warning CA1416: 鍙湪鎵€鏈夊钩鍙颁笂璁块棶姝よ皟鐢ㄧ珯鐐广€?Form.CancelButton" 浠呭湪 "windows" 6.1 鍙婃洿楂樼増鏈?涓婂彈鏀寔銆?(https://learn.microsoft.com/dotnet/fundamentals/code-analysis/quality-rules/ca1416) [H:\code\ScreenControl\ScreenControl.csproj]
H:\code\ScreenControl\UpdateDownloader.cs(28,13): warning CA1416: 鍙湪鎵€鏈夊钩鍙颁笂璁块棶姝よ皟鐢ㄧ珯鐐广€?Form.Text" 浠呭湪 "windows" 6.1 鍙婃洿楂樼増鏈?涓婂彈鏀寔銆?(https://learn.microsoft.com/dotnet/fundamentals/code-analysis/quality-rules/ca1416) [H:\code\ScreenControl\ScreenControl.csproj]
H:\code\ScreenControl\UpdateDownloader.cs(62,13): warning CA1416: 鍙湪鎵€鏈夊钩鍙颁笂璁块棶姝よ皟鐢ㄧ珯鐐广€?Control.ControlCollection.Add(Control?)" 浠呭湪 "windows" 6.1 鍙婃洿楂樼増鏈?涓婂彈鏀寔銆?(https://learn.microsoft.com/dotnet/fundamentals/code-analysis/quality-rules/ca1416) [H:\code\ScreenControl\ScreenControl.csproj]
H:\code\ScreenControl\UpdateDownloader.cs(45,13): warning CA1416: 鍙湪鎵€鏈夊钩鍙颁笂璁块棶姝よ皟鐢ㄧ珯鐐广€?Control.Size" 浠呭湪 "windows" 6.1 鍙婃洿楂樼増鏈?涓婂彈鏀寔銆?(https://learn.microsoft.com/dotnet/fundamentals/code-analysis/quality-rules/ca1416) [H:\code\ScreenControl\ScreenControl.csproj]
H:\code\ScreenControl\UpdateDownloader.cs(55,35): warning CA1416: 鍙湪鎵€鏈夊钩鍙颁笂璁块棶姝よ皟鐢ㄧ珯鐐广€?Button" 浠呭湪 "windows" 6.1 鍙婃洿楂樼増鏈?涓婂彈鏀寔銆?(https://learn.microsoft.com/dotnet/fundamentals/code-analysis/quality-rules/ca1416) [H:\code\ScreenControl\ScreenControl.csproj]
H:\code\ScreenControl\UpdateDownloader.cs(43,37): warning CA1416: 鍙湪鎵€鏈夊钩鍙颁笂璁块棶姝よ皟鐢ㄧ珯鐐广€?Button" 浠呭湪 "windows" 6.1 鍙婃洿楂樼増鏈?涓婂彈鏀寔銆?(https://learn.microsoft.com/dotnet/fundamentals/code-analysis/quality-rules/ca1416) [H:\code\ScreenControl\ScreenControl.csproj]
H:\code\ScreenControl\UpdateDownloader.cs(40,38): warning CA1416: 鍙湪鎵€鏈夊钩鍙颁笂璁块棶姝よ皟鐢ㄧ珯鐐广€?ContentAlignment.TopLeft" 浠呭湪 "windows" 6.1 鍙婃洿楂樼増鏈?涓婂彈鏀寔銆?(https://learn.microsoft.com/dotnet/fundamentals/code-analysis/quality-rules/ca1416) [H:\code\ScreenControl\ScreenControl.csproj]
H:\code\ScreenControl\UpdateDownloader.cs(40,13): warning CA1416: 鍙湪鎵€鏈夊钩鍙颁笂璁块棶姝よ皟鐢ㄧ珯鐐广€?Label.TextAlign" 浠呭湪 "windows" 6.1 鍙婃洿楂樼増鏈?涓婂彈鏀寔銆?(https://learn.microsoft.com/dotnet/fundamentals/code-analysis/quality-rules/ca1416) [H:\code\ScreenControl\ScreenControl.csproj]
H:\code\ScreenControl\UpdateDownloader.cs(80,48): warning CA1416: 鍙湪鎵€鏈夊钩鍙颁笂璁块棶姝よ皟鐢ㄧ珯鐐广€?Form.Close()" 浠呭湪 "windows" 6.1 鍙婃洿楂樼増鏈?涓婂彈鏀寔銆?(https://learn.microsoft.com/dotnet/fundamentals/code-analysis/quality-rules/ca1416) [H:\code\ScreenControl\ScreenControl.csproj]
H:\code\ScreenControl\UpdateDownloader.cs(63,13): warning CA1416: 鍙湪鎵€鏈夊钩鍙颁笂璁块棶姝よ皟鐢ㄧ珯鐐广€?Control.Controls" 浠呭湪 "windows" 6.1 鍙婃洿楂樼増鏈?涓婂彈鏀寔銆?(https://learn.microsoft.com/dotnet/fundamentals/code-analysis/quality-rules/ca1416) [H:\code\ScreenControl\ScreenControl.csproj]
H:\code\ScreenControl\UpdateDownloader.cs(46,13): warning CA1416: 鍙湪鎵€鏈夊钩鍙颁笂璁块棶姝よ皟鐢ㄧ珯鐐广€?ButtonBase.Text" 浠呭湪 "windows" 6.1 鍙婃洿楂樼増鏈?涓婂彈鏀寔銆?(https://learn.microsoft.com/dotnet/fundamentals/code-analysis/quality-rules/ca1416) [H:\code\ScreenControl\ScreenControl.csproj]
H:\code\ScreenControl\UpdateDownloader.cs(37,13): warning CA1416: 鍙湪鎵€鏈夊钩鍙颁笂璁块棶姝よ皟鐢ㄧ珯鐐广€?Control.Location" 浠呭湪 "windows" 6.1 鍙婃洿楂樼増鏈?涓婂彈鏀寔銆?(https://learn.microsoft.com/dotnet/fundamentals/code-analysis/quality-rules/ca1416) [H:\code\ScreenControl\ScreenControl.csproj]
H:\code\ScreenControl\UpdateDownloader.cs(30,13): warning CA1416: 鍙湪鎵€鏈夊钩鍙颁笂璁块棶姝よ皟鐢ㄧ珯鐐广€?Form.StartPosition" 浠呭湪 "windows" 6.1 鍙婃洿楂樼増鏈?涓婂彈鏀寔銆?(https://learn.microsoft.com/dotnet/fundamentals/code-analysis/quality-rules/ca1416) [H:\code\ScreenControl\ScreenControl.csproj]
H:\code\ScreenControl\UpdateDownloader.cs(72,73): warning CA1416: 鍙湪鎵€鏈夊钩鍙颁笂璁块棶姝よ皟鐢ㄧ珯鐐广€?Form.Close()" 浠呭湪 "windows" 6.1 鍙婃洿楂樼増鏈?涓婂彈鏀寔銆?(https://learn.microsoft.com/dotnet/fundamentals/code-analysis/quality-rules/ca1416) [H:\code\ScreenControl\ScreenControl.csproj]
H:\code\ScreenControl\UpdateDownloader.cs(49,36): warning CA1416: 鍙湪鎵€鏈夊钩鍙颁笂璁块棶姝よ皟鐢ㄧ珯鐐广€?Button" 浠呭湪 "windows" 6.1 鍙婃洿楂樼増鏈?涓婂彈鏀寔銆?(https://learn.microsoft.com/dotnet/fundamentals/code-analysis/quality-rules/ca1416) [H:\code\ScreenControl\ScreenControl.csproj]
H:\code\ScreenControl\UpdateDownloader.cs(29,13): warning CA1416: 鍙湪鎵€鏈夊钩鍙颁笂璁块棶姝よ皟鐢ㄧ珯鐐广€?Form.Size" 浠呭湪 "windows" 6.1 鍙婃洿楂樼増鏈?涓婂彈鏀寔銆?(https://learn.microsoft.com/dotnet/fundamentals/code-analysis/quality-rules/ca1416) [H:\code\ScreenControl\ScreenControl.csproj]
H:\code\ScreenControl\UpdateDownloader.cs(52,13): warning CA1416: 鍙湪鎵€鏈夊钩鍙颁笂璁块棶姝よ皟鐢ㄧ珯鐐广€?ButtonBase.Text" 浠呭湪 "windows" 6.1 鍙婃洿楂樼増鏈?涓婂彈鏀寔銆?(https://learn.microsoft.com/dotnet/fundamentals/code-analysis/quality-rules/ca1416) [H:\code\ScreenControl\ScreenControl.csproj]
H:\code\ScreenControl\UpdateDownloader.cs(56,13): warning CA1416: 鍙湪鎵€鏈夊钩鍙颁笂璁块棶姝よ皟鐢ㄧ珯鐐广€?Control.Location" 浠呭湪 "windows" 6.1 鍙婃洿楂樼増鏈?涓婂彈鏀寔銆?(https://learn.microsoft.com/dotnet/fundamentals/code-analysis/quality-rules/ca1416) [H:\code\ScreenControl\ScreenControl.csproj]
H:\code\ScreenControl\UpdateDownloader.cs(30,42): warning CA1416: 鍙湪鎵€鏈夊钩鍙颁笂璁块棶姝よ皟鐢ㄧ珯鐐广€?FormStartPosition.CenterParent" 浠呭湪 "windows" 6.1 鍙婃洿楂樼増鏈?涓婂彈鏀寔銆?(https://learn.microsoft.com/dotnet/fundamentals/code-analysis/quality-rules/ca1416) [H:\code\ScreenControl\ScreenControl.csproj]
H:\code\ScreenControl\UpdateDownloader.cs(36,34): warning CA1416: 鍙湪鎵€鏈夊钩鍙颁笂璁块棶姝よ皟鐢ㄧ珯鐐广€?Label" 浠呭湪 "windows" 6.1 鍙婃洿楂樼増鏈?涓婂彈鏀寔銆?(https://learn.microsoft.com/dotnet/fundamentals/code-analysis/quality-rules/ca1416) [H:\code\ScreenControl\ScreenControl.csproj]
H:\code\ScreenControl\UpdateDownloader.cs(33,13): warning CA1416: 鍙湪鎵€鏈夊钩鍙颁笂璁块棶姝よ皟鐢ㄧ珯鐐广€?Form.MinimizeBox" 浠呭湪 "windows" 6.1 鍙婃洿楂樼増鏈?涓婂彈鏀寔銆?(https://learn.microsoft.com/dotnet/fundamentals/code-analysis/quality-rules/ca1416) [H:\code\ScreenControl\ScreenControl.csproj]
H:\code\ScreenControl\UpdateDownloader.cs(78,17): warning CA1416: 鍙湪鎵€鏈夊钩鍙颁笂璁块棶姝よ皟鐢ㄧ珯鐐广€?Form.Close()" 浠呭湪 "windows" 6.1 鍙婃洿楂樼増鏈?涓婂彈鏀寔銆?(https://learn.microsoft.com/dotnet/fundamentals/code-analysis/quality-rules/ca1416) [H:\code\ScreenControl\ScreenControl.csproj]
H:\code\ScreenControl\UpdateDownloader.cs(64,13): warning CA1416: 鍙湪鎵€鏈夊钩鍙颁笂璁块棶姝よ皟鐢ㄧ珯鐐广€?Control.ControlCollection.Add(Control?)" 浠呭湪 "windows" 6.1 鍙婃洿楂樼増鏈?涓婂彈鏀寔銆?(https://learn.microsoft.com/dotnet/fundamentals/code-analysis/quality-rules/ca1416) [H:\code\ScreenControl\ScreenControl.csproj]
H:\code\ScreenControl\UpdateDownloader.cs(31,13): warning CA1416: 鍙湪鎵€鏈夊钩鍙颁笂璁块棶姝よ皟鐢ㄧ珯鐐广€?Form.FormBorderStyle" 浠呭湪 "windows" 6.1 鍙婃洿楂樼増鏈?涓婂彈鏀寔銆?(https://learn.microsoft.com/dotnet/fundamentals/code-analysis/quality-rules/ca1416) [H:\code\ScreenControl\ScreenControl.csproj]
H:\code\ScreenControl\UpdateDownloader.cs(67,13): warning CA1416: 鍙湪鎵€鏈夊钩鍙颁笂璁块棶姝よ皟鐢ㄧ珯鐐广€?Form.AcceptButton" 浠呭湪 "windows" 6.1 鍙婃洿楂樼増鏈?涓婂彈鏀寔銆?(https://learn.microsoft.com/dotnet/fundamentals/code-analysis/quality-rules/ca1416) [H:\code\ScreenControl\ScreenControl.csproj]
H:\code\ScreenControl\UpdateDownloader.cs(58,13): warning CA1416: 鍙湪鎵€鏈夊钩鍙颁笂璁块棶姝よ皟鐢ㄧ珯鐐广€?ButtonBase.Text" 浠呭湪 "windows" 6.1 鍙婃洿楂樼増鏈?涓婂彈鏀寔銆?(https://learn.microsoft.com/dotnet/fundamentals/code-analysis/quality-rules/ca1416) [H:\code\ScreenControl\ScreenControl.csproj]
H:\code\ScreenControl\UpdateDownloader.cs(89,17): warning CA1416: 鍙湪鎵€鏈夊钩鍙颁笂璁块棶姝よ皟鐢ㄧ珯鐐广€?Form.ShowDialog()" 浠呭湪 "windows" 6.1 鍙婃洿楂樼増鏈?涓婂彈鏀寔銆?(https://learn.microsoft.com/dotnet/fundamentals/code-analysis/quality-rules/ca1416) [H:\code\ScreenControl\ScreenControl.csproj]
H:\code\ScreenControl\UpdateDownloader.cs(61,13): warning CA1416: 鍙湪鎵€鏈夊钩鍙颁笂璁块棶姝よ皟鐢ㄧ珯鐐广€?Control.Controls" 浠呭湪 "windows" 6.1 鍙婃洿楂樼増鏈?涓婂彈鏀寔銆?(https://learn.microsoft.com/dotnet/fundamentals/code-analysis/quality-rules/ca1416) [H:\code\ScreenControl\ScreenControl.csproj]
H:\code\ScreenControl\UpdateDownloader.cs(61,13): warning CA1416: 鍙湪鎵€鏈夊钩鍙颁笂璁块棶姝よ皟鐢ㄧ珯鐐广€?Control.ControlCollection.Add(Control?)" 浠呭湪 "windows" 6.1 鍙婃洿楂樼増鏈?涓婂彈鏀寔銆?(https://learn.microsoft.com/dotnet/fundamentals/code-analysis/quality-rules/ca1416) [H:\code\ScreenControl\ScreenControl.csproj]
H:\code\ScreenControl\MainForm.cs(223,33): warning CA1416: 鍙湪鎵€鏈夊钩鍙颁笂璁块棶姝よ皟鐢ㄧ珯鐐广€?Form.WindowState" 浠呭湪 "windows" 6.1 鍙婃洿楂樼増鏈?涓婂彈鏀寔銆?(https://learn.microsoft.com/dotnet/fundamentals/code-analysis/quality-rules/ca1416) [H:\code\ScreenControl\ScreenControl.csproj]
H:\code\ScreenControl\MainForm.cs(223,17): warning CA1416: 鍙湪鎵€鏈夊钩鍙颁笂璁块棶姝よ皟鐢ㄧ珯鐐广€?Control.Visible" 浠呭湪 "windows" 6.1 鍙婃洿楂樼増鏈?涓婂彈鏀寔銆?(https://learn.microsoft.com/dotnet/fundamentals/code-analysis/quality-rules/ca1416) [H:\code\ScreenControl\ScreenControl.csproj]
H:\code\ScreenControl\MainForm.cs(226,17): warning CA1416: 鍙湪鎵€鏈夊钩鍙颁笂璁块棶姝よ皟鐢ㄧ珯鐐广€?Control.Visible" 浠呭湪 "windows" 6.1 鍙婃洿楂樼増鏈?涓婂彈鏀寔銆?(https://learn.microsoft.com/dotnet/fundamentals/code-analysis/quality-rules/ca1416) [H:\code\ScreenControl\ScreenControl.csproj]
H:\code\ScreenControl\MainForm.cs(131,13): warning CA1416: 鍙湪鎵€鏈夊钩鍙颁笂璁块棶姝よ皟鐢ㄧ珯鐐广€?ToolStrip.Items" 浠呭湪 "windows" 6.1 鍙婃洿楂樼増鏈?涓婂彈鏀寔銆?(https://learn.microsoft.com/dotnet/fundamentals/code-analysis/quality-rules/ca1416) [H:\code\ScreenControl\ScreenControl.csproj]
H:\code\ScreenControl\MainForm.cs(144,13): warning CA1416: 鍙湪鎵€鏈夊钩鍙颁笂璁块棶姝よ皟鐢ㄧ珯鐐广€?ToolStrip.Items" 浠呭湪 "windows" 6.1 鍙婃洿楂樼増鏈?涓婂彈鏀寔銆?(https://learn.microsoft.com/dotnet/fundamentals/code-analysis/quality-rules/ca1416) [H:\code\ScreenControl\ScreenControl.csproj]
H:\code\ScreenControl\MainForm.cs(136,13): warning CA1416: 鍙湪鎵€鏈夊钩鍙颁笂璁块棶姝よ皟鐢ㄧ珯鐐广€?ToolStrip.Items" 浠呭湪 "windows" 6.1 鍙婃洿楂樼増鏈?涓婂彈鏀寔銆?(https://learn.microsoft.com/dotnet/fundamentals/code-analysis/quality-rules/ca1416) [H:\code\ScreenControl\ScreenControl.csproj]
H:\code\ScreenControl\MainForm.cs(113,47): warning CA1416: 鍙湪鎵€鏈夊钩鍙颁笂璁块棶姝よ皟鐢ㄧ珯鐐广€?SystemIcons.Application" 浠呭湪 "windows" 6.1 鍙婃洿楂樼増鏈?涓婂彈鏀寔銆?(https://learn.microsoft.com/dotnet/fundamentals/code-analysis/quality-rules/ca1416) [H:\code\ScreenControl\ScreenControl.csproj]
H:\code\ScreenControl\MainForm.cs(122,17): warning CA1416: 鍙湪鎵€鏈夊钩鍙颁笂璁块棶姝よ皟鐢ㄧ珯鐐广€?NotifyIcon.Icon" 浠呭湪 "windows" 6.1 鍙婃洿楂樼増鏈?涓婂彈鏀寔銆?(https://learn.microsoft.com/dotnet/fundamentals/code-analysis/quality-rules/ca1416) [H:\code\ScreenControl\ScreenControl.csproj]
H:\code\ScreenControl\MainForm.cs(105,37): warning CA1416: 鍙湪鎵€鏈夊钩鍙颁笂璁块棶姝よ皟鐢ㄧ珯鐐广€?NotifyIcon.Icon" 浠呭湪 "windows" 6.1 鍙婃洿楂樼増鏈?涓婂彈鏀寔銆?(https://learn.microsoft.com/dotnet/fundamentals/code-analysis/quality-rules/ca1416) [H:\code\ScreenControl\ScreenControl.csproj]
H:\code\ScreenControl\MainForm.cs(129,50): warning CA1416: 鍙湪鎵€鏈夊钩鍙颁笂璁块棶姝よ皟鐢ㄧ珯鐐广€?ToolStripMenuItem" 浠呭湪 "windows" 6.1 鍙婃洿楂樼増鏈?涓婂彈鏀寔銆?(https://learn.microsoft.com/dotnet/fundamentals/code-analysis/quality-rules/ca1416) [H:\code\ScreenControl\ScreenControl.csproj]
H:\code\ScreenControl\MainForm.cs(77,21): warning CA1416: 鍙湪鎵€鏈夊钩鍙颁笂璁块棶姝よ皟鐢ㄧ珯鐐广€?NotifyIcon.Icon" 浠呭湪 "windows" 6.1 鍙婃洿楂樼増鏈?涓婂彈鏀寔銆?(https://learn.microsoft.com/dotnet/fundamentals/code-analysis/quality-rules/ca1416) [H:\code\ScreenControl\ScreenControl.csproj]
H:\code\ScreenControl\MainForm.cs(67,26): warning CA1416: 鍙湪鎵€鏈夊钩鍙颁笂璁块棶姝よ皟鐢ㄧ珯鐐广€?NotifyIcon" 浠呭湪 "windows" 6.1 鍙婃洿楂樼増鏈?涓婂彈鏀寔銆?(https://learn.microsoft.com/dotnet/fundamentals/code-analysis/quality-rules/ca1416) [H:\code\ScreenControl\ScreenControl.csproj]
H:\code\ScreenControl\MainForm.cs(144,32): warning CA1416: 鍙湪鎵€鏈夊钩鍙颁笂璁块棶姝よ皟鐢ㄧ珯鐐广€?ToolStripSeparator" 浠呭湪 "windows" 6.1 鍙婃洿楂樼増鏈?涓婂彈鏀寔銆?(https://learn.microsoft.com/dotnet/fundamentals/code-analysis/quality-rules/ca1416) [H:\code\ScreenControl\ScreenControl.csproj]
H:\code\ScreenControl\MainForm.cs(148,13): warning CA1416: 鍙湪鎵€鏈夊钩鍙颁笂璁块棶姝よ皟鐢ㄧ珯鐐广€?ToolStripItem.Click" 浠呭湪 "windows" 6.1 鍙婃洿楂樼増鏈?涓婂彈鏀寔銆?(https://learn.microsoft.com/dotnet/fundamentals/code-analysis/quality-rules/ca1416) [H:\code\ScreenControl\ScreenControl.csproj]
H:\code\ScreenControl\MainForm.cs(152,13): warning CA1416: 鍙湪鎵€鏈夊钩鍙颁笂璁块棶姝よ皟鐢ㄧ珯鐐广€?NotifyIcon.ContextMenuStrip" 浠呭湪 "windows" 6.1 鍙婃洿楂樼増鏈?涓婂彈鏀寔銆?(https://learn.microsoft.com/dotnet/fundamentals/code-analysis/quality-rules/ca1416) [H:\code\ScreenControl\ScreenControl.csproj]
H:\code\ScreenControl\MainForm.cs(136,13): warning CA1416: 鍙湪鎵€鏈夊钩鍙颁笂璁块棶姝よ皟鐢ㄧ珯鐐广€?ToolStripItemCollection.Add(ToolStripItem)" 浠呭湪 "windows" 6.1 鍙婃洿楂樼増鏈?涓婂彈鏀寔銆?(https://learn.microsoft.com/dotnet/fundamentals/code-analysis/quality-rules/ca1416) [H:\code\ScreenControl\ScreenControl.csproj]
H:\code\ScreenControl\MainForm.cs(86,25): warning CA1416: 鍙湪鎵€鏈夊钩鍙颁笂璁块棶姝よ皟鐢ㄧ珯鐐广€?NotifyIcon.Icon" 浠呭湪 "windows" 6.1 鍙婃洿楂樼増鏈?涓婂彈鏀寔銆?(https://learn.microsoft.com/dotnet/fundamentals/code-analysis/quality-rules/ca1416) [H:\code\ScreenControl\ScreenControl.csproj]
H:\code\ScreenControl\MainForm.cs(105,55): warning CA1416: 鍙湪鎵€鏈夊钩鍙颁笂璁块棶姝よ皟鐢ㄧ珯鐐广€?SystemIcons.Application" 浠呭湪 "windows" 6.1 鍙婃洿楂樼増鏈?涓婂彈鏀寔銆?(https://learn.microsoft.com/dotnet/fundamentals/code-analysis/quality-rules/ca1416) [H:\code\ScreenControl\ScreenControl.csproj]
H:\code\ScreenControl\MainForm.cs(68,13): warning CA1416: 鍙湪鎵€鏈夊钩鍙颁笂璁块棶姝よ皟鐢ㄧ珯鐐广€?NotifyIcon.Text" 浠呭湪 "windows" 6.1 鍙婃洿楂樼増鏈?涓婂彈鏀寔銆?(https://learn.microsoft.com/dotnet/fundamentals/code-analysis/quality-rules/ca1416) [H:\code\ScreenControl\ScreenControl.csproj]
H:\code\ScreenControl\MainForm.cs(126,24): warning CA1416: 鍙湪鎵€鏈夊钩鍙颁笂璁块棶姝よ皟鐢ㄧ珯鐐广€?ContextMenuStrip" 浠呭湪 "windows" 6.1 鍙婃洿楂樼増鏈?涓婂彈鏀寔銆?(https://learn.microsoft.com/dotnet/fundamentals/code-analysis/quality-rules/ca1416) [H:\code\ScreenControl\ScreenControl.csproj]
H:\code\ScreenControl\MainForm.cs(122,35): warning CA1416: 鍙湪鎵€鏈夊钩鍙颁笂璁块棶姝よ皟鐢ㄧ珯鐐广€?SystemIcons.Application" 浠呭湪 "windows" 6.1 鍙婃洿楂樼増鏈?涓婂彈鏀寔銆?(https://learn.microsoft.com/dotnet/fundamentals/code-analysis/quality-rules/ca1416) [H:\code\ScreenControl\ScreenControl.csproj]
H:\code\ScreenControl\MainForm.cs(139,58): warning CA1416: 鍙湪鎵€鏈夊钩鍙颁笂璁块棶姝よ皟鐢ㄧ珯鐐广€?ToolStripMenuItem" 浠呭湪 "windows" 6.1 鍙婃洿楂樼増鏈?涓婂彈鏀寔銆?(https://learn.microsoft.com/dotnet/fundamentals/code-analysis/quality-rules/ca1416) [H:\code\ScreenControl\ScreenControl.csproj]
H:\code\ScreenControl\MainForm.cs(158,13): warning CA1416: 鍙湪鎵€鏈夊钩鍙颁笂璁块棶姝よ皟鐢ㄧ珯鐐广€?NotifyIcon.Visible" 浠呭湪 "windows" 6.1 鍙婃洿楂樼増鏈?涓婂彈鏀寔銆?(https://learn.microsoft.com/dotnet/fundamentals/code-analysis/quality-rules/ca1416) [H:\code\ScreenControl\ScreenControl.csproj]
H:\code\ScreenControl\MainForm.cs(149,13): warning CA1416: 鍙湪鎵€鏈夊钩鍙颁笂璁块棶姝よ皟鐢ㄧ珯鐐广€?ToolStrip.Items" 浠呭湪 "windows" 6.1 鍙婃洿楂樼増鏈?涓婂彈鏀寔銆?(https://learn.microsoft.com/dotnet/fundamentals/code-analysis/quality-rules/ca1416) [H:\code\ScreenControl\ScreenControl.csproj]
H:\code\ScreenControl\MainForm.cs(113,29): warning CA1416: 鍙湪鎵€鏈夊钩鍙颁笂璁块棶姝よ皟鐢ㄧ珯鐐广€?NotifyIcon.Icon" 浠呭湪 "windows" 6.1 鍙婃洿楂樼増鏈?涓婂彈鏀寔銆?(https://learn.microsoft.com/dotnet/fundamentals/code-analysis/quality-rules/ca1416) [H:\code\ScreenControl\ScreenControl.csproj]
H:\code\ScreenControl\MainForm.cs(141,13): warning CA1416: 鍙湪鎵€鏈夊钩鍙颁笂璁块棶姝よ皟鐢ㄧ珯鐐广€?ToolStrip.Items" 浠呭湪 "windows" 6.1 鍙婃洿楂樼増鏈?涓婂彈鏀寔銆?(https://learn.microsoft.com/dotnet/fundamentals/code-analysis/quality-rules/ca1416) [H:\code\ScreenControl\ScreenControl.csproj]
H:\code\ScreenControl\MainForm.cs(98,37): warning CA1416: 鍙湪鎵€鏈夊钩鍙颁笂璁块棶姝よ皟鐢ㄧ珯鐐广€?NotifyIcon.Icon" 浠呭湪 "windows" 6.1 鍙婃洿楂樼増鏈?涓婂彈鏀寔銆?(https://learn.microsoft.com/dotnet/fundamentals/code-analysis/quality-rules/ca1416) [H:\code\ScreenControl\ScreenControl.csproj]
H:\code\ScreenControl\MainForm.cs(135,13): warning CA1416: 鍙湪鎵€鏈夊钩鍙颁笂璁块棶姝よ皟鐢ㄧ珯鐐广€?ToolStripItem.Click" 浠呭湪 "windows" 6.1 鍙婃洿楂樼増鏈?涓婂彈鏀寔銆?(https://learn.microsoft.com/dotnet/fundamentals/code-analysis/quality-rules/ca1416) [H:\code\ScreenControl\ScreenControl.csproj]
H:\code\ScreenControl\MainForm.cs(144,13): warning CA1416: 鍙湪鎵€鏈夊钩鍙颁笂璁块棶姝よ皟鐢ㄧ珯鐐广€?ToolStripItemCollection.Add(ToolStripItem)" 浠呭湪 "windows" 6.1 鍙婃洿楂樼増鏈?涓婂彈鏀寔銆?(https://learn.microsoft.com/dotnet/fundamentals/code-analysis/quality-rules/ca1416) [H:\code\ScreenControl\ScreenControl.csproj]
H:\code\ScreenControl\MainForm.cs(149,13): warning CA1416: 鍙湪鎵€鏈夊钩鍙颁笂璁块棶姝よ皟鐢ㄧ珯鐐广€?ToolStripItemCollection.Add(ToolStripItem)" 浠呭湪 "windows" 6.1 鍙婃洿楂樼増鏈?涓婂彈鏀寔銆?(https://learn.microsoft.com/dotnet/fundamentals/code-analysis/quality-rules/ca1416) [H:\code\ScreenControl\ScreenControl.csproj]
H:\code\ScreenControl\MainForm.cs(130,13): warning CA1416: 鍙湪鎵€鏈夊钩鍙颁笂璁块棶姝よ皟鐢ㄧ珯鐐广€?ToolStripItem.Click" 浠呭湪 "windows" 6.1 鍙婃洿楂樼増鏈?涓婂彈鏀寔銆?(https://learn.microsoft.com/dotnet/fundamentals/code-analysis/quality-rules/ca1416) [H:\code\ScreenControl\ScreenControl.csproj]
H:\code\ScreenControl\MainForm.cs(98,55): warning CA1416: 鍙湪鎵€鏈夊钩鍙颁笂璁块棶姝よ皟鐢ㄧ珯鐐广€?Icon" 浠呭湪 "windows" 6.1 鍙婃洿楂樼増鏈?涓婂彈鏀寔銆?(https://learn.microsoft.com/dotnet/fundamentals/code-analysis/quality-rules/ca1416) [H:\code\ScreenControl\ScreenControl.csproj]
H:\code\ScreenControl\MainForm.cs(155,13): warning CA1416: 鍙湪鎵€鏈夊钩鍙颁笂璁块棶姝よ皟鐢ㄧ珯鐐广€?NotifyIcon.DoubleClick" 浠呭湪 "windows" 6.1 鍙婃洿楂樼増鏈?涓婂彈鏀寔銆?(https://learn.microsoft.com/dotnet/fundamentals/code-analysis/quality-rules/ca1416) [H:\code\ScreenControl\ScreenControl.csproj]
H:\code\ScreenControl\MainForm.cs(131,13): warning CA1416: 鍙湪鎵€鏈夊钩鍙颁笂璁块棶姝よ皟鐢ㄧ珯鐐广€?ToolStripItemCollection.Add(ToolStripItem)" 浠呭湪 "windows" 6.1 鍙婃洿楂樼増鏈?涓婂彈鏀寔銆?(https://learn.microsoft.com/dotnet/fundamentals/code-analysis/quality-rules/ca1416) [H:\code\ScreenControl\ScreenControl.csproj]
H:\code\ScreenControl\MainForm.cs(147,42): warning CA1416: 鍙湪鎵€鏈夊钩鍙颁笂璁块棶姝よ皟鐢ㄧ珯鐐广€?ToolStripMenuItem" 浠呭湪 "windows" 6.1 鍙婃洿楂樼増鏈?涓婂彈鏀寔銆?(https://learn.microsoft.com/dotnet/fundamentals/code-analysis/quality-rules/ca1416) [H:\code\ScreenControl\ScreenControl.csproj]
H:\code\ScreenControl\MainForm.cs(141,13): warning CA1416: 鍙湪鎵€鏈夊钩鍙颁笂璁块棶姝よ皟鐢ㄧ珯鐐广€?ToolStripItemCollection.Add(ToolStripItem)" 浠呭湪 "windows" 6.1 鍙婃洿楂樼増鏈?涓婂彈鏀寔銆?(https://learn.microsoft.com/dotnet/fundamentals/code-analysis/quality-rules/ca1416) [H:\code\ScreenControl\ScreenControl.csproj]
H:\code\ScreenControl\MainForm.cs(140,13): warning CA1416: 鍙湪鎵€鏈夊钩鍙颁笂璁块棶姝よ皟鐢ㄧ珯鐐广€?ToolStripItem.Click" 浠呭湪 "windows" 6.1 鍙婃洿楂樼増鏈?涓婂彈鏀寔銆?(https://learn.microsoft.com/dotnet/fundamentals/code-analysis/quality-rules/ca1416) [H:\code\ScreenControl\ScreenControl.csproj]
H:\code\ScreenControl\MainForm.cs(86,43): warning CA1416: 鍙湪鎵€鏈夊钩鍙颁笂璁块棶姝よ皟鐢ㄧ珯鐐广€?Icon" 浠呭湪 "windows" 6.1 鍙婃洿楂樼増鏈?涓婂彈鏀寔銆?(https://learn.microsoft.com/dotnet/fundamentals/code-analysis/quality-rules/ca1416) [H:\code\ScreenControl\ScreenControl.csproj]
H:\code\ScreenControl\MainForm.cs(134,51): warning CA1416: 鍙湪鎵€鏈夊钩鍙颁笂璁块棶姝よ皟鐢ㄧ珯鐐广€?ToolStripMenuItem" 浠呭湪 "windows" 6.1 鍙婃洿楂樼増鏈?涓婂彈鏀寔銆?(https://learn.microsoft.com/dotnet/fundamentals/code-analysis/quality-rules/ca1416) [H:\code\ScreenControl\ScreenControl.csproj]
H:\code\ScreenControl\MainForm.cs(77,39): warning CA1416: 鍙湪鎵€鏈夊钩鍙颁笂璁块棶姝よ皟鐢ㄧ珯鐐广€?Icon" 浠呭湪 "windows" 6.1 鍙婃洿楂樼増鏈?涓婂彈鏀寔銆?(https://learn.microsoft.com/dotnet/fundamentals/code-analysis/quality-rules/ca1416) [H:\code\ScreenControl\ScreenControl.csproj]
H:\code\ScreenControl\MainForm.cs(302,13): warning CA1416: 鍙湪鎵€鏈夊钩鍙颁笂璁块棶姝よ皟鐢ㄧ珯鐐广€?Timer.Interval" 浠呭湪 "windows" 6.1 鍙婃洿楂樼増鏈?涓婂彈鏀寔銆?(https://learn.microsoft.com/dotnet/fundamentals/code-analysis/quality-rules/ca1416) [H:\code\ScreenControl\ScreenControl.csproj]
H:\code\ScreenControl\MainForm.cs(303,13): warning CA1416: 鍙湪鎵€鏈夊钩鍙颁笂璁块棶姝よ皟鐢ㄧ珯鐐广€?Timer.Tick" 浠呭湪 "windows" 6.1 鍙婃洿楂樼増鏈?涓婂彈鏀寔銆?(https://learn.microsoft.com/dotnet/fundamentals/code-analysis/quality-rules/ca1416) [H:\code\ScreenControl\ScreenControl.csproj]
H:\code\ScreenControl\MainForm.cs(301,28): warning CA1416: 鍙湪鎵€鏈夊钩鍙颁笂璁块棶姝よ皟鐢ㄧ珯鐐广€?Timer" 浠呭湪 "windows" 6.1 鍙婃洿楂樼増鏈?涓婂彈鏀寔銆?(https://learn.microsoft.com/dotnet/fundamentals/code-analysis/quality-rules/ca1416) [H:\code\ScreenControl\ScreenControl.csproj]
H:\code\ScreenControl\MainForm.cs(294,13): warning CA1416: 鍙湪鎵€鏈夊钩鍙颁笂璁块棶姝よ皟鐢ㄧ珯鐐广€?Timer.Interval" 浠呭湪 "windows" 6.1 鍙婃洿楂樼増鏈?涓婂彈鏀寔銆?(https://learn.microsoft.com/dotnet/fundamentals/code-analysis/quality-rules/ca1416) [H:\code\ScreenControl\ScreenControl.csproj]
H:\code\ScreenControl\MainForm.cs(296,13): warning CA1416: 鍙湪鎵€鏈夊钩鍙颁笂璁块棶姝よ皟鐢ㄧ珯鐐广€?Timer.Start()" 浠呭湪 "windows" 6.1 鍙婃洿楂樼増鏈?涓婂彈鏀寔銆?(https://learn.microsoft.com/dotnet/fundamentals/code-analysis/quality-rules/ca1416) [H:\code\ScreenControl\ScreenControl.csproj]
H:\code\ScreenControl\MainForm.cs(295,13): warning CA1416: 鍙湪鎵€鏈夊钩鍙颁笂璁块棶姝よ皟鐢ㄧ珯鐐广€?Timer.Tick" 浠呭湪 "windows" 6.1 鍙婃洿楂樼増鏈?涓婂彈鏀寔銆?(https://learn.microsoft.com/dotnet/fundamentals/code-analysis/quality-rules/ca1416) [H:\code\ScreenControl\ScreenControl.csproj]
H:\code\ScreenControl\MainForm.cs(293,27): warning CA1416: 鍙湪鎵€鏈夊钩鍙颁笂璁块棶姝よ皟鐢ㄧ珯鐐广€?Timer" 浠呭湪 "windows" 6.1 鍙婃洿楂樼増鏈?涓婂彈鏀寔銆?(https://learn.microsoft.com/dotnet/fundamentals/code-analysis/quality-rules/ca1416) [H:\code\ScreenControl\ScreenControl.csproj]
H:\code\ScreenControl\MainForm.cs(337,17): warning CA1416: 鍙湪鎵€鏈夊钩鍙颁笂璁块棶姝よ皟鐢ㄧ珯鐐广€?Label.Text" 浠呭湪 "windows" 6.1 鍙婃洿楂樼増鏈?涓婂彈鏀寔銆?(https://learn.microsoft.com/dotnet/fundamentals/code-analysis/quality-rules/ca1416) [H:\code\ScreenControl\ScreenControl.csproj]
H:\code\ScreenControl\MainForm.cs(312,13): warning CA1416: 鍙湪鎵€鏈夊钩鍙颁笂璁块棶姝よ皟鐢ㄧ珯鐐广€?Control.Left" 浠呭湪 "windows" 6.1 鍙婃洿楂樼増鏈?涓婂彈鏀寔銆?(https://learn.microsoft.com/dotnet/fundamentals/code-analysis/quality-rules/ca1416) [H:\code\ScreenControl\ScreenControl.csproj]
H:\code\ScreenControl\MainForm.cs(317,13): warning CA1416: 鍙湪鎵€鏈夊钩鍙颁笂璁块棶姝よ皟鐢ㄧ珯鐐广€?Label.TextAlign" 浠呭湪 "windows" 6.1 鍙婃洿楂樼増鏈?涓婂彈鏀寔銆?(https://learn.microsoft.com/dotnet/fundamentals/code-analysis/quality-rules/ca1416) [H:\code\ScreenControl\ScreenControl.csproj]
H:\code\ScreenControl\MainForm.cs(328,13): warning CA1416: 鍙湪鎵€鏈夊钩鍙颁笂璁块棶姝よ皟鐢ㄧ珯鐐广€?Label.BorderStyle" 浠呭湪 "windows" 6.1 鍙婃洿楂樼増鏈?涓婂彈鏀寔銆?(https://learn.microsoft.com/dotnet/fundamentals/code-analysis/quality-rules/ca1416) [H:\code\ScreenControl\ScreenControl.csproj]
H:\code\ScreenControl\MainForm.cs(317,37): warning CA1416: 鍙湪鎵€鏈夊钩鍙颁笂璁块棶姝よ皟鐢ㄧ珯鐐广€?ContentAlignment.MiddleLeft" 浠呭湪 "windows" 6.1 鍙婃洿楂樼増鏈?涓婂彈鏀寔銆?(https://learn.microsoft.com/dotnet/fundamentals/code-analysis/quality-rules/ca1416) [H:\code\ScreenControl\ScreenControl.csproj]
H:\code\ScreenControl\MainForm.cs(323,33): warning CA1416: 鍙湪鎵€鏈夊钩鍙颁笂璁块棶姝よ皟鐢ㄧ珯鐐广€?Form.ClientSize" 浠呭湪 "windows" 6.1 鍙婃洿楂樼増鏈?涓婂彈鏀寔銆?(https://learn.microsoft.com/dotnet/fundamentals/code-analysis/quality-rules/ca1416) [H:\code\ScreenControl\ScreenControl.csproj]
H:\code\ScreenControl\MainForm.cs(316,39): warning CA1416: 鍙湪鎵€鏈夊钩鍙颁笂璁块棶姝よ皟鐢ㄧ珯鐐广€?BorderStyle.FixedSingle" 浠呭湪 "windows" 6.1 鍙婃洿楂樼増鏈?涓婂彈鏀寔銆?(https://learn.microsoft.com/dotnet/fundamentals/code-analysis/quality-rules/ca1416) [H:\code\ScreenControl\ScreenControl.csproj]
H:\code\ScreenControl\MainForm.cs(318,13): warning CA1416: 鍙湪鎵€鏈夊钩鍙颁笂璁块棶姝よ皟鐢ㄧ珯鐐广€?Control.Controls" 浠呭湪 "windows" 6.1 鍙婃洿楂樼増鏈?涓婂彈鏀寔銆?(https://learn.microsoft.com/dotnet/fundamentals/code-analysis/quality-rules/ca1416) [H:\code\ScreenControl\ScreenControl.csproj]
H:\code\ScreenControl\MainForm.cs(316,13): warning CA1416: 鍙湪鎵€鏈夊钩鍙颁笂璁块棶姝よ皟鐢ㄧ珯鐐广€?Label.BorderStyle" 浠呭湪 "windows" 6.1 鍙婃洿楂樼増鏈?涓婂彈鏀寔銆?(https://learn.microsoft.com/dotnet/fundamentals/code-analysis/quality-rules/ca1416) [H:\code\ScreenControl\ScreenControl.csproj]
H:\code\ScreenControl\MainForm.cs(313,31): warning CA1416: 鍙湪鎵€鏈夊钩鍙颁笂璁块棶姝よ皟鐢ㄧ珯鐐广€?Form.ClientSize" 浠呭湪 "windows" 6.1 鍙婃洿楂樼増鏈?涓婂彈鏀寔銆?(https://learn.microsoft.com/dotnet/fundamentals/code-analysis/quality-rules/ca1416) [H:\code\ScreenControl\ScreenControl.csproj]
H:\code\ScreenControl\MainForm.cs(329,37): warning CA1416: 鍙湪鎵€鏈夊钩鍙颁笂璁块棶姝よ皟鐢ㄧ珯鐐广€?ContentAlignment.MiddleLeft" 浠呭湪 "windows" 6.1 鍙婃洿楂樼増鏈?涓婂彈鏀寔銆?(https://learn.microsoft.com/dotnet/fundamentals/code-analysis/quality-rules/ca1416) [H:\code\ScreenControl\ScreenControl.csproj]
H:\code\ScreenControl\MainForm.cs(330,13): warning CA1416: 鍙湪鎵€鏈夊钩鍙颁笂璁块棶姝よ皟鐢ㄧ珯鐐广€?Control.Controls" 浠呭湪 "windows" 6.1 鍙婃洿楂樼増鏈?涓婂彈鏀寔銆?(https://learn.microsoft.com/dotnet/fundamentals/code-analysis/quality-rules/ca1416) [H:\code\ScreenControl\ScreenControl.csproj]
H:\code\ScreenControl\MainForm.cs(310,13): warning CA1416: 鍙湪鎵€鏈夊钩鍙颁笂璁块棶姝よ皟鐢ㄧ珯鐐广€?Label.Text" 浠呭湪 "windows" 6.1 鍙婃洿楂樼増鏈?涓婂彈鏀寔銆?(https://learn.microsoft.com/dotnet/fundamentals/code-analysis/quality-rules/ca1416) [H:\code\ScreenControl\ScreenControl.csproj]
H:\code\ScreenControl\MainForm.cs(324,13): warning CA1416: 鍙湪鎵€鏈夊钩鍙颁笂璁块棶姝よ皟鐢ㄧ珯鐐广€?Control.Left" 浠呭湪 "windows" 6.1 鍙婃洿楂樼増鏈?涓婂彈鏀寔銆?(https://learn.microsoft.com/dotnet/fundamentals/code-analysis/quality-rules/ca1416) [H:\code\ScreenControl\ScreenControl.csproj]
H:\code\ScreenControl\MainForm.cs(327,13): warning CA1416: 鍙湪鎵€鏈夊钩鍙颁笂璁块棶姝よ皟鐢ㄧ珯鐐广€?Control.Height" 浠呭湪 "windows" 6.1 鍙婃洿楂樼増鏈?涓婂彈鏀寔銆?(https://learn.microsoft.com/dotnet/fundamentals/code-analysis/quality-rules/ca1416) [H:\code\ScreenControl\ScreenControl.csproj]
H:\code\ScreenControl\MainForm.cs(326,13): warning CA1416: 鍙湪鎵€鏈夊钩鍙颁笂璁块棶姝よ皟鐢ㄧ珯鐐广€?Label.AutoSize" 浠呭湪 "windows" 6.1 鍙婃洿楂樼増鏈?涓婂彈鏀寔銆?(https://learn.microsoft.com/dotnet/fundamentals/code-analysis/quality-rules/ca1416) [H:\code\ScreenControl\ScreenControl.csproj]
H:\code\ScreenControl\MainForm.cs(315,13): warning CA1416: 鍙湪鎵€鏈夊钩鍙颁笂璁块棶姝よ皟鐢ㄧ珯鐐广€?Control.Height" 浠呭湪 "windows" 6.1 鍙婃洿楂樼増鏈?涓婂彈鏀寔銆?(https://learn.microsoft.com/dotnet/fundamentals/code-analysis/quality-rules/ca1416) [H:\code\ScreenControl\ScreenControl.csproj]
H:\code\ScreenControl\MainForm.cs(311,33): warning CA1416: 鍙湪鎵€鏈夊钩鍙颁笂璁块棶姝よ皟鐢ㄧ珯鐐广€?Form.ClientSize" 浠呭湪 "windows" 6.1 鍙婃洿楂樼増鏈?涓婂彈鏀寔銆?(https://learn.microsoft.com/dotnet/fundamentals/code-analysis/quality-rules/ca1416) [H:\code\ScreenControl\ScreenControl.csproj]
H:\code\ScreenControl\MainForm.cs(318,13): warning CA1416: 鍙湪鎵€鏈夊钩鍙颁笂璁块棶姝よ皟鐢ㄧ珯鐐广€?Control.ControlCollection.Add(Control?)" 浠呭湪 "windows" 6.1 鍙婃洿楂樼増鏈?涓婂彈鏀寔銆?(https://learn.microsoft.com/dotnet/fundamentals/code-analysis/quality-rules/ca1416) [H:\code\ScreenControl\ScreenControl.csproj]
H:\code\ScreenControl\MainForm.cs(323,13): warning CA1416: 鍙湪鎵€鏈夊钩鍙颁笂璁块棶姝よ皟鐢ㄧ珯鐐广€?Control.Width" 浠呭湪 "windows" 6.1 鍙婃洿楂樼増鏈?涓婂彈鏀寔銆?(https://learn.microsoft.com/dotnet/fundamentals/code-analysis/quality-rules/ca1416) [H:\code\ScreenControl\ScreenControl.csproj]
H:\code\ScreenControl\MainForm.cs(321,27): warning CA1416: 鍙湪鎵€鏈夊钩鍙颁笂璁块棶姝よ皟鐢ㄧ珯鐐广€?Label" 浠呭湪 "windows" 6.1 鍙婃洿楂樼増鏈?涓婂彈鏀寔銆?(https://learn.microsoft.com/dotnet/fundamentals/code-analysis/quality-rules/ca1416) [H:\code\ScreenControl\ScreenControl.csproj]
H:\code\ScreenControl\MainForm.cs(313,13): warning CA1416: 鍙湪鎵€鏈夊钩鍙颁笂璁块棶姝よ皟鐢ㄧ珯鐐广€?Control.Top" 浠呭湪 "windows" 6.1 鍙婃洿楂樼増鏈?涓婂彈鏀寔銆?(https://learn.microsoft.com/dotnet/fundamentals/code-analysis/quality-rules/ca1416) [H:\code\ScreenControl\ScreenControl.csproj]
H:\code\ScreenControl\MainForm.cs(314,13): warning CA1416: 鍙湪鎵€鏈夊钩鍙颁笂璁块棶姝よ皟鐢ㄧ珯鐐广€?Label.AutoSize" 浠呭湪 "windows" 6.1 鍙婃洿楂樼増鏈?涓婂彈鏀寔銆?(https://learn.microsoft.com/dotnet/fundamentals/code-analysis/quality-rules/ca1416) [H:\code\ScreenControl\ScreenControl.csproj]
H:\code\ScreenControl\MainForm.cs(309,27): warning CA1416: 鍙湪鎵€鏈夊钩鍙颁笂璁块棶姝よ皟鐢ㄧ珯鐐广€?Label" 浠呭湪 "windows" 6.1 鍙婃洿楂樼増鏈?涓婂彈鏀寔銆?(https://learn.microsoft.com/dotnet/fundamentals/code-analysis/quality-rules/ca1416) [H:\code\ScreenControl\ScreenControl.csproj]
H:\code\ScreenControl\MainForm.cs(325,31): warning CA1416: 鍙湪鎵€鏈夊钩鍙颁笂璁块棶姝よ皟鐢ㄧ珯鐐广€?Form.ClientSize" 浠呭湪 "windows" 6.1 鍙婃洿楂樼増鏈?涓婂彈鏀寔銆?(https://learn.microsoft.com/dotnet/fundamentals/code-analysis/quality-rules/ca1416) [H:\code\ScreenControl\ScreenControl.csproj]
H:\code\ScreenControl\MainForm.cs(322,13): warning CA1416: 鍙湪鎵€鏈夊钩鍙颁笂璁块棶姝よ皟鐢ㄧ珯鐐广€?Label.Text" 浠呭湪 "windows" 6.1 鍙婃洿楂樼増鏈?涓婂彈鏀寔銆?(https://learn.microsoft.com/dotnet/fundamentals/code-analysis/quality-rules/ca1416) [H:\code\ScreenControl\ScreenControl.csproj]
H:\code\ScreenControl\MainForm.cs(328,39): warning CA1416: 鍙湪鎵€鏈夊钩鍙颁笂璁块棶姝よ皟鐢ㄧ珯鐐广€?BorderStyle.FixedSingle" 浠呭湪 "windows" 6.1 鍙婃洿楂樼増鏈?涓婂彈鏀寔銆?(https://learn.microsoft.com/dotnet/fundamentals/code-analysis/quality-rules/ca1416) [H:\code\ScreenControl\ScreenControl.csproj]
H:\code\ScreenControl\MainForm.cs(329,13): warning CA1416: 鍙湪鎵€鏈夊钩鍙颁笂璁块棶姝よ皟鐢ㄧ珯鐐广€?Label.TextAlign" 浠呭湪 "windows" 6.1 鍙婃洿楂樼増鏈?涓婂彈鏀寔銆?(https://learn.microsoft.com/dotnet/fundamentals/code-analysis/quality-rules/ca1416) [H:\code\ScreenControl\ScreenControl.csproj]
H:\code\ScreenControl\MainForm.cs(311,13): warning CA1416: 鍙湪鎵€鏈夊钩鍙颁笂璁块棶姝よ皟鐢ㄧ珯鐐广€?Control.Width" 浠呭湪 "windows" 6.1 鍙婃洿楂樼増鏈?涓婂彈鏀寔銆?(https://learn.microsoft.com/dotnet/fundamentals/code-analysis/quality-rules/ca1416) [H:\code\ScreenControl\ScreenControl.csproj]
H:\code\ScreenControl\MainForm.cs(330,13): warning CA1416: 鍙湪鎵€鏈夊钩鍙颁笂璁块棶姝よ皟鐢ㄧ珯鐐广€?Control.ControlCollection.Add(Control?)" 浠呭湪 "windows" 6.1 鍙婃洿楂樼増鏈?涓婂彈鏀寔銆?(https://learn.microsoft.com/dotnet/fundamentals/code-analysis/quality-rules/ca1416) [H:\code\ScreenControl\ScreenControl.csproj]
H:\code\ScreenControl\MainForm.cs(325,13): warning CA1416: 鍙湪鎵€鏈夊钩鍙颁笂璁块棶姝よ皟鐢ㄧ珯鐐广€?Control.Top" 浠呭湪 "windows" 6.1 鍙婃洿楂樼増鏈?涓婂彈鏀寔銆?(https://learn.microsoft.com/dotnet/fundamentals/code-analysis/quality-rules/ca1416) [H:\code\ScreenControl\ScreenControl.csproj]
H:\code\ScreenControl\MainForm.cs(406,17): warning CA1416: 鍙湪鎵€鏈夊钩鍙颁笂璁块棶姝よ皟鐢ㄧ珯鐐广€?Timer.Start()" 浠呭湪 "windows" 6.1 鍙婃洿楂樼増鏈?涓婂彈鏀寔銆?(https://learn.microsoft.com/dotnet/fundamentals/code-analysis/quality-rules/ca1416) [H:\code\ScreenControl\ScreenControl.csproj]
H:\code\ScreenControl\MainForm.cs(400,29): warning CA1416: 鍙湪鎵€鏈夊钩鍙颁笂璁块棶姝よ皟鐢ㄧ珯鐐广€?Control.Handle" 浠呭湪 "windows" 6.1 鍙婃洿楂樼増鏈?涓婂彈鏀寔銆?(https://learn.microsoft.com/dotnet/fundamentals/code-analysis/quality-rules/ca1416) [H:\code\ScreenControl\ScreenControl.csproj]
H:\code\ScreenControl\MainForm.cs(492,17): warning CA1416: 鍙湪鎵€鏈夊钩鍙颁笂璁块棶姝よ皟鐢ㄧ珯鐐广€?Timer.Stop()" 浠呭湪 "windows" 6.1 鍙婃洿楂樼増鏈?涓婂彈鏀寔銆?(https://learn.microsoft.com/dotnet/fundamentals/code-analysis/quality-rules/ca1416) [H:\code\ScreenControl\ScreenControl.csproj]
H:\code\ScreenControl\MainForm.cs(551,17): warning CA1416: 鍙湪鎵€鏈夊钩鍙颁笂璁块棶姝よ皟鐢ㄧ珯鐐广€?Label.Text" 浠呭湪 "windows" 6.1 鍙婃洿楂樼増鏈?涓婂彈鏀寔銆?(https://learn.microsoft.com/dotnet/fundamentals/code-analysis/quality-rules/ca1416) [H:\code\ScreenControl\ScreenControl.csproj]
H:\code\ScreenControl\MainForm.cs(587,93): warning CA1416: 鍙湪鎵€鏈夊钩鍙颁笂璁块棶姝よ皟鐢ㄧ珯鐐广€?ToolTipIcon.Info" 浠呭湪 "windows" 6.1 鍙婃洿楂樼増鏈?涓婂彈鏀寔銆?(https://learn.microsoft.com/dotnet/fundamentals/code-analysis/quality-rules/ca1416) [H:\code\ScreenControl\ScreenControl.csproj]
H:\code\ScreenControl\MainForm.cs(567,13): warning CA1416: 鍙湪鎵€鏈夊钩鍙颁笂璁块棶姝よ皟鐢ㄧ珯鐐广€?Form.OnResize(EventArgs)" 浠呭湪 "windows" 6.1 鍙婃洿楂樼増鏈?涓婂彈鏀寔銆?(https://learn.microsoft.com/dotnet/fundamentals/code-analysis/quality-rules/ca1416) [H:\code\ScreenControl\ScreenControl.csproj]
H:\code\ScreenControl\MainForm.cs(578,17): warning CA1416: 鍙湪鎵€鏈夊钩鍙颁笂璁块棶姝よ皟鐢ㄧ珯鐐广€?Form.ShowInTaskbar" 浠呭湪 "windows" 6.1 鍙婃洿楂樼増鏈?涓婂彈鏀寔銆?(https://learn.microsoft.com/dotnet/fundamentals/code-analysis/quality-rules/ca1416) [H:\code\ScreenControl\ScreenControl.csproj]
H:\code\ScreenControl\MainForm.cs(570,17): warning CA1416: 鍙湪鎵€鏈夊钩鍙颁笂璁块棶姝よ皟鐢ㄧ珯鐐广€?Form.WindowState" 浠呭湪 "windows" 6.1 鍙婃洿楂樼増鏈?涓婂彈鏀寔銆?(https://learn.microsoft.com/dotnet/fundamentals/code-analysis/quality-rules/ca1416) [H:\code\ScreenControl\ScreenControl.csproj]
H:\code\ScreenControl\MainForm.cs(587,21): warning CA1416: 鍙湪鎵€鏈夊钩鍙颁笂璁块棶姝よ皟鐢ㄧ珯鐐广€?NotifyIcon.ShowBalloonTip(int, string, string, ToolTipIcon)" 浠呭湪 "windows" 6.1 鍙婃洿楂樼増鏈?涓婂彈鏀寔銆?(https://learn.microsoft.com/dotnet/fundamentals/code-analysis/quality-rules/ca1416) [H:\code\ScreenControl\ScreenControl.csproj]
H:\code\ScreenControl\MainForm.cs(581,17): warning CA1416: 鍙湪鎵€鏈夊钩鍙颁笂璁块棶姝よ皟鐢ㄧ珯鐐广€?NotifyIcon.Visible" 浠呭湪 "windows" 6.1 鍙婃洿楂樼増鏈?涓婂彈鏀寔銆?(https://learn.microsoft.com/dotnet/fundamentals/code-analysis/quality-rules/ca1416) [H:\code\ScreenControl\ScreenControl.csproj]
H:\code\ScreenControl\MainForm.cs(576,17): warning CA1416: 鍙湪鎵€鏈夊钩鍙颁笂璁块棶姝よ皟鐢ㄧ珯鐐广€?Control.Visible" 浠呭湪 "windows" 6.1 鍙婃洿楂樼増鏈?涓婂彈鏀寔銆?(https://learn.microsoft.com/dotnet/fundamentals/code-analysis/quality-rules/ca1416) [H:\code\ScreenControl\ScreenControl.csproj]
H:\code\ScreenControl\UpdateDownloader.cs(232,117): warning CA1416: 鍙湪鎵€鏈夊钩鍙颁笂璁块棶姝よ皟鐢ㄧ珯鐐广€?MessageBoxIcon.Information" 浠呭湪 "windows" 6.1 鍙婃洿楂樼増鏈?涓婂彈鏀寔銆?(https://learn.microsoft.com/dotnet/fundamentals/code-analysis/quality-rules/ca1416) [H:\code\ScreenControl\ScreenControl.csproj]
H:\code\ScreenControl\UpdateDownloader.cs(208,33): warning CA1416: 鍙湪鎵€鏈夊钩鍙颁笂璁块棶姝よ皟鐢ㄧ珯鐐广€?MessageBoxIcon.Information" 浠呭湪 "windows" 6.1 鍙婃洿楂樼増鏈?涓婂彈鏀寔銆?(https://learn.microsoft.com/dotnet/fundamentals/code-analysis/quality-rules/ca1416) [H:\code\ScreenControl\ScreenControl.csproj]
H:\code\ScreenControl\UpdateDownloader.cs(203,51): warning CA1416: 鍙湪鎵€鏈夊钩鍙颁笂璁块棶姝よ皟鐢ㄧ珯鐐广€?MessageBox.Show(IWin32Window?, string?, string?, MessageBoxButtons, MessageBoxIcon, MessageBoxDefaultButton)" 浠呭湪 "windows" 6.1 鍙婃洿楂樼増鏈?涓婂彈鏀寔銆?(https://learn.microsoft.com/dotnet/fundamentals/code-analysis/quality-rules/ca1416) [H:\code\ScreenControl\ScreenControl.csproj]
H:\code\ScreenControl\MainForm.cs(620,17): warning CA1416: 鍙湪鎵€鏈夊钩鍙颁笂璁块棶姝よ皟鐢ㄧ珯鐐广€?NotifyIcon.Visible" 浠呭湪 "windows" 6.1 鍙婃洿楂樼増鏈?涓婂彈鏀寔銆?(https://learn.microsoft.com/dotnet/fundamentals/code-analysis/quality-rules/ca1416) [H:\code\ScreenControl\ScreenControl.csproj]
H:\code\ScreenControl\MainForm.cs(604,13): warning CA1416: 鍙湪鎵€鏈夊钩鍙颁笂璁块棶姝よ皟鐢ㄧ珯鐐广€?Timer.Stop()" 浠呭湪 "windows" 6.1 鍙婃洿楂樼増鏈?涓婂彈鏀寔銆?(https://learn.microsoft.com/dotnet/fundamentals/code-analysis/quality-rules/ca1416) [H:\code\ScreenControl\ScreenControl.csproj]
H:\code\ScreenControl\MainForm.cs(612,13): warning CA1416: 鍙湪鎵€鏈夊钩鍙颁笂璁块棶姝よ皟鐢ㄧ珯鐐广€?Timer.Stop()" 浠呭湪 "windows" 6.1 鍙婃洿楂樼増鏈?涓婂彈鏀寔銆?(https://learn.microsoft.com/dotnet/fundamentals/code-analysis/quality-rules/ca1416) [H:\code\ScreenControl\ScreenControl.csproj]
H:\code\ScreenControl\UpdateDownloader.cs(189,21): warning CA1416: 鍙湪鎵€鏈夊钩鍙颁笂璁块棶姝よ皟鐢ㄧ珯鐐广€?Control.Invoke(Delegate)" 浠呭湪 "windows" 6.1 鍙婃洿楂樼増鏈?涓婂彈鏀寔銆?(https://learn.microsoft.com/dotnet/fundamentals/code-analysis/quality-rules/ca1416) [H:\code\ScreenControl\ScreenControl.csproj]
H:\code\ScreenControl\UpdateDownloader.cs(185,25): warning CA1416: 鍙湪鎵€鏈夊钩鍙颁笂璁块棶姝よ皟鐢ㄧ珯鐐广€?Form.Close()" 浠呭湪 "windows" 6.1 鍙婃洿楂樼増鏈?涓婂彈鏀寔銆?(https://learn.microsoft.com/dotnet/fundamentals/code-analysis/quality-rules/ca1416) [H:\code\ScreenControl\ScreenControl.csproj]
H:\code\ScreenControl\MainForm.cs(603,13): warning CA1416: 鍙湪鎵€鏈夊钩鍙颁笂璁块棶姝よ皟鐢ㄧ珯鐐广€?Form.OnFormClosing(FormClosingEventArgs)" 浠呭湪 "windows" 6.1 鍙婃洿楂樼増鏈?涓婂彈鏀寔銆?(https://learn.microsoft.com/dotnet/fundamentals/code-analysis/quality-rules/ca1416) [H:\code\ScreenControl\ScreenControl.csproj]
H:\code\ScreenControl\MainForm.cs(609,17): warning CA1416: 鍙湪鎵€鏈夊钩鍙颁笂璁块棶姝よ皟鐢ㄧ珯鐐广€?NotifyIcon.Visible" 浠呭湪 "windows" 6.1 鍙婃洿楂樼増鏈?涓婂彈鏀寔銆?(https://learn.microsoft.com/dotnet/fundamentals/code-analysis/quality-rules/ca1416) [H:\code\ScreenControl\ScreenControl.csproj]
H:\code\ScreenControl\UpdateDownloader.cs(237,37): warning CA1416: 鍙湪鎵€鏈夊钩鍙颁笂璁块棶姝よ皟鐢ㄧ珯鐐广€?MessageBox.Show(IWin32Window?, string?, string?, MessageBoxButtons, MessageBoxIcon)" 浠呭湪 "windows" 6.1 鍙婃洿楂樼増鏈?涓婂彈鏀寔銆?(https://learn.microsoft.com/dotnet/fundamentals/code-analysis/quality-rules/ca1416) [H:\code\ScreenControl\ScreenControl.csproj]
H:\code\ScreenControl\UpdateDownloader.cs(232,37): warning CA1416: 鍙湪鎵€鏈夊钩鍙颁笂璁块棶姝よ皟鐢ㄧ珯鐐广€?MessageBox.Show(IWin32Window?, string?, string?, MessageBoxButtons, MessageBoxIcon)" 浠呭湪 "windows" 6.1 鍙婃洿楂樼増鏈?涓婂彈鏀寔銆?(https://learn.microsoft.com/dotnet/fundamentals/code-analysis/quality-rules/ca1416) [H:\code\ScreenControl\ScreenControl.csproj]
H:\code\ScreenControl\UpdateDownloader.cs(184,21): warning CA1416: 鍙湪鎵€鏈夊钩鍙颁笂璁块棶姝よ皟鐢ㄧ珯鐐广€?Control.Invoke(Delegate)" 浠呭湪 "windows" 6.1 鍙婃洿楂樼増鏈?涓婂彈鏀寔銆?(https://learn.microsoft.com/dotnet/fundamentals/code-analysis/quality-rules/ca1416) [H:\code\ScreenControl\ScreenControl.csproj]
H:\code\ScreenControl\UpdateDownloader.cs(193,29): warning CA1416: 鍙湪鎵€鏈夊钩鍙颁笂璁块棶姝よ皟鐢ㄧ珯鐐广€?MessageBox.Show(IWin32Window?, string?, string?, MessageBoxButtons, MessageBoxIcon)" 浠呭湪 "windows" 6.1 鍙婃洿楂樼増鏈?涓婂彈鏀寔銆?(https://learn.microsoft.com/dotnet/fundamentals/code-analysis/quality-rules/ca1416) [H:\code\ScreenControl\ScreenControl.csproj]
H:\code\ScreenControl\UpdateDownloader.cs(209,33): warning CA1416: 鍙湪鎵€鏈夊钩鍙颁笂璁块棶姝よ皟鐢ㄧ珯鐐广€?MessageBoxDefaultButton.Button1" 浠呭湪 "windows" 6.1 鍙婃洿楂樼増鏈?涓婂彈鏀寔銆?(https://learn.microsoft.com/dotnet/fundamentals/code-analysis/quality-rules/ca1416) [H:\code\ScreenControl\ScreenControl.csproj]
H:\code\ScreenControl\UpdateDownloader.cs(197,33): warning CA1416: 鍙湪鎵€鏈夊钩鍙颁笂璁块棶姝よ皟鐢ㄧ珯鐐广€?MessageBoxButtons.OK" 浠呭湪 "windows" 6.1 鍙婃洿楂樼増鏈?涓婂彈鏀寔銆?(https://learn.microsoft.com/dotnet/fundamentals/code-analysis/quality-rules/ca1416) [H:\code\ScreenControl\ScreenControl.csproj]
H:\code\ScreenControl\UpdateDownloader.cs(232,95): warning CA1416: 鍙湪鎵€鏈夊钩鍙颁笂璁块棶姝よ皟鐢ㄧ珯鐐广€?MessageBoxButtons.OK" 浠呭湪 "windows" 6.1 鍙婃洿楂樼増鏈?涓婂彈鏀寔銆?(https://learn.microsoft.com/dotnet/fundamentals/code-analysis/quality-rules/ca1416) [H:\code\ScreenControl\ScreenControl.csproj]
H:\code\ScreenControl\UpdateDownloader.cs(207,33): warning CA1416: 鍙湪鎵€鏈夊钩鍙颁笂璁块棶姝よ皟鐢ㄧ珯鐐广€?MessageBoxButtons.YesNoCancel" 浠呭湪 "windows" 6.1 鍙婃洿楂樼増鏈?涓婂彈鏀寔銆?(https://learn.microsoft.com/dotnet/fundamentals/code-analysis/quality-rules/ca1416) [H:\code\ScreenControl\ScreenControl.csproj]
H:\code\ScreenControl\UpdateDownloader.cs(137,13): warning CA1416: 鍙湪鎵€鏈夊钩鍙颁笂璁块棶姝よ皟鐢ㄧ珯鐐广€?Form.Owner" 浠呭湪 "windows" 6.1 鍙婃洿楂樼増鏈?涓婂彈鏀寔銆?(https://learn.microsoft.com/dotnet/fundamentals/code-analysis/quality-rules/ca1416) [H:\code\ScreenControl\ScreenControl.csproj]
H:\code\ScreenControl\UpdateDownloader.cs(166,21): warning CA1416: 鍙湪鎵€鏈夊钩鍙颁笂璁块棶姝よ皟鐢ㄧ珯鐐广€?Control.Invoke(Delegate)" 浠呭湪 "windows" 6.1 鍙婃洿楂樼増鏈?涓婂彈鏀寔銆?(https://learn.microsoft.com/dotnet/fundamentals/code-analysis/quality-rules/ca1416) [H:\code\ScreenControl\ScreenControl.csproj]
H:\code\ScreenControl\UpdateDownloader.cs(198,33): warning CA1416: 鍙湪鎵€鏈夊钩鍙颁笂璁块棶姝よ皟鐢ㄧ珯鐐广€?MessageBoxIcon.Error" 浠呭湪 "windows" 6.1 鍙婃洿楂樼増鏈?涓婂彈鏀寔銆?(https://learn.microsoft.com/dotnet/fundamentals/code-analysis/quality-rules/ca1416) [H:\code\ScreenControl\ScreenControl.csproj]
H:\code\ScreenControl\UpdateDownloader.cs(136,13): warning CA1416: 鍙湪鎵€鏈夊钩鍙颁笂璁块棶姝よ皟鐢ㄧ珯鐐广€?Form.Text" 浠呭湪 "windows" 6.1 鍙婃洿楂樼増鏈?涓婂彈鏀寔銆?(https://learn.microsoft.com/dotnet/fundamentals/code-analysis/quality-rules/ca1416) [H:\code\ScreenControl\ScreenControl.csproj]
H:\code\ScreenControl\UpdateDownloader.cs(246,13): warning CA1416: 鍙湪鎵€鏈夊钩鍙颁笂璁块棶姝よ皟鐢ㄧ珯鐐广€?Form.ShowDialog(IWin32Window?)" 浠呭湪 "windows" 6.1 鍙婃洿楂樼増鏈?涓婂彈鏀寔銆?(https://learn.microsoft.com/dotnet/fundamentals/code-analysis/quality-rules/ca1416) [H:\code\ScreenControl\ScreenControl.csproj]
H:\code\ScreenControl\UpdateDownloader.cs(175,21): warning CA1416: 鍙湪鎵€鏈夊钩鍙颁笂璁块棶姝よ皟鐢ㄧ珯鐐广€?Control.Invoke(Delegate)" 浠呭湪 "windows" 6.1 鍙婃洿楂樼増鏈?涓婂彈鏀寔銆?(https://learn.microsoft.com/dotnet/fundamentals/code-analysis/quality-rules/ca1416) [H:\code\ScreenControl\ScreenControl.csproj]
H:\code\ScreenControl\UpdateDownloader.cs(237,97): warning CA1416: 鍙湪鎵€鏈夊钩鍙颁笂璁块棶姝よ皟鐢ㄧ珯鐐广€?MessageBoxButtons.OK" 浠呭湪 "windows" 6.1 鍙婃洿楂樼増鏈?涓婂彈鏀寔銆?(https://learn.microsoft.com/dotnet/fundamentals/code-analysis/quality-rules/ca1416) [H:\code\ScreenControl\ScreenControl.csproj]
H:\code\ScreenControl\UpdateDownloader.cs(155,21): warning CA1416: 鍙湪鎵€鏈夊钩鍙颁笂璁块棶姝よ皟鐢ㄧ珯鐐广€?Control.Invoke(Delegate)" 浠呭湪 "windows" 6.1 鍙婃洿楂樼増鏈?涓婂彈鏀寔銆?(https://learn.microsoft.com/dotnet/fundamentals/code-analysis/quality-rules/ca1416) [H:\code\ScreenControl\ScreenControl.csproj]
H:\code\ScreenControl\UpdateDownloader.cs(237,119): warning CA1416: 鍙湪鎵€鏈夊钩鍙颁笂璁块棶姝よ皟鐢ㄧ珯鐐广€?MessageBoxIcon.Error" 浠呭湪 "windows" 6.1 鍙婃洿楂樼増鏈?涓婂彈鏀寔銆?(https://learn.microsoft.com/dotnet/fundamentals/code-analysis/quality-rules/ca1416) [H:\code\ScreenControl\ScreenControl.csproj]
H:\code\ScreenControl\MainForm.cs(656,78): warning CA1416: 鍙湪鎵€鏈夊钩鍙颁笂璁块棶姝よ皟鐢ㄧ珯鐐广€?Keys.NumPad1" 浠呭湪 "windows" 6.1 鍙婃洿楂樼増鏈?涓婂彈鏀寔銆?(https://learn.microsoft.com/dotnet/fundamentals/code-analysis/quality-rules/ca1416) [H:\code\ScreenControl\ScreenControl.csproj]
H:\code\ScreenControl\MainForm.cs(680,34): warning CA1416: 鍙湪鎵€鏈夊钩鍙颁笂璁块棶姝よ皟鐢ㄧ珯鐐广€?Control.Handle" 浠呭湪 "windows" 6.1 鍙婃洿楂樼増鏈?涓婂彈鏀寔銆?(https://learn.microsoft.com/dotnet/fundamentals/code-analysis/quality-rules/ca1416) [H:\code\ScreenControl\ScreenControl.csproj]
H:\code\ScreenControl\MainForm.cs(656,32): warning CA1416: 鍙湪鎵€鏈夊钩鍙颁笂璁块棶姝よ皟鐢ㄧ珯鐐广€?Control.Handle" 浠呭湪 "windows" 6.1 鍙婃洿楂樼増鏈?涓婂彈鏀寔銆?(https://learn.microsoft.com/dotnet/fundamentals/code-analysis/quality-rules/ca1416) [H:\code\ScreenControl\ScreenControl.csproj]
H:\code\ScreenControl\MainForm.cs(678,34): warning CA1416: 鍙湪鎵€鏈夊钩鍙颁笂璁块棶姝よ皟鐢ㄧ珯鐐广€?Control.Handle" 浠呭湪 "windows" 6.1 鍙婃洿楂樼増鏈?涓婂彈鏀寔銆?(https://learn.microsoft.com/dotnet/fundamentals/code-analysis/quality-rules/ca1416) [H:\code\ScreenControl\ScreenControl.csproj]
H:\code\ScreenControl\MainForm.cs(659,32): warning CA1416: 鍙湪鎵€鏈夊钩鍙颁笂璁块棶姝よ皟鐢ㄧ珯鐐广€?Control.Handle" 浠呭湪 "windows" 6.1 鍙婃洿楂樼増鏈?涓婂彈鏀寔銆?(https://learn.microsoft.com/dotnet/fundamentals/code-analysis/quality-rules/ca1416) [H:\code\ScreenControl\ScreenControl.csproj]
H:\code\ScreenControl\MainForm.cs(679,34): warning CA1416: 鍙湪鎵€鏈夊钩鍙颁笂璁块棶姝よ皟鐢ㄧ珯鐐广€?Control.Handle" 浠呭湪 "windows" 6.1 鍙婃洿楂樼増鏈?涓婂彈鏀寔銆?(https://learn.microsoft.com/dotnet/fundamentals/code-analysis/quality-rules/ca1416) [H:\code\ScreenControl\ScreenControl.csproj]
H:\code\ScreenControl\MainForm.cs(660,75): warning CA1416: 鍙湪鎵€鏈夊钩鍙颁笂璁块棶姝よ皟鐢ㄧ珯鐐广€?Keys.NumPad2" 浠呭湪 "windows" 6.1 鍙婃洿楂樼増鏈?涓婂彈鏀寔銆?(https://learn.microsoft.com/dotnet/fundamentals/code-analysis/quality-rules/ca1416) [H:\code\ScreenControl\ScreenControl.csproj]
H:\code\ScreenControl\MainForm.cs(660,32): warning CA1416: 鍙湪鎵€鏈夊钩鍙颁笂璁块棶姝よ皟鐢ㄧ珯鐐广€?Control.Handle" 浠呭湪 "windows" 6.1 鍙婃洿楂樼増鏈?涓婂彈鏀寔銆?(https://learn.microsoft.com/dotnet/fundamentals/code-analysis/quality-rules/ca1416) [H:\code\ScreenControl\ScreenControl.csproj]
H:\code\ScreenControl\MainForm.cs(655,78): warning CA1416: 鍙湪鎵€鏈夊钩鍙颁笂璁块棶姝よ皟鐢ㄧ珯鐐广€?Keys.D1" 浠呭湪 "windows" 6.1 鍙婃洿楂樼増鏈?涓婂彈鏀寔銆?(https://learn.microsoft.com/dotnet/fundamentals/code-analysis/quality-rules/ca1416) [H:\code\ScreenControl\ScreenControl.csproj]
H:\code\ScreenControl\MainForm.cs(659,75): warning CA1416: 鍙湪鎵€鏈夊钩鍙颁笂璁块棶姝よ皟鐢ㄧ珯鐐广€?Keys.D2" 浠呭湪 "windows" 6.1 鍙婃洿楂樼増鏈?涓婂彈鏀寔銆?(https://learn.microsoft.com/dotnet/fundamentals/code-analysis/quality-rules/ca1416) [H:\code\ScreenControl\ScreenControl.csproj]
H:\code\ScreenControl\MainForm.cs(655,32): warning CA1416: 鍙湪鎵€鏈夊钩鍙颁笂璁块棶姝よ皟鐢ㄧ珯鐐广€?Control.Handle" 浠呭湪 "windows" 6.1 鍙婃洿楂樼増鏈?涓婂彈鏀寔銆?(https://learn.microsoft.com/dotnet/fundamentals/code-analysis/quality-rules/ca1416) [H:\code\ScreenControl\ScreenControl.csproj]
H:\code\ScreenControl\MainForm.cs(663,88): warning CA1416: 鍙湪鎵€鏈夊钩鍙颁笂璁块棶姝よ皟鐢ㄧ珯鐐广€?Keys.H" 浠呭湪 "windows" 6.1 鍙婃洿楂樼増鏈?涓婂彈鏀寔銆?(https://learn.microsoft.com/dotnet/fundamentals/code-analysis/quality-rules/ca1416) [H:\code\ScreenControl\ScreenControl.csproj]
H:\code\ScreenControl\MainForm.cs(663,32): warning CA1416: 鍙湪鎵€鏈夊钩鍙颁笂璁块棶姝よ皟鐢ㄧ珯鐐广€?Control.Handle" 浠呭湪 "windows" 6.1 鍙婃洿楂樼増鏈?涓婂彈鏀寔銆?(https://learn.microsoft.com/dotnet/fundamentals/code-analysis/quality-rules/ca1416) [H:\code\ScreenControl\ScreenControl.csproj]
H:\code\ScreenControl\UpdateDownloader.cs(299,37): warning CA1416: 鍙湪鎵€鏈夊钩鍙颁笂璁块棶姝よ皟鐢ㄧ珯鐐广€?Control.Invoke(Delegate)" 浠呭湪 "windows" 6.1 鍙婃洿楂樼増鏈?涓婂彈鏀寔銆?(https://learn.microsoft.com/dotnet/fundamentals/code-analysis/quality-rules/ca1416) [H:\code\ScreenControl\ScreenControl.csproj]
H:\code\ScreenControl\MainForm.cs(764,21): warning CA1416: 鍙湪鎵€鏈夊钩鍙颁笂璁块棶姝よ皟鐢ㄧ珯鐐广€?Message.WParam" 浠呭湪 "windows" 6.1 鍙婃洿楂樼増鏈?涓婂彈鏀寔銆?(https://learn.microsoft.com/dotnet/fundamentals/code-analysis/quality-rules/ca1416) [H:\code\ScreenControl\ScreenControl.csproj]
H:\code\ScreenControl\MainForm.cs(773,30): warning CA1416: 鍙湪鎵€鏈夊钩鍙颁笂璁块棶姝よ皟鐢ㄧ珯鐐广€?Message.WParam" 浠呭湪 "windows" 6.1 鍙婃洿楂樼増鏈?涓婂彈鏀寔銆?(https://learn.microsoft.com/dotnet/fundamentals/code-analysis/quality-rules/ca1416) [H:\code\ScreenControl\ScreenControl.csproj]
H:\code\ScreenControl\MainForm.cs(781,13): warning CA1416: 鍙湪鎵€鏈夊钩鍙颁笂璁块棶姝よ皟鐢ㄧ珯鐐广€?Form.WndProc(ref Message)" 浠呭湪 "windows" 6.1 鍙婃洿楂樼増鏈?涓婂彈鏀寔銆?(https://learn.microsoft.com/dotnet/fundamentals/code-analysis/quality-rules/ca1416) [H:\code\ScreenControl\ScreenControl.csproj]
H:\code\ScreenControl\MainForm.cs(751,26): warning CA1416: 鍙湪鎵€鏈夊钩鍙颁笂璁块棶姝よ皟鐢ㄧ珯鐐广€?Control.Visible" 浠呭湪 "windows" 6.1 鍙婃洿楂樼増鏈?涓婂彈鏀寔銆?(https://learn.microsoft.com/dotnet/fundamentals/code-analysis/quality-rules/ca1416) [H:\code\ScreenControl\ScreenControl.csproj]
H:\code\ScreenControl\MainForm.cs(737,30): warning CA1416: 鍙湪鎵€鏈夊钩鍙颁笂璁块棶姝よ皟鐢ㄧ珯鐐广€?Message.WParam" 浠呭湪 "windows" 6.1 鍙婃洿楂樼増鏈?涓婂彈鏀寔銆?(https://learn.microsoft.com/dotnet/fundamentals/code-analysis/quality-rules/ca1416) [H:\code\ScreenControl\ScreenControl.csproj]
H:\code\ScreenControl\MainForm.cs(775,37): warning CA1416: 鍙湪鎵€鏈夊钩鍙颁笂璁块棶姝よ皟鐢ㄧ珯鐐广€?Control.Visible" 浠呭湪 "windows" 6.1 鍙婃洿楂樼増鏈?涓婂彈鏀寔銆?(https://learn.microsoft.com/dotnet/fundamentals/code-analysis/quality-rules/ca1416) [H:\code\ScreenControl\ScreenControl.csproj]
H:\code\ScreenControl\MainForm.cs(744,21): warning CA1416: 鍙湪鎵€鏈夊钩鍙颁笂璁块棶姝よ皟鐢ㄧ珯鐐广€?Form.WndProc(ref Message)" 浠呭湪 "windows" 6.1 鍙婃洿楂樼増鏈?涓婂彈鏀寔銆?(https://learn.microsoft.com/dotnet/fundamentals/code-analysis/quality-rules/ca1416) [H:\code\ScreenControl\ScreenControl.csproj]
H:\code\ScreenControl\MainForm.cs(714,26): warning CA1416: 鍙湪鎵€鏈夊钩鍙颁笂璁块棶姝よ皟鐢ㄧ珯鐐广€?Message.WParam" 浠呭湪 "windows" 6.1 鍙婃洿楂樼増鏈?涓婂彈鏀寔銆?(https://learn.microsoft.com/dotnet/fundamentals/code-analysis/quality-rules/ca1416) [H:\code\ScreenControl\ScreenControl.csproj]
H:\code\ScreenControl\MainForm.cs(770,22): warning CA1416: 鍙湪鎵€鏈夊钩鍙颁笂璁块棶姝よ皟鐢ㄧ珯鐐广€?Message.Msg" 浠呭湪 "windows" 6.1 鍙婃洿楂樼増鏈?涓婂彈鏀寔銆?(https://learn.microsoft.com/dotnet/fundamentals/code-analysis/quality-rules/ca1416) [H:\code\ScreenControl\ScreenControl.csproj]
H:\code\ScreenControl\MainForm.cs(734,22): warning CA1416: 鍙湪鎵€鏈夊钩鍙颁笂璁块棶姝よ皟鐢ㄧ珯鐐广€?Message.Msg" 浠呭湪 "windows" 6.1 鍙婃洿楂樼増鏈?涓婂彈鏀寔銆?(https://learn.microsoft.com/dotnet/fundamentals/code-analysis/quality-rules/ca1416) [H:\code\ScreenControl\ScreenControl.csproj]
H:\code\ScreenControl\MainForm.cs(761,22): warning CA1416: 鍙湪鎵€鏈夊钩鍙颁笂璁块棶姝よ皟鐢ㄧ珯鐐广€?Message.Msg" 浠呭湪 "windows" 6.1 鍙婃洿楂樼増鏈?涓婂彈鏀寔銆?(https://learn.microsoft.com/dotnet/fundamentals/code-analysis/quality-rules/ca1416) [H:\code\ScreenControl\ScreenControl.csproj]
H:\code\ScreenControl\MainForm.cs(741,43): warning CA1416: 鍙湪鎵€鏈夊钩鍙颁笂璁块棶姝よ皟鐢ㄧ珯鐐广€?Form.WindowState" 浠呭湪 "windows" 6.1 鍙婃洿楂樼増鏈?涓婂彈鏀寔銆?(https://learn.microsoft.com/dotnet/fundamentals/code-analysis/quality-rules/ca1416) [H:\code\ScreenControl\ScreenControl.csproj]
H:\code\ScreenControl\MainForm.cs(712,17): warning CA1416: 鍙湪鎵€鏈夊钩鍙颁笂璁块棶姝よ皟鐢ㄧ珯鐐广€?Message.Msg" 浠呭湪 "windows" 6.1 鍙婃洿楂樼増鏈?涓婂彈鏀寔銆?(https://learn.microsoft.com/dotnet/fundamentals/code-analysis/quality-rules/ca1416) [H:\code\ScreenControl\ScreenControl.csproj]
H:\code\ScreenControl\MainForm.cs(764,49): warning CA1416: 鍙湪鎵€鏈夊钩鍙颁笂璁块棶姝よ皟鐢ㄧ珯鐐广€?Control.Visible" 浠呭湪 "windows" 6.1 鍙婃洿楂樼増鏈?涓婂彈鏀寔銆?(https://learn.microsoft.com/dotnet/fundamentals/code-analysis/quality-rules/ca1416) [H:\code\ScreenControl\ScreenControl.csproj]
H:\code\ScreenControl\MainForm.cs(792,41): warning CA1416: 鍙湪鎵€鏈夊钩鍙颁笂璁块棶姝よ皟鐢ㄧ珯鐐广€?KeyEventArgs.KeyCode" 浠呭湪 "windows" 6.1 鍙婃洿楂樼増鏈?涓婂彈鏀寔銆?(https://learn.microsoft.com/dotnet/fundamentals/code-analysis/quality-rules/ca1416) [H:\code\ScreenControl\ScreenControl.csproj]
H:\code\ScreenControl\MainForm.cs(803,17): warning CA1416: 鍙湪鎵€鏈夊钩鍙颁笂璁块棶姝よ皟鐢ㄧ珯鐐广€?KeyEventArgs.SuppressKeyPress" 浠呭湪 "windows" 6.1 鍙婃洿楂樼増鏈?涓婂彈鏀寔銆?(https://learn.microsoft.com/dotnet/fundamentals/code-analysis/quality-rules/ca1416) [H:\code\ScreenControl\ScreenControl.csproj]
H:\code\ScreenControl\MainForm.cs(796,17): warning CA1416: 鍙湪鎵€鏈夊钩鍙颁笂璁块棶姝よ皟鐢ㄧ珯鐐广€?KeyEventArgs.SuppressKeyPress" 浠呭湪 "windows" 6.1 鍙婃洿楂樼増鏈?涓婂彈鏀寔銆?(https://learn.microsoft.com/dotnet/fundamentals/code-analysis/quality-rules/ca1416) [H:\code\ScreenControl\ScreenControl.csproj]
H:\code\ScreenControl\MainForm.cs(799,22): warning CA1416: 鍙湪鎵€鏈夊钩鍙颁笂璁块棶姝よ皟鐢ㄧ珯鐐广€?KeyEventArgs.KeyCode" 浠呭湪 "windows" 6.1 鍙婃洿楂樼増鏈?涓婂彈鏀寔銆?(https://learn.microsoft.com/dotnet/fundamentals/code-analysis/quality-rules/ca1416) [H:\code\ScreenControl\ScreenControl.csproj]
H:\code\ScreenControl\MainForm.cs(809,17): warning CA1416: 鍙湪鎵€鏈夊钩鍙颁笂璁块棶姝よ皟鐢ㄧ珯鐐广€?KeyEventArgs.Handled" 浠呭湪 "windows" 6.1 鍙婃洿楂樼増鏈?涓婂彈鏀寔銆?(https://learn.microsoft.com/dotnet/fundamentals/code-analysis/quality-rules/ca1416) [H:\code\ScreenControl\ScreenControl.csproj]
H:\code\ScreenControl\MainForm.cs(795,17): warning CA1416: 鍙湪鎵€鏈夊钩鍙颁笂璁块棶姝よ皟鐢ㄧ珯鐐广€?KeyEventArgs.Handled" 浠呭湪 "windows" 6.1 鍙婃洿楂樼増鏈?涓婂彈鏀寔銆?(https://learn.microsoft.com/dotnet/fundamentals/code-analysis/quality-rules/ca1416) [H:\code\ScreenControl\ScreenControl.csproj]
H:\code\ScreenControl\MainForm.cs(802,17): warning CA1416: 鍙湪鎵€鏈夊钩鍙颁笂璁块棶姝よ皟鐢ㄧ珯鐐广€?KeyEventArgs.Handled" 浠呭湪 "windows" 6.1 鍙婃洿楂樼増鏈?涓婂彈鏀寔銆?(https://learn.microsoft.com/dotnet/fundamentals/code-analysis/quality-rules/ca1416) [H:\code\ScreenControl\ScreenControl.csproj]
H:\code\ScreenControl\MainForm.cs(810,17): warning CA1416: 鍙湪鎵€鏈夊钩鍙颁笂璁块棶姝よ皟鐢ㄧ珯鐐广€?KeyEventArgs.SuppressKeyPress" 浠呭湪 "windows" 6.1 鍙婃洿楂樼増鏈?涓婂彈鏀寔銆?(https://learn.microsoft.com/dotnet/fundamentals/code-analysis/quality-rules/ca1416) [H:\code\ScreenControl\ScreenControl.csproj]
H:\code\ScreenControl\MainForm.cs(799,46): warning CA1416: 鍙湪鎵€鏈夊钩鍙颁笂璁块棶姝よ皟鐢ㄧ珯鐐广€?KeyEventArgs.KeyCode" 浠呭湪 "windows" 6.1 鍙婃洿楂樼増鏈?涓婂彈鏀寔銆?(https://learn.microsoft.com/dotnet/fundamentals/code-analysis/quality-rules/ca1416) [H:\code\ScreenControl\ScreenControl.csproj]
H:\code\ScreenControl\MainForm.cs(792,17): warning CA1416: 鍙湪鎵€鏈夊钩鍙颁笂璁块棶姝よ皟鐢ㄧ珯鐐广€?KeyEventArgs.KeyCode" 浠呭湪 "windows" 6.1 鍙婃洿楂樼増鏈?涓婂彈鏀寔銆?(https://learn.microsoft.com/dotnet/fundamentals/code-analysis/quality-rules/ca1416) [H:\code\ScreenControl\ScreenControl.csproj]
H:\code\ScreenControl\MainForm.cs(806,31): warning CA1416: 鍙湪鎵€鏈夊钩鍙颁笂璁块棶姝よ皟鐢ㄧ珯鐐广€?KeyEventArgs.KeyCode" 浠呭湪 "windows" 6.1 鍙婃洿楂樼増鏈?涓婂彈鏀寔銆?(https://learn.microsoft.com/dotnet/fundamentals/code-analysis/quality-rules/ca1416) [H:\code\ScreenControl\ScreenControl.csproj]
H:\code\ScreenControl\MainForm.cs(806,22): warning CA1416: 鍙湪鎵€鏈夊钩鍙颁笂璁块棶姝よ皟鐢ㄧ珯鐐广€?KeyEventArgs.Alt" 浠呭湪 "windows" 6.1 鍙婃洿楂樼増鏈?涓婂彈鏀寔銆?(https://learn.microsoft.com/dotnet/fundamentals/code-analysis/quality-rules/ca1416) [H:\code\ScreenControl\ScreenControl.csproj]
H:\code\ScreenControl\MainForm.cs(826,21): warning CA1416: 鍙湪鎵€鏈夊钩鍙颁笂璁块棶姝よ皟鐢ㄧ珯鐐广€?Form.ShowDialog()" 浠呭湪 "windows" 6.1 鍙婃洿楂樼増鏈?涓婂彈鏀寔銆?(https://learn.microsoft.com/dotnet/fundamentals/code-analysis/quality-rules/ca1416) [H:\code\ScreenControl\ScreenControl.csproj]
H:\code\ScreenControl\MainForm.cs(847,13): warning CA1416: 鍙湪鎵€鏈夊钩鍙颁笂璁块棶姝よ皟鐢ㄧ珯鐐广€?ToolStrip.Items" 浠呭湪 "windows" 6.1 鍙婃洿楂樼増鏈?涓婂彈鏀寔銆?(https://learn.microsoft.com/dotnet/fundamentals/code-analysis/quality-rules/ca1416) [H:\code\ScreenControl\ScreenControl.csproj]
H:\code\ScreenControl\MainForm.cs(851,13): warning CA1416: 鍙湪鎵€鏈夊钩鍙颁笂璁块棶姝よ皟鐢ㄧ珯鐐广€?ToolStripItem.Click" 浠呭湪 "windows" 6.1 鍙婃洿楂樼増鏈?涓婂彈鏀寔銆?(https://learn.microsoft.com/dotnet/fundamentals/code-analysis/quality-rules/ca1416) [H:\code\ScreenControl\ScreenControl.csproj]
H:\code\ScreenControl\MainForm.cs(860,13): warning CA1416: 鍙湪鎵€鏈夊钩鍙颁笂璁块棶姝よ皟鐢ㄧ珯鐐广€?ToolStrip.Items" 浠呭湪 "windows" 6.1 鍙婃洿楂樼増鏈?涓婂彈鏀寔銆?(https://learn.microsoft.com/dotnet/fundamentals/code-analysis/quality-rules/ca1416) [H:\code\ScreenControl\ScreenControl.csproj]
H:\code\ScreenControl\MainForm.cs(858,13): warning CA1416: 鍙湪鎵€鏈夊钩鍙颁笂璁块棶姝よ皟鐢ㄧ珯鐐广€?ToolStrip.Items" 浠呭湪 "windows" 6.1 鍙婃洿楂樼増鏈?涓婂彈鏀寔銆?(https://learn.microsoft.com/dotnet/fundamentals/code-analysis/quality-rules/ca1416) [H:\code\ScreenControl\ScreenControl.csproj]
H:\code\ScreenControl\MainForm.cs(858,13): warning CA1416: 鍙湪鎵€鏈夊钩鍙颁笂璁块棶姝よ皟鐢ㄧ珯鐐广€?ToolStripItemCollection.Add(ToolStripItem)" 浠呭湪 "windows" 6.1 鍙婃洿楂樼増鏈?涓婂彈鏀寔銆?(https://learn.microsoft.com/dotnet/fundamentals/code-analysis/quality-rules/ca1416) [H:\code\ScreenControl\ScreenControl.csproj]
H:\code\ScreenControl\MainForm.cs(847,13): warning CA1416: 鍙湪鎵€鏈夊钩鍙颁笂璁块棶姝よ皟鐢ㄧ珯鐐广€?ToolStripItemCollection.Add(ToolStripItem)" 浠呭湪 "windows" 6.1 鍙婃洿楂樼増鏈?涓婂彈鏀寔銆?(https://learn.microsoft.com/dotnet/fundamentals/code-analysis/quality-rules/ca1416) [H:\code\ScreenControl\ScreenControl.csproj]
H:\code\ScreenControl\MainForm.cs(843,50): warning CA1416: 鍙湪鎵€鏈夊钩鍙颁笂璁块棶姝よ皟鐢ㄧ珯鐐广€?ToolStripMenuItem" 浠呭湪 "windows" 6.1 鍙婃洿楂樼増鏈?涓婂彈鏀寔銆?(https://learn.microsoft.com/dotnet/fundamentals/code-analysis/quality-rules/ca1416) [H:\code\ScreenControl\ScreenControl.csproj]
H:\code\ScreenControl\MainForm.cs(840,41): warning CA1416: 鍙湪鎵€鏈夊钩鍙颁笂璁块棶姝よ皟鐢ㄧ珯鐐广€?ContextMenuStrip" 浠呭湪 "windows" 6.1 鍙婃洿楂樼増鏈?涓婂彈鏀寔銆?(https://learn.microsoft.com/dotnet/fundamentals/code-analysis/quality-rules/ca1416) [H:\code\ScreenControl\ScreenControl.csproj]
H:\code\ScreenControl\MainForm.cs(854,53): warning CA1416: 鍙湪鎵€鏈夊钩鍙颁笂璁块棶姝よ皟鐢ㄧ珯鐐广€?ToolStripMenuItem" 浠呭湪 "windows" 6.1 鍙婃洿楂樼増鏈?涓婂彈鏀寔銆?(https://learn.microsoft.com/dotnet/fundamentals/code-analysis/quality-rules/ca1416) [H:\code\ScreenControl\ScreenControl.csproj]
H:\code\ScreenControl\MainForm.cs(860,13): warning CA1416: 鍙湪鎵€鏈夊钩鍙颁笂璁块棶姝よ皟鐢ㄧ珯鐐广€?ToolStripItemCollection.Add(ToolStripItem)" 浠呭湪 "windows" 6.1 鍙婃洿楂樼増鏈?涓婂彈鏀寔銆?(https://learn.microsoft.com/dotnet/fundamentals/code-analysis/quality-rules/ca1416) [H:\code\ScreenControl\ScreenControl.csproj]
H:\code\ScreenControl\MainForm.cs(855,13): warning CA1416: 鍙湪鎵€鏈夊钩鍙颁笂璁块棶姝よ皟鐢ㄧ珯鐐广€?ToolStripItem.Click" 浠呭湪 "windows" 6.1 鍙婃洿楂樼増鏈?涓婂彈鏀寔銆?(https://learn.microsoft.com/dotnet/fundamentals/code-analysis/quality-rules/ca1416) [H:\code\ScreenControl\ScreenControl.csproj]
H:\code\ScreenControl\MainForm.cs(850,47): warning CA1416: 鍙湪鎵€鏈夊钩鍙颁笂璁块棶姝よ皟鐢ㄧ珯鐐广€?ToolStripMenuItem" 浠呭湪 "windows" 6.1 鍙婃洿楂樼増鏈?涓婂彈鏀寔銆?(https://learn.microsoft.com/dotnet/fundamentals/code-analysis/quality-rules/ca1416) [H:\code\ScreenControl\ScreenControl.csproj]
H:\code\ScreenControl\MainForm.cs(859,13): warning CA1416: 鍙湪鎵€鏈夊钩鍙颁笂璁块棶姝よ皟鐢ㄧ珯鐐广€?ToolStrip.Items" 浠呭湪 "windows" 6.1 鍙婃洿楂樼増鏈?涓婂彈鏀寔銆?(https://learn.microsoft.com/dotnet/fundamentals/code-analysis/quality-rules/ca1416) [H:\code\ScreenControl\ScreenControl.csproj]
H:\code\ScreenControl\MainForm.cs(844,13): warning CA1416: 鍙湪鎵€鏈夊钩鍙颁笂璁块棶姝よ皟鐢ㄧ珯鐐广€?ToolStripItem.Click" 浠呭湪 "windows" 6.1 鍙婃洿楂樼増鏈?涓婂彈鏀寔銆?(https://learn.microsoft.com/dotnet/fundamentals/code-analysis/quality-rules/ca1416) [H:\code\ScreenControl\ScreenControl.csproj]
H:\code\ScreenControl\MainForm.cs(847,32): warning CA1416: 鍙湪鎵€鏈夊钩鍙颁笂璁块棶姝よ皟鐢ㄧ珯鐐广€?ToolStripSeparator" 浠呭湪 "windows" 6.1 鍙婃洿楂樼増鏈?涓婂彈鏀寔銆?(https://learn.microsoft.com/dotnet/fundamentals/code-analysis/quality-rules/ca1416) [H:\code\ScreenControl\ScreenControl.csproj]
H:\code\ScreenControl\MainForm.cs(859,13): warning CA1416: 鍙湪鎵€鏈夊钩鍙颁笂璁块棶姝よ皟鐢ㄧ珯鐐广€?ToolStripItemCollection.Add(ToolStripItem)" 浠呭湪 "windows" 6.1 鍙婃洿楂樼増鏈?涓婂彈鏀寔銆?(https://learn.microsoft.com/dotnet/fundamentals/code-analysis/quality-rules/ca1416) [H:\code\ScreenControl\ScreenControl.csproj]
H:\code\ScreenControl\MainForm.cs(863,13): warning CA1416: 鍙湪鎵€鏈夊钩鍙颁笂璁块棶姝よ皟鐢ㄧ珯鐐广€?ToolStripDropDown.Show(Control, Point)" 浠呭湪 "windows" 6.1 鍙婃洿楂樼増鏈?涓婂彈鏀寔銆?(https://learn.microsoft.com/dotnet/fundamentals/code-analysis/quality-rules/ca1416) [H:\code\ScreenControl\ScreenControl.csproj]
H:\code\ScreenControl\MainForm.cs(863,64): warning CA1416: 鍙湪鎵€鏈夊钩鍙颁笂璁块棶姝よ皟鐢ㄧ珯鐐广€?Control.Height" 浠呭湪 "windows" 6.1 鍙婃洿楂樼増鏈?涓婂彈鏀寔銆?(https://learn.microsoft.com/dotnet/fundamentals/code-analysis/quality-rules/ca1416) [H:\code\ScreenControl\ScreenControl.csproj]
H:\code\ScreenControl\MainForm.cs(906,21): warning CA1416: 鍙湪鎵€鏈夊钩鍙颁笂璁块棶姝よ皟鐢ㄧ珯鐐广€?MessageBox.Show(string?, string?, MessageBoxButtons, MessageBoxIcon)" 浠呭湪 "windows" 6.1 鍙婃洿楂樼増鏈?涓婂彈鏀寔銆?(https://learn.microsoft.com/dotnet/fundamentals/code-analysis/quality-rules/ca1416) [H:\code\ScreenControl\ScreenControl.csproj]
H:\code\ScreenControl\MainForm.cs(891,21): warning CA1416: 鍙湪鎵€鏈夊钩鍙颁笂璁块棶姝よ皟鐢ㄧ珯鐐广€?MessageBox.Show(string?, string?, MessageBoxButtons, MessageBoxIcon)" 浠呭湪 "windows" 6.1 鍙婃洿楂樼増鏈?涓婂彈鏀寔銆?(https://learn.microsoft.com/dotnet/fundamentals/code-analysis/quality-rules/ca1416) [H:\code\ScreenControl\ScreenControl.csproj]
H:\code\ScreenControl\MainForm.cs(891,64): warning CA1416: 鍙湪鎵€鏈夊钩鍙颁笂璁块棶姝よ皟鐢ㄧ珯鐐广€?MessageBoxButtons.OK" 浠呭湪 "windows" 6.1 鍙婃洿楂樼増鏈?涓婂彈鏀寔銆?(https://learn.microsoft.com/dotnet/fundamentals/code-analysis/quality-rules/ca1416) [H:\code\ScreenControl\ScreenControl.csproj]
H:\code\ScreenControl\MainForm.cs(913,85): warning CA1416: 鍙湪鎵€鏈夊钩鍙颁笂璁块棶姝よ皟鐢ㄧ珯鐐广€?MessageBoxIcon.Error" 浠呭湪 "windows" 6.1 鍙婃洿楂樼増鏈?涓婂彈鏀寔銆?(https://learn.microsoft.com/dotnet/fundamentals/code-analysis/quality-rules/ca1416) [H:\code\ScreenControl\ScreenControl.csproj]
H:\code\ScreenControl\MainForm.cs(906,74): warning CA1416: 鍙湪鎵€鏈夊钩鍙颁笂璁块棶姝よ皟鐢ㄧ珯鐐广€?MessageBoxButtons.OK" 浠呭湪 "windows" 6.1 鍙婃洿楂樼増鏈?涓婂彈鏀寔銆?(https://learn.microsoft.com/dotnet/fundamentals/code-analysis/quality-rules/ca1416) [H:\code\ScreenControl\ScreenControl.csproj]
H:\code\ScreenControl\MainForm.cs(891,86): warning CA1416: 鍙湪鎵€鏈夊钩鍙颁笂璁块棶姝よ皟鐢ㄧ珯鐐广€?MessageBoxIcon.Information" 浠呭湪 "windows" 6.1 鍙婃洿楂樼増鏈?涓婂彈鏀寔銆?(https://learn.microsoft.com/dotnet/fundamentals/code-analysis/quality-rules/ca1416) [H:\code\ScreenControl\ScreenControl.csproj]
H:\code\ScreenControl\MainForm.cs(906,96): warning CA1416: 鍙湪鎵€鏈夊钩鍙颁笂璁块棶姝よ皟鐢ㄧ珯鐐广€?MessageBoxIcon.Information" 浠呭湪 "windows" 6.1 鍙婃洿楂樼増鏈?涓婂彈鏀寔銆?(https://learn.microsoft.com/dotnet/fundamentals/code-analysis/quality-rules/ca1416) [H:\code\ScreenControl\ScreenControl.csproj]
H:\code\ScreenControl\MainForm.cs(913,17): warning CA1416: 鍙湪鎵€鏈夊钩鍙颁笂璁块棶姝よ皟鐢ㄧ珯鐐广€?MessageBox.Show(string?, string?, MessageBoxButtons, MessageBoxIcon)" 浠呭湪 "windows" 6.1 鍙婃洿楂樼増鏈?涓婂彈鏀寔銆?(https://learn.microsoft.com/dotnet/fundamentals/code-analysis/quality-rules/ca1416) [H:\code\ScreenControl\ScreenControl.csproj]
H:\code\ScreenControl\MainForm.cs(913,63): warning CA1416: 鍙湪鎵€鏈夊钩鍙颁笂璁块棶姝よ皟鐢ㄧ珯鐐广€?MessageBoxButtons.OK" 浠呭湪 "windows" 6.1 鍙婃洿楂樼増鏈?涓婂彈鏀寔銆?(https://learn.microsoft.com/dotnet/fundamentals/code-analysis/quality-rules/ca1416) [H:\code\ScreenControl\ScreenControl.csproj]
H:\code\ScreenControl\MainForm.cs(971,13): warning CA1416: 鍙湪鎵€鏈夊钩鍙颁笂璁块棶姝よ皟鐢ㄧ珯鐐广€?Control.Click" 浠呭湪 "windows" 6.1 鍙婃洿楂樼増鏈?涓婂彈鏀寔銆?(https://learn.microsoft.com/dotnet/fundamentals/code-analysis/quality-rules/ca1416) [H:\code\ScreenControl\ScreenControl.csproj]
H:\code\ScreenControl\MainForm.cs(963,13): warning CA1416: 鍙湪鎵€鏈夊钩鍙颁笂璁块棶姝よ皟鐢ㄧ珯鐐广€?Label.TextAlign" 浠呭湪 "windows" 6.1 鍙婃洿楂樼増鏈?涓婂彈鏀寔銆?(https://learn.microsoft.com/dotnet/fundamentals/code-analysis/quality-rules/ca1416) [H:\code\ScreenControl\ScreenControl.csproj]
H:\code\ScreenControl\MainForm.cs(939,13): warning CA1416: 鍙湪鎵€鏈夊钩鍙颁笂璁块棶姝よ皟鐢ㄧ珯鐐广€?Control.ForeColor" 浠呭湪 "windows" 6.1 鍙婃洿楂樼増鏈?涓婂彈鏀寔銆?(https://learn.microsoft.com/dotnet/fundamentals/code-analysis/quality-rules/ca1416) [H:\code\ScreenControl\ScreenControl.csproj]
H:\code\ScreenControl\MainForm.cs(961,13): warning CA1416: 鍙湪鎵€鏈夊钩鍙颁笂璁块棶姝よ皟鐢ㄧ珯鐐广€?Control.Size" 浠呭湪 "windows" 6.1 鍙婃洿楂樼増鏈?涓婂彈鏀寔銆?(https://learn.microsoft.com/dotnet/fundamentals/code-analysis/quality-rules/ca1416) [H:\code\ScreenControl\ScreenControl.csproj]
H:\code\ScreenControl\MainForm.cs(923,13): warning CA1416: 鍙湪鎵€鏈夊钩鍙颁笂璁块棶姝よ皟鐢ㄧ珯鐐广€?Form.StartPosition" 浠呭湪 "windows" 6.1 鍙婃洿楂樼増鏈?涓婂彈鏀寔銆?(https://learn.microsoft.com/dotnet/fundamentals/code-analysis/quality-rules/ca1416) [H:\code\ScreenControl\ScreenControl.csproj]
H:\code\ScreenControl\MainForm.cs(964,13): warning CA1416: 鍙湪鎵€鏈夊钩鍙颁笂璁块棶姝よ皟鐢ㄧ珯鐐广€?Label.AutoSize" 浠呭湪 "windows" 6.1 鍙婃洿楂樼増鏈?涓婂彈鏀寔銆?(https://learn.microsoft.com/dotnet/fundamentals/code-analysis/quality-rules/ca1416) [H:\code\ScreenControl\ScreenControl.csproj]
H:\code\ScreenControl\MainForm.cs(936,13): warning CA1416: 鍙湪鎵€鏈夊钩鍙颁笂璁块棶姝よ皟鐢ㄧ珯鐐广€?Control.Location" 浠呭湪 "windows" 6.1 鍙婃洿楂樼増鏈?涓婂彈鏀寔銆?(https://learn.microsoft.com/dotnet/fundamentals/code-analysis/quality-rules/ca1416) [H:\code\ScreenControl\ScreenControl.csproj]
H:\code\ScreenControl\MainForm.cs(950,13): warning CA1416: 鍙湪鎵€鏈夊钩鍙颁笂璁块棶姝よ皟鐢ㄧ珯鐐广€?Label.Text" 浠呭湪 "windows" 6.1 鍙婃洿楂樼増鏈?涓婂彈鏀寔銆?(https://learn.microsoft.com/dotnet/fundamentals/code-analysis/quality-rules/ca1416) [H:\code\ScreenControl\ScreenControl.csproj]
H:\code\ScreenControl\MainForm.cs(952,13): warning CA1416: 鍙湪鎵€鏈夊钩鍙颁笂璁块棶姝よ皟鐢ㄧ珯鐐广€?Control.Cursor" 浠呭湪 "windows" 6.1 鍙婃洿楂樼増鏈?涓婂彈鏀寔銆?(https://learn.microsoft.com/dotnet/fundamentals/code-analysis/quality-rules/ca1416) [H:\code\ScreenControl\ScreenControl.csproj]
H:\code\ScreenControl\MainForm.cs(933,13): warning CA1416: 鍙湪鎵€鏈夊钩鍙颁笂璁块棶姝よ皟鐢ㄧ珯鐐广€?Control.Font" 浠呭湪 "windows" 6.1 鍙婃洿楂樼増鏈?涓婂彈鏀寔銆?(https://learn.microsoft.com/dotnet/fundamentals/code-analysis/quality-rules/ca1416) [H:\code\ScreenControl\ScreenControl.csproj]
H:\code\ScreenControl\MainForm.cs(953,13): warning CA1416: 鍙湪鎵€鏈夊钩鍙颁笂璁块棶姝よ皟鐢ㄧ珯鐐广€?Control.Click" 浠呭湪 "windows" 6.1 鍙婃洿楂樼増鏈?涓婂彈鏀寔銆?(https://learn.microsoft.com/dotnet/fundamentals/code-analysis/quality-rules/ca1416) [H:\code\ScreenControl\ScreenControl.csproj]
H:\code\ScreenControl\MainForm.cs(922,13): warning CA1416: 鍙湪鎵€鏈夊钩鍙颁笂璁块棶姝よ皟鐢ㄧ珯鐐广€?Form.Size" 浠呭湪 "windows" 6.1 鍙婃洿楂樼増鏈?涓婂彈鏀寔銆?(https://learn.microsoft.com/dotnet/fundamentals/code-analysis/quality-rules/ca1416) [H:\code\ScreenControl\ScreenControl.csproj]
H:\code\ScreenControl\MainForm.cs(978,13): warning CA1416: 鍙湪鎵€鏈夊钩鍙颁笂璁块棶姝よ皟鐢ㄧ珯鐐广€?Control.Controls" 浠呭湪 "windows" 6.1 鍙婃洿楂樼増鏈?涓婂彈鏀寔銆?(https://learn.microsoft.com/dotnet/fundamentals/code-analysis/quality-rules/ca1416) [H:\code\ScreenControl\ScreenControl.csproj]
H:\code\ScreenControl\MainForm.cs(969,13): warning CA1416: 鍙湪鎵€鏈夊钩鍙颁笂璁块棶姝よ皟鐢ㄧ珯鐐广€?Control.Size" 浠呭湪 "windows" 6.1 鍙婃洿楂樼増鏈?涓婂彈鏀寔銆?(https://learn.microsoft.com/dotnet/fundamentals/code-analysis/quality-rules/ca1416) [H:\code\ScreenControl\ScreenControl.csproj]
H:\code\ScreenControl\MainForm.cs(937,13): warning CA1416: 鍙湪鎵€鏈夊钩鍙颁笂璁块棶姝よ皟鐢ㄧ珯鐐广€?Control.Size" 浠呭湪 "windows" 6.1 鍙婃洿楂樼増鏈?涓婂彈鏀寔銆?(https://learn.microsoft.com/dotnet/fundamentals/code-analysis/quality-rules/ca1416) [H:\code\ScreenControl\ScreenControl.csproj]
H:\code\ScreenControl\MainForm.cs(924,41): warning CA1416: 鍙湪鎵€鏈夊钩鍙颁笂璁块棶姝よ皟鐢ㄧ珯鐐广€?FormBorderStyle.FixedDialog" 浠呭湪 "windows" 6.1 鍙婃洿楂樼増鏈?涓婂彈鏀寔銆?(https://learn.microsoft.com/dotnet/fundamentals/code-analysis/quality-rules/ca1416) [H:\code\ScreenControl\ScreenControl.csproj]
H:\code\ScreenControl\MainForm.cs(933,33): warning CA1416: 鍙湪鎵€鏈夊钩鍙颁笂璁块棶姝よ皟鐢ㄧ珯鐐广€?Font" 浠呭湪 "windows" 6.1 鍙婃洿楂樼増鏈?涓婂彈鏀寔銆?(https://learn.microsoft.com/dotnet/fundamentals/code-analysis/quality-rules/ca1416) [H:\code\ScreenControl\ScreenControl.csproj]
H:\code\ScreenControl\MainForm.cs(935,32): warning CA1416: 鍙湪鎵€鏈夊钩鍙颁笂璁块棶姝よ皟鐢ㄧ珯鐐广€?Label" 浠呭湪 "windows" 6.1 鍙婃洿楂樼増鏈?涓婂彈鏀寔銆?(https://learn.microsoft.com/dotnet/fundamentals/code-analysis/quality-rules/ca1416) [H:\code\ScreenControl\ScreenControl.csproj]
H:\code\ScreenControl\MainForm.cs(933,57): warning CA1416: 鍙湪鎵€鏈夊钩鍙颁笂璁块棶姝よ皟鐢ㄧ珯鐐广€?Control.Font" 浠呭湪 "windows" 6.1 鍙婃洿楂樼増鏈?涓婂彈鏀寔銆?(https://learn.microsoft.com/dotnet/fundamentals/code-analysis/quality-rules/ca1416) [H:\code\ScreenControl\ScreenControl.csproj]
H:\code\ScreenControl\MainForm.cs(923,39): warning CA1416: 鍙湪鎵€鏈夊钩鍙颁笂璁块棶姝よ皟鐢ㄧ珯鐐广€?FormStartPosition.CenterParent" 浠呭湪 "windows" 6.1 鍙婃洿楂樼増鏈?涓婂彈鏀寔銆?(https://learn.microsoft.com/dotnet/fundamentals/code-analysis/quality-rules/ca1416) [H:\code\ScreenControl\ScreenControl.csproj]
H:\code\ScreenControl\MainForm.cs(971,45): warning CA1416: 鍙湪鎵€鏈夊钩鍙颁笂璁块棶姝よ皟鐢ㄧ珯鐐广€?Form.Close()" 浠呭湪 "windows" 6.1 鍙婃洿楂樼増鏈?涓婂彈鏀寔銆?(https://learn.microsoft.com/dotnet/fundamentals/code-analysis/quality-rules/ca1416) [H:\code\ScreenControl\ScreenControl.csproj]
H:\code\ScreenControl\MainForm.cs(974,13): warning CA1416: 鍙湪鎵€鏈夊钩鍙颁笂璁块棶姝よ皟鐢ㄧ珯鐐广€?Control.Controls" 浠呭湪 "windows" 6.1 鍙婃洿楂樼増鏈?涓婂彈鏀寔銆?(https://learn.microsoft.com/dotnet/fundamentals/code-analysis/quality-rules/ca1416) [H:\code\ScreenControl\ScreenControl.csproj]
H:\code\ScreenControl\MainForm.cs(951,13): warning CA1416: 鍙湪鎵€鏈夊钩鍙颁笂璁块棶姝よ皟鐢ㄧ珯鐐广€?Control.ForeColor" 浠呭湪 "windows" 6.1 鍙婃洿楂樼増鏈?涓婂彈鏀寔銆?(https://learn.microsoft.com/dotnet/fundamentals/code-analysis/quality-rules/ca1416) [H:\code\ScreenControl\ScreenControl.csproj]
H:\code\ScreenControl\MainForm.cs(932,13): warning CA1416: 鍙湪鎵€鏈夊钩鍙颁笂璁块棶姝よ皟鐢ㄧ珯鐐广€?Label.Text" 浠呭湪 "windows" 6.1 鍙婃洿楂樼増鏈?涓婂彈鏀寔銆?(https://learn.microsoft.com/dotnet/fundamentals/code-analysis/quality-rules/ca1416) [H:\code\ScreenControl\ScreenControl.csproj]
H:\code\ScreenControl\MainForm.cs(981,13): warning CA1416: 鍙湪鎵€鏈夊钩鍙颁笂璁块棶姝よ皟鐢ㄧ珯鐐广€?Form.ShowDialog(IWin32Window?)" 浠呭湪 "windows" 6.1 鍙婃洿楂樼増鏈?涓婂彈鏀寔銆?(https://learn.microsoft.com/dotnet/fundamentals/code-analysis/quality-rules/ca1416) [H:\code\ScreenControl\ScreenControl.csproj]
H:\code\ScreenControl\MainForm.cs(921,13): warning CA1416: 鍙湪鎵€鏈夊钩鍙颁笂璁块棶姝よ皟鐢ㄧ珯鐐广€?Form.Text" 浠呭湪 "windows" 6.1 鍙婃洿楂樼増鏈?涓婂彈鏀寔銆?(https://learn.microsoft.com/dotnet/fundamentals/code-analysis/quality-rules/ca1416) [H:\code\ScreenControl\ScreenControl.csproj]
H:\code\ScreenControl\MainForm.cs(941,13): warning CA1416: 鍙湪鎵€鏈夊钩鍙颁笂璁块棶姝よ皟鐢ㄧ珯鐐广€?Control.Click" 浠呭湪 "windows" 6.1 鍙婃洿楂樼増鏈?涓婂彈鏀寔銆?(https://learn.microsoft.com/dotnet/fundamentals/code-analysis/quality-rules/ca1416) [H:\code\ScreenControl\ScreenControl.csproj]
H:\code\ScreenControl\MainForm.cs(975,13): warning CA1416: 鍙湪鎵€鏈夊钩鍙颁笂璁块棶姝よ皟鐢ㄧ珯鐐广€?Control.Controls" 浠呭湪 "windows" 6.1 鍙婃洿楂樼増鏈?涓婂彈鏀寔銆?(https://learn.microsoft.com/dotnet/fundamentals/code-analysis/quality-rules/ca1416) [H:\code\ScreenControl\ScreenControl.csproj]
H:\code\ScreenControl\MainForm.cs(975,13): warning CA1416: 鍙湪鎵€鏈夊钩鍙颁笂璁块棶姝よ皟鐢ㄧ珯鐐广€?Control.ControlCollection.Add(Control?)" 浠呭湪 "windows" 6.1 鍙婃洿楂樼増鏈?涓婂彈鏀寔銆?(https://learn.microsoft.com/dotnet/fundamentals/code-analysis/quality-rules/ca1416) [H:\code\ScreenControl\ScreenControl.csproj]
H:\code\ScreenControl\MainForm.cs(930,13): warning CA1416: 鍙湪鎵€鏈夊钩鍙颁笂璁块棶姝よ皟鐢ㄧ珯鐐广€?Control.Location" 浠呭湪 "windows" 6.1 鍙婃洿楂樼増鏈?涓婂彈鏀寔銆?(https://learn.microsoft.com/dotnet/fundamentals/code-analysis/quality-rules/ca1416) [H:\code\ScreenControl\ScreenControl.csproj]
H:\code\ScreenControl\MainForm.cs(948,13): warning CA1416: 鍙湪鎵€鏈夊钩鍙颁笂璁块棶姝よ皟鐢ㄧ珯鐐广€?Control.Location" 浠呭湪 "windows" 6.1 鍙婃洿楂樼増鏈?涓婂彈鏀寔銆?(https://learn.microsoft.com/dotnet/fundamentals/code-analysis/quality-rules/ca1416) [H:\code\ScreenControl\ScreenControl.csproj]
H:\code\ScreenControl\MainForm.cs(962,13): warning CA1416: 鍙湪鎵€鏈夊钩鍙颁笂璁块棶姝よ皟鐢ㄧ珯鐐广€?Label.Text" 浠呭湪 "windows" 6.1 鍙婃洿楂樼増鏈?涓婂彈鏀寔銆?(https://learn.microsoft.com/dotnet/fundamentals/code-analysis/quality-rules/ca1416) [H:\code\ScreenControl\ScreenControl.csproj]
H:\code\ScreenControl\MainForm.cs(978,13): warning CA1416: 鍙湪鎵€鏈夊钩鍙颁笂璁块棶姝よ皟鐢ㄧ珯鐐广€?Control.ControlCollection.Add(Control?)" 浠呭湪 "windows" 6.1 鍙婃洿楂樼増鏈?涓婂彈鏀寔銆?(https://learn.microsoft.com/dotnet/fundamentals/code-analysis/quality-rules/ca1416) [H:\code\ScreenControl\ScreenControl.csproj]
H:\code\ScreenControl\MainForm.cs(976,13): warning CA1416: 鍙湪鎵€鏈夊钩鍙颁笂璁块棶姝よ皟鐢ㄧ珯鐐广€?Control.Controls" 浠呭湪 "windows" 6.1 鍙婃洿楂樼増鏈?涓婂彈鏀寔銆?(https://learn.microsoft.com/dotnet/fundamentals/code-analysis/quality-rules/ca1416) [H:\code\ScreenControl\ScreenControl.csproj]
H:\code\ScreenControl\MainForm.cs(960,13): warning CA1416: 鍙湪鎵€鏈夊钩鍙颁笂璁块棶姝よ皟鐢ㄧ珯鐐广€?Control.Location" 浠呭湪 "windows" 6.1 鍙婃洿楂樼増鏈?涓婂彈鏀寔銆?(https://learn.microsoft.com/dotnet/fundamentals/code-analysis/quality-rules/ca1416) [H:\code\ScreenControl\ScreenControl.csproj]
H:\code\ScreenControl\MainForm.cs(977,13): warning CA1416: 鍙湪鎵€鏈夊钩鍙颁笂璁块棶姝よ皟鐢ㄧ珯鐐广€?Control.Controls" 浠呭湪 "windows" 6.1 鍙婃洿楂樼増鏈?涓婂彈鏀寔銆?(https://learn.microsoft.com/dotnet/fundamentals/code-analysis/quality-rules/ca1416) [H:\code\ScreenControl\ScreenControl.csproj]
H:\code\ScreenControl\MainForm.cs(970,13): warning CA1416: 鍙湪鎵€鏈夊钩鍙颁笂璁块棶姝よ皟鐢ㄧ珯鐐广€?ButtonBase.Text" 浠呭湪 "windows" 6.1 鍙婃洿楂樼増鏈?涓婂彈鏀寔銆?(https://learn.microsoft.com/dotnet/fundamentals/code-analysis/quality-rules/ca1416) [H:\code\ScreenControl\ScreenControl.csproj]
H:\code\ScreenControl\MainForm.cs(929,34): warning CA1416: 鍙湪鎵€鏈夊钩鍙颁笂璁块棶姝よ皟鐢ㄧ珯鐐广€?Label" 浠呭湪 "windows" 6.1 鍙婃洿楂樼増鏈?涓婂彈鏀寔銆?(https://learn.microsoft.com/dotnet/fundamentals/code-analysis/quality-rules/ca1416) [H:\code\ScreenControl\ScreenControl.csproj]
H:\code\ScreenControl\MainForm.cs(974,13): warning CA1416: 鍙湪鎵€鏈夊钩鍙颁笂璁块棶姝よ皟鐢ㄧ珯鐐广€?Control.ControlCollection.Add(Control?)" 浠呭湪 "windows" 6.1 鍙婃洿楂樼増鏈?涓婂彈鏀寔銆?(https://learn.microsoft.com/dotnet/fundamentals/code-analysis/quality-rules/ca1416) [H:\code\ScreenControl\ScreenControl.csproj]
H:\code\ScreenControl\MainForm.cs(931,13): warning CA1416: 鍙湪鎵€鏈夊钩鍙颁笂璁块棶姝よ皟鐢ㄧ珯鐐广€?Control.Size" 浠呭湪 "windows" 6.1 鍙婃洿楂樼増鏈?涓婂彈鏀寔銆?(https://learn.microsoft.com/dotnet/fundamentals/code-analysis/quality-rules/ca1416) [H:\code\ScreenControl\ScreenControl.csproj]
H:\code\ScreenControl\MainForm.cs(920,30): warning CA1416: 鍙湪鎵€鏈夊钩鍙颁笂璁块棶姝よ皟鐢ㄧ珯鐐广€?Form" 浠呭湪 "windows" 6.1 鍙婃洿楂樼増鏈?涓婂彈鏀寔銆?(https://learn.microsoft.com/dotnet/fundamentals/code-analysis/quality-rules/ca1416) [H:\code\ScreenControl\ScreenControl.csproj]
H:\code\ScreenControl\MainForm.cs(926,13): warning CA1416: 鍙湪鎵€鏈夊钩鍙颁笂璁块棶姝よ皟鐢ㄧ珯鐐广€?Form.MinimizeBox" 浠呭湪 "windows" 6.1 鍙婃洿楂樼増鏈?涓婂彈鏀寔銆?(https://learn.microsoft.com/dotnet/fundamentals/code-analysis/quality-rules/ca1416) [H:\code\ScreenControl\ScreenControl.csproj]
H:\code\ScreenControl\MainForm.cs(952,34): warning CA1416: 鍙湪鎵€鏈夊钩鍙颁笂璁块棶姝よ皟鐢ㄧ珯鐐广€?Cursors.Hand" 浠呭湪 "windows" 6.1 鍙婃洿楂樼増鏈?涓婂彈鏀寔銆?(https://learn.microsoft.com/dotnet/fundamentals/code-analysis/quality-rules/ca1416) [H:\code\ScreenControl\ScreenControl.csproj]
H:\code\ScreenControl\MainForm.cs(967,34): warning CA1416: 鍙湪鎵€鏈夊钩鍙颁笂璁块棶姝よ皟鐢ㄧ珯鐐广€?Button" 浠呭湪 "windows" 6.1 鍙婃洿楂樼増鏈?涓婂彈鏀寔銆?(https://learn.microsoft.com/dotnet/fundamentals/code-analysis/quality-rules/ca1416) [H:\code\ScreenControl\ScreenControl.csproj]
H:\code\ScreenControl\MainForm.cs(977,13): warning CA1416: 鍙湪鎵€鏈夊钩鍙颁笂璁块棶姝よ皟鐢ㄧ珯鐐广€?Control.ControlCollection.Add(Control?)" 浠呭湪 "windows" 6.1 鍙婃洿楂樼増鏈?涓婂彈鏀寔銆?(https://learn.microsoft.com/dotnet/fundamentals/code-analysis/quality-rules/ca1416) [H:\code\ScreenControl\ScreenControl.csproj]
H:\code\ScreenControl\MainForm.cs(949,13): warning CA1416: 鍙湪鎵€鏈夊钩鍙颁笂璁块棶姝よ皟鐢ㄧ珯鐐广€?Control.Size" 浠呭湪 "windows" 6.1 鍙婃洿楂樼増鏈?涓婂彈鏀寔銆?(https://learn.microsoft.com/dotnet/fundamentals/code-analysis/quality-rules/ca1416) [H:\code\ScreenControl\ScreenControl.csproj]
H:\code\ScreenControl\MainForm.cs(938,13): warning CA1416: 鍙湪鎵€鏈夊钩鍙颁笂璁块棶姝よ皟鐢ㄧ珯鐐广€?Label.Text" 浠呭湪 "windows" 6.1 鍙婃洿楂樼増鏈?涓婂彈鏀寔銆?(https://learn.microsoft.com/dotnet/fundamentals/code-analysis/quality-rules/ca1416) [H:\code\ScreenControl\ScreenControl.csproj]
H:\code\ScreenControl\MainForm.cs(947,33): warning CA1416: 鍙湪鎵€鏈夊钩鍙颁笂璁块棶姝よ皟鐢ㄧ珯鐐广€?Label" 浠呭湪 "windows" 6.1 鍙婃洿楂樼増鏈?涓婂彈鏀寔銆?(https://learn.microsoft.com/dotnet/fundamentals/code-analysis/quality-rules/ca1416) [H:\code\ScreenControl\ScreenControl.csproj]
H:\code\ScreenControl\MainForm.cs(940,33): warning CA1416: 鍙湪鎵€鏈夊钩鍙颁笂璁块棶姝よ皟鐢ㄧ珯鐐广€?Cursors.Hand" 浠呭湪 "windows" 6.1 鍙婃洿楂樼増鏈?涓婂彈鏀寔銆?(https://learn.microsoft.com/dotnet/fundamentals/code-analysis/quality-rules/ca1416) [H:\code\ScreenControl\ScreenControl.csproj]
H:\code\ScreenControl\MainForm.cs(959,38): warning CA1416: 鍙湪鎵€鏈夊钩鍙颁笂璁块棶姝よ皟鐢ㄧ珯鐐广€?Label" 浠呭湪 "windows" 6.1 鍙婃洿楂樼増鏈?涓婂彈鏀寔銆?(https://learn.microsoft.com/dotnet/fundamentals/code-analysis/quality-rules/ca1416) [H:\code\ScreenControl\ScreenControl.csproj]
H:\code\ScreenControl\MainForm.cs(933,76): warning CA1416: 鍙湪鎵€鏈夊钩鍙颁笂璁块棶姝よ皟鐢ㄧ珯鐐广€?FontStyle.Bold" 浠呭湪 "windows" 6.1 鍙婃洿楂樼増鏈?涓婂彈鏀寔銆?(https://learn.microsoft.com/dotnet/fundamentals/code-analysis/quality-rules/ca1416) [H:\code\ScreenControl\ScreenControl.csproj]
H:\code\ScreenControl\MainForm.cs(968,13): warning CA1416: 鍙湪鎵€鏈夊钩鍙颁笂璁块棶姝よ皟鐢ㄧ珯鐐广€?Control.Location" 浠呭湪 "windows" 6.1 鍙婃洿楂樼増鏈?涓婂彈鏀寔銆?(https://learn.microsoft.com/dotnet/fundamentals/code-analysis/quality-rules/ca1416) [H:\code\ScreenControl\ScreenControl.csproj]
H:\code\ScreenControl\MainForm.cs(924,13): warning CA1416: 鍙湪鎵€鏈夊钩鍙颁笂璁块棶姝よ皟鐢ㄧ珯鐐广€?Form.FormBorderStyle" 浠呭湪 "windows" 6.1 鍙婃洿楂樼増鏈?涓婂彈鏀寔銆?(https://learn.microsoft.com/dotnet/fundamentals/code-analysis/quality-rules/ca1416) [H:\code\ScreenControl\ScreenControl.csproj]
H:\code\ScreenControl\MainForm.cs(940,13): warning CA1416: 鍙湪鎵€鏈夊钩鍙颁笂璁块棶姝よ皟鐢ㄧ珯鐐广€?Control.Cursor" 浠呭湪 "windows" 6.1 鍙婃洿楂樼増鏈?涓婂彈鏀寔銆?(https://learn.microsoft.com/dotnet/fundamentals/code-analysis/quality-rules/ca1416) [H:\code\ScreenControl\ScreenControl.csproj]
H:\code\ScreenControl\MainForm.cs(925,13): warning CA1416: 鍙湪鎵€鏈夊钩鍙颁笂璁块棶姝よ皟鐢ㄧ珯鐐广€?Form.MaximizeBox" 浠呭湪 "windows" 6.1 鍙婃洿楂樼増鏈?涓婂彈鏀寔銆?(https://learn.microsoft.com/dotnet/fundamentals/code-analysis/quality-rules/ca1416) [H:\code\ScreenControl\ScreenControl.csproj]
H:\code\ScreenControl\MainForm.cs(963,42): warning CA1416: 鍙湪鎵€鏈夊钩鍙颁笂璁块棶姝よ皟鐢ㄧ珯鐐广€?ContentAlignment.TopLeft" 浠呭湪 "windows" 6.1 鍙婃洿楂樼増鏈?涓婂彈鏀寔銆?(https://learn.microsoft.com/dotnet/fundamentals/code-analysis/quality-rules/ca1416) [H:\code\ScreenControl\ScreenControl.csproj]
H:\code\ScreenControl\MainForm.cs(976,13): warning CA1416: 鍙湪鎵€鏈夊钩鍙颁笂璁块棶姝よ皟鐢ㄧ珯鐐广€?Control.ControlCollection.Add(Control?)" 浠呭湪 "windows" 6.1 鍙婃洿楂樼増鏈?涓婂彈鏀寔銆?(https://learn.microsoft.com/dotnet/fundamentals/code-analysis/quality-rules/ca1416) [H:\code\ScreenControl\ScreenControl.csproj]

鐢熸垚澶辫触銆?

H:\code\ScreenControl\UpdateDownloader.cs(354,16): warning CS8618: 鍦ㄩ€€鍑烘瀯閫犲嚱鏁版椂锛屼笉鍙负 null 鐨?瀛楁 "_progressBar" 蹇呴』鍖呭惈闈?null 鍊笺€傝鑰冭檻娣诲姞 "required" 淇グ绗︽垨灏嗚 瀛楁 澹版槑涓哄彲涓?null銆?[H:\code\ScreenControl\ScreenControl.csproj]
H:\code\ScreenControl\UpdateDownloader.cs(354,16): warning CS8618: 鍦ㄩ€€鍑烘瀯閫犲嚱鏁版椂锛屼笉鍙负 null 鐨?瀛楁 "_statusLabel" 蹇呴』鍖呭惈闈?null 鍊笺€傝鑰冭檻娣诲姞 "required" 淇グ绗︽垨灏嗚 瀛楁 澹版槑涓哄彲涓?null銆?[H:\code\ScreenControl\ScreenControl.csproj]
H:\code\ScreenControl\SettingsForm.cs(64,63): warning CS8625: 鏃犳硶灏?null 瀛楅潰閲忚浆鎹负闈?null 鐨勫紩鐢ㄧ被鍨嬨€?[H:\code\ScreenControl\ScreenControl.csproj]
H:\code\ScreenControl\SettingsForm.cs(11,16): warning CS8618: 鍦ㄩ€€鍑烘瀯閫犲嚱鏁版椂锛屼笉鍙负 null 鐨?瀛楁 "groupBox1" 蹇呴』鍖呭惈闈?null 鍊笺€傝鑰冭檻娣诲姞 "required" 淇グ绗︽垨灏嗚 瀛楁 澹版槑涓哄彲涓?null銆?[H:\code\ScreenControl\ScreenControl.csproj]
H:\code\ScreenControl\SettingsForm.cs(11,16): warning CS8618: 鍦ㄩ€€鍑烘瀯閫犲嚱鏁版椂锛屼笉鍙负 null 鐨?瀛楁 "chkEnableHotkeys" 蹇呴』鍖呭惈闈?null 鍊笺€傝鑰冭檻娣诲姞 "required" 淇グ绗︽垨灏嗚 瀛楁 澹版槑涓哄彲涓?null銆?[H:\code\ScreenControl\ScreenControl.csproj]
H:\code\ScreenControl\SettingsForm.cs(11,16): warning CS8618: 鍦ㄩ€€鍑烘瀯閫犲嚱鏁版椂锛屼笉鍙负 null 鐨?瀛楁 "btnOK" 蹇呴』鍖呭惈闈?null 鍊笺€傝鑰冭檻娣诲姞 "required" 淇グ绗︽垨灏嗚 瀛楁 澹版槑涓哄彲涓?null銆?[H:\code\ScreenControl\ScreenControl.csproj]
H:\code\ScreenControl\SettingsForm.cs(11,16): warning CS8618: 鍦ㄩ€€鍑烘瀯閫犲嚱鏁版椂锛屼笉鍙负 null 鐨?瀛楁 "btnCancel" 蹇呴』鍖呭惈闈?null 鍊笺€傝鑰冭檻娣诲姞 "required" 淇グ绗︽垨灏嗚 瀛楁 澹版槑涓哄彲涓?null銆?[H:\code\ScreenControl\ScreenControl.csproj]
H:\code\ScreenControl\MainForm.cs(38,16): warning CS8618: 鍦ㄩ€€鍑烘瀯閫犲嚱鏁版椂锛屼笉鍙负 null 鐨?瀛楁 "monitorTimer" 蹇呴』鍖呭惈闈?null 鍊笺€傝鑰冭檻娣诲姞 "required" 淇グ绗︽垨灏嗚 瀛楁 澹版槑涓哄彲涓?null銆?[H:\code\ScreenControl\ScreenControl.csproj]
H:\code\ScreenControl\MainForm.cs(38,16): warning CS8618: 鍦ㄩ€€鍑烘瀯閫犲嚱鏁版椂锛屼笉鍙负 null 鐨?瀛楁 "uptimeTimer" 蹇呴』鍖呭惈闈?null 鍊笺€傝鑰冭檻娣诲姞 "required" 淇グ绗︽垨灏嗚 瀛楁 澹版槑涓哄彲涓?null銆?[H:\code\ScreenControl\ScreenControl.csproj]
H:\code\ScreenControl\MainForm.cs(38,16): warning CS8618: 鍦ㄩ€€鍑烘瀯閫犲嚱鏁版椂锛屼笉鍙负 null 鐨?瀛楁 "statusLabel" 蹇呴』鍖呭惈闈?null 鍊笺€傝鑰冭檻娣诲姞 "required" 淇グ绗︽垨灏嗚 瀛楁 澹版槑涓哄彲涓?null銆?[H:\code\ScreenControl\ScreenControl.csproj]
H:\code\ScreenControl\MainForm.cs(38,16): warning CS8618: 鍦ㄩ€€鍑烘瀯閫犲嚱鏁版椂锛屼笉鍙负 null 鐨?瀛楁 "uptimeLabel" 蹇呴』鍖呭惈闈?null 鍊笺€傝鑰冭檻娣诲姞 "required" 淇グ绗︽垨灏嗚 瀛楁 澹版槑涓哄彲涓?null銆?[H:\code\ScreenControl\ScreenControl.csproj]
H:\code\ScreenControl\MainForm.cs(38,16): warning CS8618: 鍦ㄩ€€鍑烘瀯閫犲嚱鏁版椂锛屼笉鍙负 null 鐨?瀛楁 "notifyIcon" 蹇呴』鍖呭惈闈?null 鍊笺€傝鑰冭檻娣诲姞 "required" 淇グ绗︽垨灏嗚 瀛楁 澹版槑涓哄彲涓?null銆?[H:\code\ScreenControl\ScreenControl.csproj]
H:\code\ScreenControl\MainForm.cs(38,16): warning CS8618: 鍦ㄩ€€鍑烘瀯閫犲嚱鏁版椂锛屼笉鍙负 null 鐨?瀛楁 "trayMenu" 蹇呴』鍖呭惈闈?null 鍊笺€傝鑰冭檻娣诲姞 "required" 淇グ绗︽垨灏嗚 瀛楁 澹版槑涓哄彲涓?null銆?[H:\code\ScreenControl\ScreenControl.csproj]
H:\code\ScreenControl\AutoUpdateManager.cs(69,84): warning CS8604: 鈥渧oid UpdateDownloader.ShowUpdateDialog(UpdateInfo updateInfo, string currentVersion, Action<string> statusUpdater, Action<string> logWriter, Form parentForm)鈥濅腑鐨勫舰鍙傗€渟tatusUpdater鈥濆彲鑳戒紶鍏?null 寮曠敤瀹炲弬銆?[H:\code\ScreenControl\ScreenControl.csproj]
H:\code\ScreenControl\AutoUpdateManager.cs(69,100): warning CS8604: 鈥渧oid UpdateDownloader.ShowUpdateDialog(UpdateInfo updateInfo, string currentVersion, Action<string> statusUpdater, Action<string> logWriter, Form parentForm)鈥濅腑鐨勫舰鍙傗€渓ogWriter鈥濆彲鑳戒紶鍏?null 寮曠敤瀹炲弬銆?[H:\code\ScreenControl\ScreenControl.csproj]
H:\code\ScreenControl\UpdateDownloader.cs(100,137): warning CS8604: 鈥淯pdateDownloader.UpdateDownloader(string downloadBaseUrl, string version, Action<string> statusUpdater, Action<string> logWriter, Form parentForm)鈥濅腑鐨勫舰鍙傗€減arentForm鈥濆彲鑳戒紶鍏?null 寮曠敤瀹炲弬銆?[H:\code\ScreenControl\ScreenControl.csproj]
H:\code\ScreenControl\SettingsForm.cs(116,57): warning CS8622: 鈥渧oid SettingsForm.btnOK_Click(object sender, EventArgs e)鈥濈殑鍙傛暟鈥渟ender鈥濈被鍨嬩腑寮曠敤绫诲瀷鐨勪负 Null 鎬т笌鐩爣濮旀墭鈥淓ventHandler鈥濅笉鍖归厤(鍙兘鏄敱浜庝负 Null 鎬х壒鎬?銆?[H:\code\ScreenControl\ScreenControl.csproj]
H:\code\ScreenControl\SettingsForm.cs(126,61): warning CS8622: 鈥渧oid SettingsForm.btnCancel_Click(object sender, EventArgs e)鈥濈殑鍙傛暟鈥渟ender鈥濈被鍨嬩腑寮曠敤绫诲瀷鐨勪负 Null 鎬т笌鐩爣濮旀墭鈥淓ventHandler鈥濅笉鍖归厤(鍙兘鏄敱浜庝负 Null 鎬х壒鎬?銆?[H:\code\ScreenControl\ScreenControl.csproj]
H:\code\ScreenControl\MainForm.cs(94,52): warning CS8600: 灏?null 鏂囨湰鎴栧彲鑳界殑 null 鍊艰浆鎹负涓嶅彲涓?null 绫诲瀷銆?[H:\code\ScreenControl\ScreenControl.csproj]
H:\code\ScreenControl\MainForm.cs(130,39): warning CS8622: 鈥渧oid MainForm.ShowMainFormItem_Click(object sender, EventArgs e)鈥濈殑鍙傛暟鈥渟ender鈥濈被鍨嬩腑寮曠敤绫诲瀷鐨勪负 Null 鎬т笌鐩爣濮旀墭鈥淓ventHandler鈥濅笉鍖归厤(鍙兘鏄敱浜庝负 Null 鎬х壒鎬?銆?[H:\code\ScreenControl\ScreenControl.csproj]
H:\code\ScreenControl\MainForm.cs(148,31): warning CS8622: 鈥渧oid MainForm.ExitItem_Click(object sender, EventArgs e)鈥濈殑鍙傛暟鈥渟ender鈥濈被鍨嬩腑寮曠敤绫诲瀷鐨勪负 Null 鎬т笌鐩爣濮旀墭鈥淓ventHandler鈥濅笉鍖归厤(鍙兘鏄敱浜庝负 Null 鎬х壒鎬?銆?[H:\code\ScreenControl\ScreenControl.csproj]
H:\code\ScreenControl\MainForm.cs(155,39): warning CS8622: 鈥渧oid MainForm.NotifyIcon_DoubleClick(object sender, EventArgs e)鈥濈殑鍙傛暟鈥渟ender鈥濈被鍨嬩腑寮曠敤绫诲瀷鐨勪负 Null 鎬т笌鐩爣濮旀墭鈥淓ventHandler鈥濅笉鍖归厤(鍙兘鏄敱浜庝负 Null 鎬х壒鎬?銆?[H:\code\ScreenControl\ScreenControl.csproj]
H:\code\ScreenControl\MainForm.cs(295,33): warning CS8622: 鈥渧oid MainForm.UptimeTimer_Tick(object sender, EventArgs e)鈥濈殑鍙傛暟鈥渟ender鈥濈被鍨嬩腑寮曠敤绫诲瀷鐨勪负 Null 鎬т笌鐩爣濮旀墭鈥淓ventHandler鈥濅笉鍖归厤(鍙兘鏄敱浜庝负 Null 鎬х壒鎬?銆?[H:\code\ScreenControl\ScreenControl.csproj]
H:\code\ScreenControl\MainForm.cs(303,34): warning CS8622: 鈥渧oid MainForm.MonitorTimer_Tick(object sender, EventArgs e)鈥濈殑鍙傛暟鈥渟ender鈥濈被鍨嬩腑寮曠敤绫诲瀷鐨勪负 Null 鎬т笌鐩爣濮旀墭鈥淓ventHandler鈥濅笉鍖归厤(鍙兘鏄敱浜庝负 Null 鎬х壒鎬?銆?[H:\code\ScreenControl\ScreenControl.csproj]
H:\code\ScreenControl\UpdateDownloader.cs(141,35): warning CS8600: 灏?null 鏂囨湰鎴栧彲鑳界殑 null 鍊艰浆鎹负涓嶅彲涓?null 绫诲瀷銆?[H:\code\ScreenControl\ScreenControl.csproj]
H:\code\ScreenControl\UpdateDownloader.cs(142,47): warning CS8600: 灏?null 鏂囨湰鎴栧彲鑳界殑 null 鍊艰浆鎹负涓嶅彲涓?null 绫诲瀷銆?[H:\code\ScreenControl\ScreenControl.csproj]
H:\code\ScreenControl\UpdateDownloader.cs(222,71): warning CS8604: 鈥渟tring Path.Combine(string path1, string path2)鈥濅腑鐨勫舰鍙傗€減ath1鈥濆彲鑳戒紶鍏?null 寮曠敤瀹炲弬銆?[H:\code\ScreenControl\ScreenControl.csproj]
H:\code\ScreenControl\MainForm.cs(450,39): warning CS8600: 灏?null 鏂囨湰鎴栧彲鑳界殑 null 鍊艰浆鎹负涓嶅彲涓?null 绫诲瀷銆?[H:\code\ScreenControl\ScreenControl.csproj]
H:\code\ScreenControl\MainForm.cs(521,40): warning CS8600: 灏?null 鏂囨湰鎴栧彲鑳界殑 null 鍊艰浆鎹负涓嶅彲涓?null 绫诲瀷銆?[H:\code\ScreenControl\ScreenControl.csproj]
H:\code\ScreenControl\UpdateDownloader.cs(310,25): warning CS8629: 鍙负 null 鐨勫€肩被鍨嬪彲涓?null銆?[H:\code\ScreenControl\ScreenControl.csproj]
H:\code\ScreenControl\MainForm.cs(707,23): warning CS0219: 鍙橀噺鈥淪C_CLOSE鈥濆凡琚祴鍊硷紝浣嗕粠鏈娇鐢ㄨ繃瀹冪殑鍊?[H:\code\ScreenControl\ScreenControl.csproj]
H:\code\ScreenControl\MainForm.cs(844,39): warning CS8622: 鈥渧oid MainForm.SettingsMenuItem_Click(object sender, EventArgs e)鈥濈殑鍙傛暟鈥渟ender鈥濈被鍨嬩腑寮曠敤绫诲瀷鐨勪负 Null 鎬т笌鐩爣濮旀墭鈥淓ventHandler鈥濅笉鍖归厤(鍙兘鏄敱浜庝负 Null 鎬х壒鎬?銆?[H:\code\ScreenControl\ScreenControl.csproj]
H:\code\ScreenControl\MainForm.cs(851,36): warning CS8622: 鈥渧oid MainForm.AboutMenuItem_Click(object sender, EventArgs e)鈥濈殑鍙傛暟鈥渟ender鈥濈被鍨嬩腑寮曠敤绫诲瀷鐨勪负 Null 鎬т笌鐩爣濮旀墭鈥淓ventHandler鈥濅笉鍖归厤(鍙兘鏄敱浜庝负 Null 鎬х壒鎬?銆?[H:\code\ScreenControl\ScreenControl.csproj]
H:\code\ScreenControl\MainForm.cs(855,42): warning CS8622: 鈥渧oid MainForm.CheckUpdateMenuItem_Click(object sender, EventArgs e)鈥濈殑鍙傛暟鈥渟ender鈥濈被鍨嬩腑寮曠敤绫诲瀷鐨勪负 Null 鎬т笌鐩爣濮旀墭鈥淓ventHandler鈥濅笉鍖归厤(鍙兘鏄敱浜庝负 Null 鎬х壒鎬?銆?[H:\code\ScreenControl\ScreenControl.csproj]
H:\code\ScreenControl\MainForm.cs(597,22): warning CS0414: 瀛楁鈥淢ainForm.isWindowManuallyHidden鈥濆凡琚祴鍊硷紝浣嗕粠鏈娇鐢ㄨ繃瀹冪殑鍊?[H:\code\ScreenControl\ScreenControl.csproj]
H:\code\ScreenControl\Program.cs(17,13): warning CA1416: 鍙湪鎵€鏈夊钩鍙颁笂璁块棶姝よ皟鐢ㄧ珯鐐广€?Application.EnableVisualStyles()" 浠呭湪 "windows" 6.1 鍙婃洿楂樼増鏈?涓婂彈鏀寔銆?(https://learn.microsoft.com/dotnet/fundamentals/code-analysis/quality-rules/ca1416) [H:\code\ScreenControl\ScreenControl.csproj]
H:\code\ScreenControl\Program.cs(19,13): warning CA1416: 鍙湪鎵€鏈夊钩鍙颁笂璁块棶姝よ皟鐢ㄧ珯鐐广€?Application.Run(Form)" 浠呭湪 "windows" 6.1 鍙婃洿楂樼増鏈?涓婂彈鏀寔銆?(https://learn.microsoft.com/dotnet/fundamentals/code-analysis/quality-rules/ca1416) [H:\code\ScreenControl\ScreenControl.csproj]
H:\code\ScreenControl\Program.cs(18,13): warning CA1416: 鍙湪鎵€鏈夊钩鍙颁笂璁块棶姝よ皟鐢ㄧ珯鐐广€?Application.SetCompatibleTextRenderingDefault(bool)" 浠呭湪 "windows" 6.1 鍙婃洿楂樼増鏈?涓婂彈鏀寔銆?(https://learn.microsoft.com/dotnet/fundamentals/code-analysis/quality-rules/ca1416) [H:\code\ScreenControl\ScreenControl.csproj]
H:\code\ScreenControl\SettingsForm.cs(33,17): warning CA1416: 鍙湪鎵€鏈夊钩鍙颁笂璁块棶姝よ皟鐢ㄧ珯鐐广€?Form.DialogResult" 浠呭湪 "windows" 6.1 鍙婃洿楂樼増鏈?涓婂彈鏀寔銆?(https://learn.microsoft.com/dotnet/fundamentals/code-analysis/quality-rules/ca1416) [H:\code\ScreenControl\ScreenControl.csproj]
H:\code\ScreenControl\SettingsForm.cs(40,13): warning CA1416: 鍙湪鎵€鏈夊钩鍙颁笂璁块棶姝よ皟鐢ㄧ珯鐐广€?Form.DialogResult" 浠呭湪 "windows" 6.1 鍙婃洿楂樼増鏈?涓婂彈鏀寔銆?(https://learn.microsoft.com/dotnet/fundamentals/code-analysis/quality-rules/ca1416) [H:\code\ScreenControl\ScreenControl.csproj]
H:\code\ScreenControl\SettingsForm.cs(25,13): warning CA1416: 鍙湪鎵€鏈夊钩鍙颁笂璁块棶姝よ皟鐢ㄧ珯鐐广€?CheckBox.Checked" 浠呭湪 "windows" 6.1 鍙婃洿楂樼増鏈?涓婂彈鏀寔銆?(https://learn.microsoft.com/dotnet/fundamentals/code-analysis/quality-rules/ca1416) [H:\code\ScreenControl\ScreenControl.csproj]
H:\code\ScreenControl\SettingsForm.cs(33,32): warning CA1416: 鍙湪鎵€鏈夊钩鍙颁笂璁块棶姝よ皟鐢ㄧ珯鐐广€?DialogResult.OK" 浠呭湪 "windows" 6.1 鍙婃洿楂樼増鏈?涓婂彈鏀寔銆?(https://learn.microsoft.com/dotnet/fundamentals/code-analysis/quality-rules/ca1416) [H:\code\ScreenControl\ScreenControl.csproj]
H:\code\ScreenControl\SettingsForm.cs(40,28): warning CA1416: 鍙湪鎵€鏈夊钩鍙颁笂璁块棶姝よ皟鐢ㄧ珯鐐广€?DialogResult.Cancel" 浠呭湪 "windows" 6.1 鍙婃洿楂樼増鏈?涓婂彈鏀寔銆?(https://learn.microsoft.com/dotnet/fundamentals/code-analysis/quality-rules/ca1416) [H:\code\ScreenControl\ScreenControl.csproj]
H:\code\ScreenControl\SettingsForm.cs(34,17): warning CA1416: 鍙湪鎵€鏈夊钩鍙颁笂璁块棶姝よ皟鐢ㄧ珯鐐广€?Form.Close()" 浠呭湪 "windows" 6.1 鍙婃洿楂樼増鏈?涓婂彈鏀寔銆?(https://learn.microsoft.com/dotnet/fundamentals/code-analysis/quality-rules/ca1416) [H:\code\ScreenControl\ScreenControl.csproj]
H:\code\ScreenControl\SettingsForm.cs(41,13): warning CA1416: 鍙湪鎵€鏈夊钩鍙颁笂璁块棶姝よ皟鐢ㄧ珯鐐广€?Form.Close()" 浠呭湪 "windows" 6.1 鍙婃洿楂樼増鏈?涓婂彈鏀寔銆?(https://learn.microsoft.com/dotnet/fundamentals/code-analysis/quality-rules/ca1416) [H:\code\ScreenControl\ScreenControl.csproj]
H:\code\ScreenControl\UpdateDownloader.cs(393,13): warning CA1416: 鍙湪鎵€鏈夊钩鍙颁笂璁块棶姝よ皟鐢ㄧ珯鐐广€?ProgressBar.Value" 浠呭湪 "windows" 6.1 鍙婃洿楂樼増鏈?涓婂彈鏀寔銆?(https://learn.microsoft.com/dotnet/fundamentals/code-analysis/quality-rules/ca1416) [H:\code\ScreenControl\ScreenControl.csproj]
H:\code\ScreenControl\UpdateDownloader.cs(402,13): warning CA1416: 鍙湪鎵€鏈夊钩鍙颁笂璁块棶姝よ皟鐢ㄧ珯鐐广€?Label.Text" 浠呭湪 "windows" 6.1 鍙婃洿楂樼増鏈?涓婂彈鏀寔銆?(https://learn.microsoft.com/dotnet/fundamentals/code-analysis/quality-rules/ca1416) [H:\code\ScreenControl\ScreenControl.csproj]
H:\code\ScreenControl\SettingsForm.cs(55,17): warning CA1416: 鍙湪鎵€鏈夊钩鍙颁笂璁块棶姝よ皟鐢ㄧ珯鐐广€?MessageBox.Show(string?, string?, MessageBoxButtons, MessageBoxIcon)" 浠呭湪 "windows" 6.1 鍙婃洿楂樼増鏈?涓婂彈鏀寔銆?(https://learn.microsoft.com/dotnet/fundamentals/code-analysis/quality-rules/ca1416) [H:\code\ScreenControl\ScreenControl.csproj]
H:\code\ScreenControl\SettingsForm.cs(55,64): warning CA1416: 鍙湪鎵€鏈夊钩鍙颁笂璁块棶姝よ皟鐢ㄧ珯鐐广€?MessageBoxButtons.OK" 浠呭湪 "windows" 6.1 鍙婃洿楂樼増鏈?涓婂彈鏀寔銆?(https://learn.microsoft.com/dotnet/fundamentals/code-analysis/quality-rules/ca1416) [H:\code\ScreenControl\ScreenControl.csproj]
H:\code\ScreenControl\SettingsForm.cs(55,86): warning CA1416: 鍙湪鎵€鏈夊钩鍙颁笂璁块棶姝よ皟鐢ㄧ珯鐐广€?MessageBoxIcon.Error" 浠呭湪 "windows" 6.1 鍙婃洿楂樼増鏈?涓婂彈鏀寔銆?(https://learn.microsoft.com/dotnet/fundamentals/code-analysis/quality-rules/ca1416) [H:\code\ScreenControl\ScreenControl.csproj]
H:\code\ScreenControl\SettingsForm.cs(49,33): warning CA1416: 鍙湪鎵€鏈夊钩鍙颁笂璁块棶姝よ皟鐢ㄧ珯鐐广€?CheckBox.Checked" 浠呭湪 "windows" 6.1 鍙婃洿楂樼増鏈?涓婂彈鏀寔銆?(https://learn.microsoft.com/dotnet/fundamentals/code-analysis/quality-rules/ca1416) [H:\code\ScreenControl\ScreenControl.csproj]
H:\code\ScreenControl\SettingsForm.cs(76,13): warning CA1416: 鍙湪鎵€鏈夊钩鍙颁笂璁块棶姝よ皟鐢ㄧ珯鐐广€?Form.Dispose(bool)" 浠呭湪 "windows" 6.1 鍙婃洿楂樼増鏈?涓婂彈鏀寔銆?(https://learn.microsoft.com/dotnet/fundamentals/code-analysis/quality-rules/ca1416) [H:\code\ScreenControl\ScreenControl.csproj]
H:\code\ScreenControl\UpdateDownloader.cs(383,13): warning CA1416: 鍙湪鎵€鏈夊钩鍙颁笂璁块棶姝よ皟鐢ㄧ珯鐐广€?Control.ControlCollection.Add(Control?)" 浠呭湪 "windows" 6.1 鍙婃洿楂樼増鏈?涓婂彈鏀寔銆?(https://learn.microsoft.com/dotnet/fundamentals/code-analysis/quality-rules/ca1416) [H:\code\ScreenControl\ScreenControl.csproj]
H:\code\ScreenControl\UpdateDownloader.cs(363,13): warning CA1416: 鍙湪鎵€鏈夊钩鍙颁笂璁块棶姝よ皟鐢ㄧ珯鐐广€?Form.StartPosition" 浠呭湪 "windows" 6.1 鍙婃洿楂樼増鏈?涓婂彈鏀寔銆?(https://learn.microsoft.com/dotnet/fundamentals/code-analysis/quality-rules/ca1416) [H:\code\ScreenControl\ScreenControl.csproj]
H:\code\ScreenControl\UpdateDownloader.cs(362,13): warning CA1416: 鍙湪鎵€鏈夊钩鍙颁笂璁块棶姝よ皟鐢ㄧ珯鐐广€?Form.Size" 浠呭湪 "windows" 6.1 鍙婃洿楂樼増鏈?涓婂彈鏀寔銆?(https://learn.microsoft.com/dotnet/fundamentals/code-analysis/quality-rules/ca1416) [H:\code\ScreenControl\ScreenControl.csproj]
H:\code\ScreenControl\UpdateDownloader.cs(366,13): warning CA1416: 鍙湪鎵€鏈夊钩鍙颁笂璁块棶姝よ皟鐢ㄧ珯鐐广€?Form.MinimizeBox" 浠呭湪 "windows" 6.1 鍙婃洿楂樼増鏈?涓婂彈鏀寔銆?(https://learn.microsoft.com/dotnet/fundamentals/code-analysis/quality-rules/ca1416) [H:\code\ScreenControl\ScreenControl.csproj]
H:\code\ScreenControl\UpdateDownloader.cs(372,13): warning CA1416: 鍙湪鎵€鏈夊钩鍙颁笂璁块棶姝よ皟鐢ㄧ珯鐐广€?ProgressBar.Minimum" 浠呭湪 "windows" 6.1 鍙婃洿楂樼増鏈?涓婂彈鏀寔銆?(https://learn.microsoft.com/dotnet/fundamentals/code-analysis/quality-rules/ca1416) [H:\code\ScreenControl\ScreenControl.csproj]
H:\code\ScreenControl\UpdateDownloader.cs(384,13): warning CA1416: 鍙湪鎵€鏈夊钩鍙颁笂璁块棶姝よ皟鐢ㄧ珯鐐广€?Control.Controls" 浠呭湪 "windows" 6.1 鍙婃洿楂樼増鏈?涓婂彈鏀寔銆?(https://learn.microsoft.com/dotnet/fundamentals/code-analysis/quality-rules/ca1416) [H:\code\ScreenControl\ScreenControl.csproj]
H:\code\ScreenControl\UpdateDownloader.cs(364,36): warning CA1416: 鍙湪鎵€鏈夊钩鍙颁笂璁块棶姝よ皟鐢ㄧ珯鐐广€?FormBorderStyle.FixedDialog" 浠呭湪 "windows" 6.1 鍙婃洿楂樼増鏈?涓婂彈鏀寔銆?(https://learn.microsoft.com/dotnet/fundamentals/code-analysis/quality-rules/ca1416) [H:\code\ScreenControl\ScreenControl.csproj]
H:\code\ScreenControl\UpdateDownloader.cs(373,13): warning CA1416: 鍙湪鎵€鏈夊钩鍙颁笂璁块棶姝よ皟鐢ㄧ珯鐐广€?ProgressBar.Maximum" 浠呭湪 "windows" 6.1 鍙婃洿楂樼増鏈?涓婂彈鏀寔銆?(https://learn.microsoft.com/dotnet/fundamentals/code-analysis/quality-rules/ca1416) [H:\code\ScreenControl\ScreenControl.csproj]
H:\code\ScreenControl\UpdateDownloader.cs(369,28): warning CA1416: 鍙湪鎵€鏈夊钩鍙颁笂璁块棶姝よ皟鐢ㄧ珯鐐广€?ProgressBar" 浠呭湪 "windows" 6.1 鍙婃洿楂樼増鏈?涓婂彈鏀寔銆?(https://learn.microsoft.com/dotnet/fundamentals/code-analysis/quality-rules/ca1416) [H:\code\ScreenControl\ScreenControl.csproj]
H:\code\ScreenControl\UpdateDownloader.cs(365,13): warning CA1416: 鍙湪鎵€鏈夊钩鍙颁笂璁块棶姝よ皟鐢ㄧ珯鐐广€?Form.MaximizeBox" 浠呭湪 "windows" 6.1 鍙婃洿楂樼増鏈?涓婂彈鏀寔銆?(https://learn.microsoft.com/dotnet/fundamentals/code-analysis/quality-rules/ca1416) [H:\code\ScreenControl\ScreenControl.csproj]
H:\code\ScreenControl\UpdateDownloader.cs(378,13): warning CA1416: 鍙湪鎵€鏈夊钩鍙颁笂璁块棶姝よ皟鐢ㄧ珯鐐广€?Control.Size" 浠呭湪 "windows" 6.1 鍙婃洿楂樼増鏈?涓婂彈鏀寔銆?(https://learn.microsoft.com/dotnet/fundamentals/code-analysis/quality-rules/ca1416) [H:\code\ScreenControl\ScreenControl.csproj]
H:\code\ScreenControl\UpdateDownloader.cs(363,34): warning CA1416: 鍙湪鎵€鏈夊钩鍙颁笂璁块棶姝よ皟鐢ㄧ珯鐐广€?FormStartPosition.CenterParent" 浠呭湪 "windows" 6.1 鍙婃洿楂樼増鏈?涓婂彈鏀寔銆?(https://learn.microsoft.com/dotnet/fundamentals/code-analysis/quality-rules/ca1416) [H:\code\ScreenControl\ScreenControl.csproj]
H:\code\ScreenControl\UpdateDownloader.cs(376,28): warning CA1416: 鍙湪鎵€鏈夊钩鍙颁笂璁块棶姝よ皟鐢ㄧ珯鐐广€?Label" 浠呭湪 "windows" 6.1 鍙婃洿楂樼増鏈?涓婂彈鏀寔銆?(https://learn.microsoft.com/dotnet/fundamentals/code-analysis/quality-rules/ca1416) [H:\code\ScreenControl\ScreenControl.csproj]
H:\code\ScreenControl\UpdateDownloader.cs(383,13): warning CA1416: 鍙湪鎵€鏈夊钩鍙颁笂璁块棶姝よ皟鐢ㄧ珯鐐广€?Control.Controls" 浠呭湪 "windows" 6.1 鍙婃洿楂樼増鏈?涓婂彈鏀寔銆?(https://learn.microsoft.com/dotnet/fundamentals/code-analysis/quality-rules/ca1416) [H:\code\ScreenControl\ScreenControl.csproj]
H:\code\ScreenControl\UpdateDownloader.cs(380,13): warning CA1416: 鍙湪鎵€鏈夊钩鍙颁笂璁块棶姝よ皟鐢ㄧ珯鐐广€?Label.Text" 浠呭湪 "windows" 6.1 鍙婃洿楂樼増鏈?涓婂彈鏀寔銆?(https://learn.microsoft.com/dotnet/fundamentals/code-analysis/quality-rules/ca1416) [H:\code\ScreenControl\ScreenControl.csproj]
H:\code\ScreenControl\UpdateDownloader.cs(377,13): warning CA1416: 鍙湪鎵€鏈夊钩鍙颁笂璁块棶姝よ皟鐢ㄧ珯鐐广€?Control.Location" 浠呭湪 "windows" 6.1 鍙婃洿楂樼増鏈?涓婂彈鏀寔銆?(https://learn.microsoft.com/dotnet/fundamentals/code-analysis/quality-rules/ca1416) [H:\code\ScreenControl\ScreenControl.csproj]
H:\code\ScreenControl\UpdateDownloader.cs(384,13): warning CA1416: 鍙湪鎵€鏈夊钩鍙颁笂璁块棶姝よ皟鐢ㄧ珯鐐广€?Control.ControlCollection.Add(Control?)" 浠呭湪 "windows" 6.1 鍙婃洿楂樼増鏈?涓婂彈鏀寔銆?(https://learn.microsoft.com/dotnet/fundamentals/code-analysis/quality-rules/ca1416) [H:\code\ScreenControl\ScreenControl.csproj]
H:\code\ScreenControl\UpdateDownloader.cs(379,38): warning CA1416: 鍙湪鎵€鏈夊钩鍙颁笂璁块棶姝よ皟鐢ㄧ珯鐐广€?ContentAlignment.MiddleCenter" 浠呭湪 "windows" 6.1 鍙婃洿楂樼増鏈?涓婂彈鏀寔銆?(https://learn.microsoft.com/dotnet/fundamentals/code-analysis/quality-rules/ca1416) [H:\code\ScreenControl\ScreenControl.csproj]
H:\code\ScreenControl\UpdateDownloader.cs(371,13): warning CA1416: 鍙湪鎵€鏈夊钩鍙颁笂璁块棶姝よ皟鐢ㄧ珯鐐广€?Control.Size" 浠呭湪 "windows" 6.1 鍙婃洿楂樼増鏈?涓婂彈鏀寔銆?(https://learn.microsoft.com/dotnet/fundamentals/code-analysis/quality-rules/ca1416) [H:\code\ScreenControl\ScreenControl.csproj]
H:\code\ScreenControl\UpdateDownloader.cs(364,13): warning CA1416: 鍙湪鎵€鏈夊钩鍙颁笂璁块棶姝よ皟鐢ㄧ珯鐐广€?Form.FormBorderStyle" 浠呭湪 "windows" 6.1 鍙婃洿楂樼増鏈?涓婂彈鏀寔銆?(https://learn.microsoft.com/dotnet/fundamentals/code-analysis/quality-rules/ca1416) [H:\code\ScreenControl\ScreenControl.csproj]
H:\code\ScreenControl\UpdateDownloader.cs(370,13): warning CA1416: 鍙湪鎵€鏈夊钩鍙颁笂璁块棶姝よ皟鐢ㄧ珯鐐广€?Control.Location" 浠呭湪 "windows" 6.1 鍙婃洿楂樼増鏈?涓婂彈鏀寔銆?(https://learn.microsoft.com/dotnet/fundamentals/code-analysis/quality-rules/ca1416) [H:\code\ScreenControl\ScreenControl.csproj]
H:\code\ScreenControl\UpdateDownloader.cs(379,13): warning CA1416: 鍙湪鎵€鏈夊钩鍙颁笂璁块棶姝よ皟鐢ㄧ珯鐐广€?Label.TextAlign" 浠呭湪 "windows" 6.1 鍙婃洿楂樼増鏈?涓婂彈鏀寔銆?(https://learn.microsoft.com/dotnet/fundamentals/code-analysis/quality-rules/ca1416) [H:\code\ScreenControl\ScreenControl.csproj]
H:\code\ScreenControl\UpdateDownloader.cs(361,13): warning CA1416: 鍙湪鎵€鏈夊钩鍙颁笂璁块棶姝よ皟鐢ㄧ珯鐐广€?Form.Text" 浠呭湪 "windows" 6.1 鍙婃洿楂樼増鏈?涓婂彈鏀寔銆?(https://learn.microsoft.com/dotnet/fundamentals/code-analysis/quality-rules/ca1416) [H:\code\ScreenControl\ScreenControl.csproj]
H:\code\ScreenControl\AutoUpdateManager.cs(60,21): warning CA1416: 鍙湪鎵€鏈夊钩鍙颁笂璁块棶姝よ皟鐢ㄧ珯鐐广€?Control.Invoke(Delegate)" 浠呭湪 "windows" 6.1 鍙婃洿楂樼増鏈?涓婂彈鏀寔銆?(https://learn.microsoft.com/dotnet/fundamentals/code-analysis/quality-rules/ca1416) [H:\code\ScreenControl\ScreenControl.csproj]
H:\code\ScreenControl\SettingsForm.cs(100,13): warning CA1416: 鍙湪鎵€鏈夊钩鍙颁笂璁块棶姝よ皟鐢ㄧ珯鐐广€?ButtonBase.AutoSize" 浠呭湪 "windows" 6.1 鍙婃洿楂樼増鏈?涓婂彈鏀寔銆?(https://learn.microsoft.com/dotnet/fundamentals/code-analysis/quality-rules/ca1416) [H:\code\ScreenControl\ScreenControl.csproj]
H:\code\ScreenControl\SettingsForm.cs(93,13): warning CA1416: 鍙湪鎵€鏈夊钩鍙颁笂璁块棶姝よ皟鐢ㄧ珯鐐广€?Control.Size" 浠呭湪 "windows" 6.1 鍙婃洿楂樼増鏈?涓婂彈鏀寔銆?(https://learn.microsoft.com/dotnet/fundamentals/code-analysis/quality-rules/ca1416) [H:\code\ScreenControl\ScreenControl.csproj]
H:\code\ScreenControl\SettingsForm.cs(144,13): warning CA1416: 鍙湪鎵€鏈夊钩鍙颁笂璁块棶姝よ皟鐢ㄧ珯鐐广€?Control.ResumeLayout(bool)" 浠呭湪 "windows" 6.1 鍙婃洿楂樼増鏈?涓婂彈鏀寔銆?(https://learn.microsoft.com/dotnet/fundamentals/code-analysis/quality-rules/ca1416) [H:\code\ScreenControl\ScreenControl.csproj]
H:\code\ScreenControl\SettingsForm.cs(84,30): warning CA1416: 鍙湪鎵€鏈夊钩鍙颁笂璁块棶姝よ皟鐢ㄧ珯鐐广€?Button" 浠呭湪 "windows" 6.1 鍙婃洿楂樼増鏈?涓婂彈鏀寔銆?(https://learn.microsoft.com/dotnet/fundamentals/code-analysis/quality-rules/ca1416) [H:\code\ScreenControl\ScreenControl.csproj]
H:\code\ScreenControl\SettingsForm.cs(137,13): warning CA1416: 鍙湪鎵€鏈夊钩鍙颁笂璁块棶姝よ皟鐢ㄧ珯鐐广€?Form.MaximizeBox" 浠呭湪 "windows" 6.1 鍙婃洿楂樼増鏈?涓婂彈鏀寔銆?(https://learn.microsoft.com/dotnet/fundamentals/code-analysis/quality-rules/ca1416) [H:\code\ScreenControl\ScreenControl.csproj]
H:\code\ScreenControl\SettingsForm.cs(133,13): warning CA1416: 鍙湪鎵€鏈夊钩鍙颁笂璁块棶姝よ皟鐢ㄧ珯鐐广€?Control.Controls" 浠呭湪 "windows" 6.1 鍙婃洿楂樼増鏈?涓婂彈鏀寔銆?(https://learn.microsoft.com/dotnet/fundamentals/code-analysis/quality-rules/ca1416) [H:\code\ScreenControl\ScreenControl.csproj]
H:\code\ScreenControl\SettingsForm.cs(95,13): warning CA1416: 鍙湪鎵€鏈夊钩鍙颁笂璁块棶姝よ皟鐢ㄧ珯鐐广€?GroupBox.TabStop" 浠呭湪 "windows" 6.1 鍙婃洿楂樼増鏈?涓婂彈鏀寔銆?(https://learn.microsoft.com/dotnet/fundamentals/code-analysis/quality-rules/ca1416) [H:\code\ScreenControl\ScreenControl.csproj]
H:\code\ScreenControl\SettingsForm.cs(105,13): warning CA1416: 鍙湪鎵€鏈夊钩鍙颁笂璁块棶姝よ皟鐢ㄧ珯鐐广€?ButtonBase.Text" 浠呭湪 "windows" 6.1 鍙婃洿楂樼増鏈?涓婂彈鏀寔銆?(https://learn.microsoft.com/dotnet/fundamentals/code-analysis/quality-rules/ca1416) [H:\code\ScreenControl\ScreenControl.csproj]
H:\code\ScreenControl\SettingsForm.cs(82,37): warning CA1416: 鍙湪鎵€鏈夊钩鍙颁笂璁块棶姝よ皟鐢ㄧ珯鐐广€?CheckBox" 浠呭湪 "windows" 6.1 鍙婃洿楂樼増鏈?涓婂彈鏀寔銆?(https://learn.microsoft.com/dotnet/fundamentals/code-analysis/quality-rules/ca1416) [H:\code\ScreenControl\ScreenControl.csproj]
H:\code\ScreenControl\SettingsForm.cs(132,13): warning CA1416: 鍙湪鎵€鏈夊钩鍙颁笂璁块棶姝よ皟鐢ㄧ珯鐐广€?Form.ClientSize" 浠呭湪 "windows" 6.1 鍙婃洿楂樼増鏈?涓婂彈鏀寔銆?(https://learn.microsoft.com/dotnet/fundamentals/code-analysis/quality-rules/ca1416) [H:\code\ScreenControl\ScreenControl.csproj]
H:\code\ScreenControl\SettingsForm.cs(116,13): warning CA1416: 鍙湪鎵€鏈夊钩鍙颁笂璁块棶姝よ皟鐢ㄧ珯鐐广€?Control.Click" 浠呭湪 "windows" 6.1 鍙婃洿楂樼増鏈?涓婂彈鏀寔銆?(https://learn.microsoft.com/dotnet/fundamentals/code-analysis/quality-rules/ca1416) [H:\code\ScreenControl\ScreenControl.csproj]
H:\code\ScreenControl\SettingsForm.cs(96,13): warning CA1416: 鍙湪鎵€鏈夊钩鍙颁笂璁块棶姝よ皟鐢ㄧ珯鐐广€?GroupBox.Text" 浠呭湪 "windows" 6.1 鍙婃洿楂樼増鏈?涓婂彈鏀寔銆?(https://learn.microsoft.com/dotnet/fundamentals/code-analysis/quality-rules/ca1416) [H:\code\ScreenControl\ScreenControl.csproj]
H:\code\ScreenControl\SettingsForm.cs(112,13): warning CA1416: 鍙湪鎵€鏈夊钩鍙颁笂璁块棶姝よ皟鐢ㄧ珯鐐广€?Control.Size" 浠呭湪 "windows" 6.1 鍙婃洿楂樼増鏈?涓婂彈鏀寔銆?(https://learn.microsoft.com/dotnet/fundamentals/code-analysis/quality-rules/ca1416) [H:\code\ScreenControl\ScreenControl.csproj]
H:\code\ScreenControl\SettingsForm.cs(103,13): warning CA1416: 鍙湪鎵€鏈夊钩鍙颁笂璁块棶姝よ皟鐢ㄧ珯鐐广€?Control.Size" 浠呭湪 "windows" 6.1 鍙婃洿楂樼増鏈?涓婂彈鏀寔銆?(https://learn.microsoft.com/dotnet/fundamentals/code-analysis/quality-rules/ca1416) [H:\code\ScreenControl\ScreenControl.csproj]
H:\code\ScreenControl\SettingsForm.cs(131,13): warning CA1416: 鍙湪鎵€鏈夊钩鍙颁笂璁块棶姝よ皟鐢ㄧ珯鐐广€?ContainerControl.AutoScaleMode" 浠呭湪 "windows" 6.1 鍙婃洿楂樼増鏈?涓婂彈鏀寔銆?(https://learn.microsoft.com/dotnet/fundamentals/code-analysis/quality-rules/ca1416) [H:\code\ScreenControl\ScreenControl.csproj]
H:\code\ScreenControl\SettingsForm.cs(133,13): warning CA1416: 鍙湪鎵€鏈夊钩鍙颁笂璁块棶姝よ皟鐢ㄧ珯鐐广€?Control.ControlCollection.Add(Control?)" 浠呭湪 "windows" 6.1 鍙婃洿楂樼増鏈?涓婂彈鏀寔銆?(https://learn.microsoft.com/dotnet/fundamentals/code-analysis/quality-rules/ca1416) [H:\code\ScreenControl\ScreenControl.csproj]
H:\code\ScreenControl\SettingsForm.cs(110,13): warning CA1416: 鍙湪鎵€鏈夊钩鍙颁笂璁块棶姝よ皟鐢ㄧ珯鐐广€?Control.Location" 浠呭湪 "windows" 6.1 鍙婃洿楂樼増鏈?涓婂彈鏀寔銆?(https://learn.microsoft.com/dotnet/fundamentals/code-analysis/quality-rules/ca1416) [H:\code\ScreenControl\ScreenControl.csproj]
H:\code\ScreenControl\SettingsForm.cs(101,13): warning CA1416: 鍙湪鎵€鏈夊钩鍙颁笂璁块棶姝よ皟鐢ㄧ珯鐐广€?Control.Location" 浠呭湪 "windows" 6.1 鍙婃洿楂樼増鏈?涓婂彈鏀寔銆?(https://learn.microsoft.com/dotnet/fundamentals/code-analysis/quality-rules/ca1416) [H:\code\ScreenControl\ScreenControl.csproj]
H:\code\ScreenControl\SettingsForm.cs(104,13): warning CA1416: 鍙湪鎵€鏈夊钩鍙颁笂璁块棶姝よ皟鐢ㄧ珯鐐广€?Control.TabIndex" 浠呭湪 "windows" 6.1 鍙婃洿楂樼増鏈?涓婂彈鏀寔銆?(https://learn.microsoft.com/dotnet/fundamentals/code-analysis/quality-rules/ca1416) [H:\code\ScreenControl\ScreenControl.csproj]
H:\code\ScreenControl\SettingsForm.cs(135,13): warning CA1416: 鍙湪鎵€鏈夊钩鍙颁笂璁块棶姝よ皟鐢ㄧ珯鐐广€?Control.ControlCollection.Add(Control?)" 浠呭湪 "windows" 6.1 鍙婃洿楂樼増鏈?涓婂彈鏀寔銆?(https://learn.microsoft.com/dotnet/fundamentals/code-analysis/quality-rules/ca1416) [H:\code\ScreenControl\ScreenControl.csproj]
H:\code\ScreenControl\SettingsForm.cs(131,34): warning CA1416: 鍙湪鎵€鏈夊钩鍙颁笂璁块棶姝よ皟鐢ㄧ珯鐐广€?AutoScaleMode.Font" 浠呭湪 "windows" 6.1 鍙婃洿楂樼増鏈?涓婂彈鏀寔銆?(https://learn.microsoft.com/dotnet/fundamentals/code-analysis/quality-rules/ca1416) [H:\code\ScreenControl\ScreenControl.csproj]
H:\code\ScreenControl\SettingsForm.cs(91,13): warning CA1416: 鍙湪鎵€鏈夊钩鍙颁笂璁块棶姝よ皟鐢ㄧ珯鐐广€?Control.Location" 浠呭湪 "windows" 6.1 鍙婃洿楂樼増鏈?涓婂彈鏀寔銆?(https://learn.microsoft.com/dotnet/fundamentals/code-analysis/quality-rules/ca1416) [H:\code\ScreenControl\ScreenControl.csproj]
H:\code\ScreenControl\SettingsForm.cs(85,13): warning CA1416: 鍙湪鎵€鏈夊钩鍙颁笂璁块棶姝よ皟鐢ㄧ珯鐐广€?Control.SuspendLayout()" 浠呭湪 "windows" 6.1 鍙婃洿楂樼増鏈?涓婂彈鏀寔銆?(https://learn.microsoft.com/dotnet/fundamentals/code-analysis/quality-rules/ca1416) [H:\code\ScreenControl\ScreenControl.csproj]
H:\code\ScreenControl\SettingsForm.cs(125,13): warning CA1416: 鍙湪鎵€鏈夊钩鍙颁笂璁块棶姝よ皟鐢ㄧ珯鐐广€?ButtonBase.UseVisualStyleBackColor" 浠呭湪 "windows" 6.1 鍙婃洿楂樼増鏈?涓婂彈鏀寔銆?(https://learn.microsoft.com/dotnet/fundamentals/code-analysis/quality-rules/ca1416) [H:\code\ScreenControl\ScreenControl.csproj]
H:\code\ScreenControl\SettingsForm.cs(115,13): warning CA1416: 鍙湪鎵€鏈夊钩鍙颁笂璁块棶姝よ皟鐢ㄧ珯鐐广€?ButtonBase.UseVisualStyleBackColor" 浠呭湪 "windows" 6.1 鍙婃洿楂樼増鏈?涓婂彈鏀寔銆?(https://learn.microsoft.com/dotnet/fundamentals/code-analysis/quality-rules/ca1416) [H:\code\ScreenControl\ScreenControl.csproj]
H:\code\ScreenControl\SettingsForm.cs(124,13): warning CA1416: 鍙湪鎵€鏈夊钩鍙颁笂璁块棶姝よ皟鐢ㄧ珯鐐广€?ButtonBase.Text" 浠呭湪 "windows" 6.1 鍙婃洿楂樼増鏈?涓婂彈鏀寔銆?(https://learn.microsoft.com/dotnet/fundamentals/code-analysis/quality-rules/ca1416) [H:\code\ScreenControl\ScreenControl.csproj]
H:\code\ScreenControl\SettingsForm.cs(111,13): warning CA1416: 鍙湪鎵€鏈夊钩鍙颁笂璁块棶姝よ皟鐢ㄧ珯鐐广€?Control.Name" 浠呭湪 "windows" 6.1 鍙婃洿楂樼増鏈?涓婂彈鏀寔銆?(https://learn.microsoft.com/dotnet/fundamentals/code-analysis/quality-rules/ca1416) [H:\code\ScreenControl\ScreenControl.csproj]
H:\code\ScreenControl\SettingsForm.cs(113,13): warning CA1416: 鍙湪鎵€鏈夊钩鍙颁笂璁块棶姝よ皟鐢ㄧ珯鐐广€?Control.TabIndex" 浠呭湪 "windows" 6.1 鍙婃洿楂樼増鏈?涓婂彈鏀寔銆?(https://learn.microsoft.com/dotnet/fundamentals/code-analysis/quality-rules/ca1416) [H:\code\ScreenControl\ScreenControl.csproj]
H:\code\ScreenControl\SettingsForm.cs(102,13): warning CA1416: 鍙湪鎵€鏈夊钩鍙颁笂璁块棶姝よ皟鐢ㄧ珯鐐广€?Control.Name" 浠呭湪 "windows" 6.1 鍙婃洿楂樼増鏈?涓婂彈鏀寔銆?(https://learn.microsoft.com/dotnet/fundamentals/code-analysis/quality-rules/ca1416) [H:\code\ScreenControl\ScreenControl.csproj]
H:\code\ScreenControl\SettingsForm.cs(120,13): warning CA1416: 鍙湪鎵€鏈夊钩鍙颁笂璁块棶姝よ皟鐢ㄧ珯鐐广€?Control.Location" 浠呭湪 "windows" 6.1 鍙婃洿楂樼増鏈?涓婂彈鏀寔銆?(https://learn.microsoft.com/dotnet/fundamentals/code-analysis/quality-rules/ca1416) [H:\code\ScreenControl\ScreenControl.csproj]
H:\code\ScreenControl\SettingsForm.cs(138,13): warning CA1416: 鍙湪鎵€鏈夊钩鍙颁笂璁块棶姝よ皟鐢ㄧ珯鐐广€?Form.MinimizeBox" 浠呭湪 "windows" 6.1 鍙婃洿楂樼増鏈?涓婂彈鏀寔銆?(https://learn.microsoft.com/dotnet/fundamentals/code-analysis/quality-rules/ca1416) [H:\code\ScreenControl\ScreenControl.csproj]
H:\code\ScreenControl\SettingsForm.cs(140,34): warning CA1416: 鍙湪鎵€鏈夊钩鍙颁笂璁块棶姝よ皟鐢ㄧ珯鐐广€?FormStartPosition.CenterParent" 浠呭湪 "windows" 6.1 鍙婃洿楂樼増鏈?涓婂彈鏀寔銆?(https://learn.microsoft.com/dotnet/fundamentals/code-analysis/quality-rules/ca1416) [H:\code\ScreenControl\ScreenControl.csproj]
H:\code\ScreenControl\SettingsForm.cs(136,36): warning CA1416: 鍙湪鎵€鏈夊钩鍙颁笂璁块棶姝よ皟鐢ㄧ珯鐐广€?FormBorderStyle.FixedDialog" 浠呭湪 "windows" 6.1 鍙婃洿楂樼増鏈?涓婂彈鏀寔銆?(https://learn.microsoft.com/dotnet/fundamentals/code-analysis/quality-rules/ca1416) [H:\code\ScreenControl\ScreenControl.csproj]
H:\code\ScreenControl\SettingsForm.cs(114,13): warning CA1416: 鍙湪鎵€鏈夊钩鍙颁笂璁块棶姝よ皟鐢ㄧ珯鐐广€?ButtonBase.Text" 浠呭湪 "windows" 6.1 鍙婃洿楂樼増鏈?涓婂彈鏀寔銆?(https://learn.microsoft.com/dotnet/fundamentals/code-analysis/quality-rules/ca1416) [H:\code\ScreenControl\ScreenControl.csproj]
H:\code\ScreenControl\SettingsForm.cs(83,26): warning CA1416: 鍙湪鎵€鏈夊钩鍙颁笂璁块棶姝よ皟鐢ㄧ珯鐐广€?Button" 浠呭湪 "windows" 6.1 鍙婃洿楂樼増鏈?涓婂彈鏀寔銆?(https://learn.microsoft.com/dotnet/fundamentals/code-analysis/quality-rules/ca1416) [H:\code\ScreenControl\ScreenControl.csproj]
H:\code\ScreenControl\SettingsForm.cs(135,13): warning CA1416: 鍙湪鎵€鏈夊钩鍙颁笂璁块棶姝よ皟鐢ㄧ珯鐐广€?Control.Controls" 浠呭湪 "windows" 6.1 鍙婃洿楂樼増鏈?涓婂彈鏀寔銆?(https://learn.microsoft.com/dotnet/fundamentals/code-analysis/quality-rules/ca1416) [H:\code\ScreenControl\ScreenControl.csproj]
H:\code\ScreenControl\SettingsForm.cs(136,13): warning CA1416: 鍙湪鎵€鏈夊钩鍙颁笂璁块棶姝よ皟鐢ㄧ珯鐐广€?Form.FormBorderStyle" 浠呭湪 "windows" 6.1 鍙婃洿楂樼増鏈?涓婂彈鏀寔銆?(https://learn.microsoft.com/dotnet/fundamentals/code-analysis/quality-rules/ca1416) [H:\code\ScreenControl\ScreenControl.csproj]
H:\code\ScreenControl\SettingsForm.cs(134,13): warning CA1416: 鍙湪鎵€鏈夊钩鍙颁笂璁块棶姝よ皟鐢ㄧ珯鐐广€?Control.ControlCollection.Add(Control?)" 浠呭湪 "windows" 6.1 鍙婃洿楂樼増鏈?涓婂彈鏀寔銆?(https://learn.microsoft.com/dotnet/fundamentals/code-analysis/quality-rules/ca1416) [H:\code\ScreenControl\ScreenControl.csproj]
H:\code\ScreenControl\SettingsForm.cs(90,13): warning CA1416: 鍙湪鎵€鏈夊钩鍙颁笂璁块棶姝よ皟鐢ㄧ珯鐐广€?Control.ControlCollection.Add(Control?)" 浠呭湪 "windows" 6.1 鍙婃洿楂樼増鏈?涓婂彈鏀寔銆?(https://learn.microsoft.com/dotnet/fundamentals/code-analysis/quality-rules/ca1416) [H:\code\ScreenControl\ScreenControl.csproj]
H:\code\ScreenControl\SettingsForm.cs(143,13): warning CA1416: 鍙湪鎵€鏈夊钩鍙颁笂璁块棶姝よ皟鐢ㄧ珯鐐广€?Control.PerformLayout()" 浠呭湪 "windows" 6.1 鍙婃洿楂樼増鏈?涓婂彈鏀寔銆?(https://learn.microsoft.com/dotnet/fundamentals/code-analysis/quality-rules/ca1416) [H:\code\ScreenControl\ScreenControl.csproj]
H:\code\ScreenControl\SettingsForm.cs(140,13): warning CA1416: 鍙湪鎵€鏈夊钩鍙颁笂璁块棶姝よ皟鐢ㄧ珯鐐广€?Form.StartPosition" 浠呭湪 "windows" 6.1 鍙婃洿楂樼増鏈?涓婂彈鏀寔銆?(https://learn.microsoft.com/dotnet/fundamentals/code-analysis/quality-rules/ca1416) [H:\code\ScreenControl\ScreenControl.csproj]
H:\code\ScreenControl\SettingsForm.cs(94,13): warning CA1416: 鍙湪鎵€鏈夊钩鍙颁笂璁块棶姝よ皟鐢ㄧ珯鐐广€?Control.TabIndex" 浠呭湪 "windows" 6.1 鍙婃洿楂樼増鏈?涓婂彈鏀寔銆?(https://learn.microsoft.com/dotnet/fundamentals/code-analysis/quality-rules/ca1416) [H:\code\ScreenControl\ScreenControl.csproj]
H:\code\ScreenControl\SettingsForm.cs(86,13): warning CA1416: 鍙湪鎵€鏈夊钩鍙颁笂璁块棶姝よ皟鐢ㄧ珯鐐广€?Control.SuspendLayout()" 浠呭湪 "windows" 6.1 鍙婃洿楂樼増鏈?涓婂彈鏀寔銆?(https://learn.microsoft.com/dotnet/fundamentals/code-analysis/quality-rules/ca1416) [H:\code\ScreenControl\ScreenControl.csproj]
H:\code\ScreenControl\SettingsForm.cs(130,13): warning CA1416: 鍙湪鎵€鏈夊钩鍙颁笂璁块棶姝よ皟鐢ㄧ珯鐐广€?ContainerControl.AutoScaleDimensions" 浠呭湪 "windows" 6.1 鍙婃洿楂樼増鏈?涓婂彈鏀寔銆?(https://learn.microsoft.com/dotnet/fundamentals/code-analysis/quality-rules/ca1416) [H:\code\ScreenControl\ScreenControl.csproj]
H:\code\ScreenControl\SettingsForm.cs(121,13): warning CA1416: 鍙湪鎵€鏈夊钩鍙颁笂璁块棶姝よ皟鐢ㄧ珯鐐广€?Control.Name" 浠呭湪 "windows" 6.1 鍙婃洿楂樼増鏈?涓婂彈鏀寔銆?(https://learn.microsoft.com/dotnet/fundamentals/code-analysis/quality-rules/ca1416) [H:\code\ScreenControl\ScreenControl.csproj]
H:\code\ScreenControl\SettingsForm.cs(123,13): warning CA1416: 鍙湪鎵€鏈夊钩鍙颁笂璁块棶姝よ皟鐢ㄧ珯鐐广€?Control.TabIndex" 浠呭湪 "windows" 6.1 鍙婃洿楂樼増鏈?涓婂彈鏀寔銆?(https://learn.microsoft.com/dotnet/fundamentals/code-analysis/quality-rules/ca1416) [H:\code\ScreenControl\ScreenControl.csproj]
H:\code\ScreenControl\SettingsForm.cs(141,13): warning CA1416: 鍙湪鎵€鏈夊钩鍙颁笂璁块棶姝よ皟鐢ㄧ珯鐐广€?Form.Text" 浠呭湪 "windows" 6.1 鍙婃洿楂樼増鏈?涓婂彈鏀寔銆?(https://learn.microsoft.com/dotnet/fundamentals/code-analysis/quality-rules/ca1416) [H:\code\ScreenControl\ScreenControl.csproj]
H:\code\ScreenControl\SettingsForm.cs(81,30): warning CA1416: 鍙湪鎵€鏈夊钩鍙颁笂璁块棶姝よ皟鐢ㄧ珯鐐广€?GroupBox" 浠呭湪 "windows" 6.1 鍙婃洿楂樼増鏈?涓婂彈鏀寔銆?(https://learn.microsoft.com/dotnet/fundamentals/code-analysis/quality-rules/ca1416) [H:\code\ScreenControl\ScreenControl.csproj]
H:\code\ScreenControl\SettingsForm.cs(126,13): warning CA1416: 鍙湪鎵€鏈夊钩鍙颁笂璁块棶姝よ皟鐢ㄧ珯鐐广€?Control.Click" 浠呭湪 "windows" 6.1 鍙婃洿楂樼増鏈?涓婂彈鏀寔銆?(https://learn.microsoft.com/dotnet/fundamentals/code-analysis/quality-rules/ca1416) [H:\code\ScreenControl\ScreenControl.csproj]
H:\code\ScreenControl\SettingsForm.cs(106,13): warning CA1416: 鍙湪鎵€鏈夊钩鍙颁笂璁块棶姝よ皟鐢ㄧ珯鐐广€?ButtonBase.UseVisualStyleBackColor" 浠呭湪 "windows" 6.1 鍙婃洿楂樼増鏈?涓婂彈鏀寔銆?(https://learn.microsoft.com/dotnet/fundamentals/code-analysis/quality-rules/ca1416) [H:\code\ScreenControl\ScreenControl.csproj]
H:\code\ScreenControl\SettingsForm.cs(92,13): warning CA1416: 鍙湪鎵€鏈夊钩鍙颁笂璁块棶姝よ皟鐢ㄧ珯鐐广€?Control.Name" 浠呭湪 "windows" 6.1 鍙婃洿楂樼増鏈?涓婂彈鏀寔銆?(https://learn.microsoft.com/dotnet/fundamentals/code-analysis/quality-rules/ca1416) [H:\code\ScreenControl\ScreenControl.csproj]
H:\code\ScreenControl\SettingsForm.cs(142,13): warning CA1416: 鍙湪鎵€鏈夊钩鍙颁笂璁块棶姝よ皟鐢ㄧ珯鐐广€?Control.ResumeLayout(bool)" 浠呭湪 "windows" 6.1 鍙婃洿楂樼増鏈?涓婂彈鏀寔銆?(https://learn.microsoft.com/dotnet/fundamentals/code-analysis/quality-rules/ca1416) [H:\code\ScreenControl\ScreenControl.csproj]
H:\code\ScreenControl\SettingsForm.cs(122,13): warning CA1416: 鍙湪鎵€鏈夊钩鍙颁笂璁块棶姝よ皟鐢ㄧ珯鐐广€?Control.Size" 浠呭湪 "windows" 6.1 鍙婃洿楂樼増鏈?涓婂彈鏀寔銆?(https://learn.microsoft.com/dotnet/fundamentals/code-analysis/quality-rules/ca1416) [H:\code\ScreenControl\ScreenControl.csproj]
H:\code\ScreenControl\SettingsForm.cs(134,13): warning CA1416: 鍙湪鎵€鏈夊钩鍙颁笂璁块棶姝よ皟鐢ㄧ珯鐐广€?Control.Controls" 浠呭湪 "windows" 6.1 鍙婃洿楂樼増鏈?涓婂彈鏀寔銆?(https://learn.microsoft.com/dotnet/fundamentals/code-analysis/quality-rules/ca1416) [H:\code\ScreenControl\ScreenControl.csproj]
H:\code\ScreenControl\SettingsForm.cs(139,13): warning CA1416: 鍙湪鎵€鏈夊钩鍙颁笂璁块棶姝よ皟鐢ㄧ珯鐐广€?Control.Name" 浠呭湪 "windows" 6.1 鍙婃洿楂樼増鏈?涓婂彈鏀寔銆?(https://learn.microsoft.com/dotnet/fundamentals/code-analysis/quality-rules/ca1416) [H:\code\ScreenControl\ScreenControl.csproj]
H:\code\ScreenControl\SettingsForm.cs(90,13): warning CA1416: 鍙湪鎵€鏈夊钩鍙颁笂璁块棶姝よ皟鐢ㄧ珯鐐广€?Control.Controls" 浠呭湪 "windows" 6.1 鍙婃洿楂樼増鏈?涓婂彈鏀寔銆?(https://learn.microsoft.com/dotnet/fundamentals/code-analysis/quality-rules/ca1416) [H:\code\ScreenControl\ScreenControl.csproj]
H:\code\ScreenControl\MainForm.cs(170,13): warning CA1416: 鍙湪鎵€鏈夊钩鍙颁笂璁块棶姝よ皟鐢ㄧ珯鐐广€?Form.Close()" 浠呭湪 "windows" 6.1 鍙婃洿楂樼増鏈?涓婂彈鏀寔銆?(https://learn.microsoft.com/dotnet/fundamentals/code-analysis/quality-rules/ca1416) [H:\code\ScreenControl\ScreenControl.csproj]
H:\code\ScreenControl\MainForm.cs(192,17): warning CA1416: 鍙湪鎵€鏈夊钩鍙颁笂璁块棶姝よ皟鐢ㄧ珯鐐广€?Control.Visible" 浠呭湪 "windows" 6.1 鍙婃洿楂樼増鏈?涓婂彈鏀寔銆?(https://learn.microsoft.com/dotnet/fundamentals/code-analysis/quality-rules/ca1416) [H:\code\ScreenControl\ScreenControl.csproj]
H:\code\ScreenControl\MainForm.cs(191,17): warning CA1416: 鍙湪鎵€鏈夊钩鍙颁笂璁块棶姝よ皟鐢ㄧ珯鐐广€?Form.ShowInTaskbar" 浠呭湪 "windows" 6.1 鍙婃洿楂樼増鏈?涓婂彈鏀寔銆?(https://learn.microsoft.com/dotnet/fundamentals/code-analysis/quality-rules/ca1416) [H:\code\ScreenControl\ScreenControl.csproj]
H:\code\ScreenControl\MainForm.cs(206,17): warning CA1416: 鍙湪鎵€鏈夊钩鍙颁笂璁块棶姝よ皟鐢ㄧ珯鐐广€?Application.DoEvents()" 浠呭湪 "windows" 6.1 鍙婃洿楂樼増鏈?涓婂彈鏀寔銆?(https://learn.microsoft.com/dotnet/fundamentals/code-analysis/quality-rules/ca1416) [H:\code\ScreenControl\ScreenControl.csproj]
H:\code\ScreenControl\MainForm.cs(198,37): warning CA1416: 鍙湪鎵€鏈夊钩鍙颁笂璁块棶姝よ皟鐢ㄧ珯鐐广€?Control.Handle" 浠呭湪 "windows" 6.1 鍙婃洿楂樼増鏈?涓婂彈鏀寔銆?(https://learn.microsoft.com/dotnet/fundamentals/code-analysis/quality-rules/ca1416) [H:\code\ScreenControl\ScreenControl.csproj]
H:\code\ScreenControl\MainForm.cs(188,17): warning CA1416: 鍙湪鎵€鏈夊钩鍙颁笂璁块棶姝よ皟鐢ㄧ珯鐐广€?Form.WindowState" 浠呭湪 "windows" 6.1 鍙婃洿楂樼増鏈?涓婂彈鏀寔銆?(https://learn.microsoft.com/dotnet/fundamentals/code-analysis/quality-rules/ca1416) [H:\code\ScreenControl\ScreenControl.csproj]
H:\code\ScreenControl\MainForm.cs(195,17): warning CA1416: 鍙湪鎵€鏈夊钩鍙颁笂璁块棶姝よ皟鐢ㄧ珯鐐广€?Form.Activate()" 浠呭湪 "windows" 6.1 鍙婃洿楂樼増鏈?涓婂彈鏀寔銆?(https://learn.microsoft.com/dotnet/fundamentals/code-analysis/quality-rules/ca1416) [H:\code\ScreenControl\ScreenControl.csproj]
H:\code\ScreenControl\MainForm.cs(204,17): warning CA1416: 鍙湪鎵€鏈夊钩鍙颁笂璁块棶姝よ皟鐢ㄧ珯鐐广€?Form.TopMost" 浠呭湪 "windows" 6.1 鍙婃洿楂樼増鏈?涓婂彈鏀寔銆?(https://learn.microsoft.com/dotnet/fundamentals/code-analysis/quality-rules/ca1416) [H:\code\ScreenControl\ScreenControl.csproj]
H:\code\ScreenControl\MainForm.cs(207,17): warning CA1416: 鍙湪鎵€鏈夊钩鍙颁笂璁块棶姝よ皟鐢ㄧ珯鐐广€?Form.TopMost" 浠呭湪 "windows" 6.1 鍙婃洿楂樼増鏈?涓婂彈鏀寔銆?(https://learn.microsoft.com/dotnet/fundamentals/code-analysis/quality-rules/ca1416) [H:\code\ScreenControl\ScreenControl.csproj]
H:\code\ScreenControl\MainForm.cs(205,17): warning CA1416: 鍙湪鎵€鏈夊钩鍙颁笂璁块棶姝よ皟鐢ㄧ珯鐐广€?Control.Refresh()" 浠呭湪 "windows" 6.1 鍙婃洿楂樼増鏈?涓婂彈鏀寔銆?(https://learn.microsoft.com/dotnet/fundamentals/code-analysis/quality-rules/ca1416) [H:\code\ScreenControl\ScreenControl.csproj]
H:\code\ScreenControl\MainForm.cs(188,36): warning CA1416: 鍙湪鎵€鏈夊钩鍙颁笂璁块棶姝よ皟鐢ㄧ珯鐐广€?FormWindowState.Normal" 浠呭湪 "windows" 6.1 鍙婃洿楂樼増鏈?涓婂彈鏀寔銆?(https://learn.microsoft.com/dotnet/fundamentals/code-analysis/quality-rules/ca1416) [H:\code\ScreenControl\ScreenControl.csproj]
H:\code\ScreenControl\MainForm.cs(201,17): warning CA1416: 鍙湪鎵€鏈夊钩鍙颁笂璁块棶姝よ皟鐢ㄧ珯鐐广€?Control.BringToFront()" 浠呭湪 "windows" 6.1 鍙婃洿楂樼増鏈?涓婂彈鏀寔銆?(https://learn.microsoft.com/dotnet/fundamentals/code-analysis/quality-rules/ca1416) [H:\code\ScreenControl\ScreenControl.csproj]
H:\code\ScreenControl\MainForm.cs(210,17): warning CA1416: 鍙湪鎵€鏈夊钩鍙颁笂璁块棶姝よ皟鐢ㄧ珯鐐广€?Control.Focus()" 浠呭湪 "windows" 6.1 鍙婃洿楂樼増鏈?涓婂彈鏀寔銆?(https://learn.microsoft.com/dotnet/fundamentals/code-analysis/quality-rules/ca1416) [H:\code\ScreenControl\ScreenControl.csproj]
H:\code\ScreenControl\UpdateDownloader.cs(38,13): warning CA1416: 鍙湪鎵€鏈夊钩鍙颁笂璁块棶姝よ皟鐢ㄧ珯鐐广€?Control.Size" 浠呭湪 "windows" 6.1 鍙婃洿楂樼増鏈?涓婂彈鏀寔銆?(https://learn.microsoft.com/dotnet/fundamentals/code-analysis/quality-rules/ca1416) [H:\code\ScreenControl\ScreenControl.csproj]
H:\code\ScreenControl\UpdateDownloader.cs(73,13): warning CA1416: 鍙湪鎵€鏈夊钩鍙颁笂璁块棶姝よ皟鐢ㄧ珯鐐广€?Control.Click" 浠呭湪 "windows" 6.1 鍙婃洿楂樼増鏈?涓婂彈鏀寔銆?(https://learn.microsoft.com/dotnet/fundamentals/code-analysis/quality-rules/ca1416) [H:\code\ScreenControl\ScreenControl.csproj]
H:\code\ScreenControl\UpdateDownloader.cs(51,13): warning CA1416: 鍙湪鎵€鏈夊钩鍙颁笂璁块棶姝よ皟鐢ㄧ珯鐐广€?Control.Size" 浠呭湪 "windows" 6.1 鍙婃洿楂樼増鏈?涓婂彈鏀寔銆?(https://learn.microsoft.com/dotnet/fundamentals/code-analysis/quality-rules/ca1416) [H:\code\ScreenControl\ScreenControl.csproj]
H:\code\ScreenControl\UpdateDownloader.cs(63,13): warning CA1416: 鍙湪鎵€鏈夊钩鍙颁笂璁块棶姝よ皟鐢ㄧ珯鐐广€?Control.ControlCollection.Add(Control?)" 浠呭湪 "windows" 6.1 鍙婃洿楂樼増鏈?涓婂彈鏀寔銆?(https://learn.microsoft.com/dotnet/fundamentals/code-analysis/quality-rules/ca1416) [H:\code\ScreenControl\ScreenControl.csproj]
H:\code\ScreenControl\UpdateDownloader.cs(27,33): warning CA1416: 鍙湪鎵€鏈夊钩鍙颁笂璁块棶姝よ皟鐢ㄧ珯鐐广€?Form" 浠呭湪 "windows" 6.1 鍙婃洿楂樼増鏈?涓婂彈鏀寔銆?(https://learn.microsoft.com/dotnet/fundamentals/code-analysis/quality-rules/ca1416) [H:\code\ScreenControl\ScreenControl.csproj]
H:\code\ScreenControl\UpdateDownloader.cs(62,13): warning CA1416: 鍙湪鎵€鏈夊钩鍙颁笂璁块棶姝よ皟鐢ㄧ珯鐐广€?Control.Controls" 浠呭湪 "windows" 6.1 鍙婃洿楂樼増鏈?涓婂彈鏀寔銆?(https://learn.microsoft.com/dotnet/fundamentals/code-analysis/quality-rules/ca1416) [H:\code\ScreenControl\ScreenControl.csproj]
H:\code\ScreenControl\UpdateDownloader.cs(39,13): warning CA1416: 鍙湪鎵€鏈夊钩鍙颁笂璁块棶姝よ皟鐢ㄧ珯鐐广€?Label.Text" 浠呭湪 "windows" 6.1 鍙婃洿楂樼増鏈?涓婂彈鏀寔銆?(https://learn.microsoft.com/dotnet/fundamentals/code-analysis/quality-rules/ca1416) [H:\code\ScreenControl\ScreenControl.csproj]
H:\code\ScreenControl\UpdateDownloader.cs(85,17): warning CA1416: 鍙湪鎵€鏈夊钩鍙颁笂璁块棶姝よ皟鐢ㄧ珯鐐广€?Form.ShowDialog(IWin32Window?)" 浠呭湪 "windows" 6.1 鍙婃洿楂樼増鏈?涓婂彈鏀寔銆?(https://learn.microsoft.com/dotnet/fundamentals/code-analysis/quality-rules/ca1416) [H:\code\ScreenControl\ScreenControl.csproj]
H:\code\ScreenControl\UpdateDownloader.cs(72,13): warning CA1416: 鍙湪鎵€鏈夊钩鍙颁笂璁块棶姝よ皟鐢ㄧ珯鐐广€?Control.Click" 浠呭湪 "windows" 6.1 鍙婃洿楂樼増鏈?涓婂彈鏀寔銆?(https://learn.microsoft.com/dotnet/fundamentals/code-analysis/quality-rules/ca1416) [H:\code\ScreenControl\ScreenControl.csproj]
H:\code\ScreenControl\UpdateDownloader.cs(80,13): warning CA1416: 鍙湪鎵€鏈夊钩鍙颁笂璁块棶姝よ皟鐢ㄧ珯鐐广€?Control.Click" 浠呭湪 "windows" 6.1 鍙婃洿楂樼増鏈?涓婂彈鏀寔銆?(https://learn.microsoft.com/dotnet/fundamentals/code-analysis/quality-rules/ca1416) [H:\code\ScreenControl\ScreenControl.csproj]
H:\code\ScreenControl\UpdateDownloader.cs(44,13): warning CA1416: 鍙湪鎵€鏈夊钩鍙颁笂璁块棶姝よ皟鐢ㄧ珯鐐广€?Control.Location" 浠呭湪 "windows" 6.1 鍙婃洿楂樼増鏈?涓婂彈鏀寔銆?(https://learn.microsoft.com/dotnet/fundamentals/code-analysis/quality-rules/ca1416) [H:\code\ScreenControl\ScreenControl.csproj]
H:\code\ScreenControl\UpdateDownloader.cs(50,13): warning CA1416: 鍙湪鎵€鏈夊钩鍙颁笂璁块棶姝よ皟鐢ㄧ珯鐐广€?Control.Location" 浠呭湪 "windows" 6.1 鍙婃洿楂樼増鏈?涓婂彈鏀寔銆?(https://learn.microsoft.com/dotnet/fundamentals/code-analysis/quality-rules/ca1416) [H:\code\ScreenControl\ScreenControl.csproj]
H:\code\ScreenControl\UpdateDownloader.cs(64,13): warning CA1416: 鍙湪鎵€鏈夊钩鍙颁笂璁块棶姝よ皟鐢ㄧ珯鐐广€?Control.Controls" 浠呭湪 "windows" 6.1 鍙婃洿楂樼増鏈?涓婂彈鏀寔銆?(https://learn.microsoft.com/dotnet/fundamentals/code-analysis/quality-rules/ca1416) [H:\code\ScreenControl\ScreenControl.csproj]
H:\code\ScreenControl\UpdateDownloader.cs(32,13): warning CA1416: 鍙湪鎵€鏈夊钩鍙颁笂璁块棶姝よ皟鐢ㄧ珯鐐广€?Form.MaximizeBox" 浠呭湪 "windows" 6.1 鍙婃洿楂樼増鏈?涓婂彈鏀寔銆?(https://learn.microsoft.com/dotnet/fundamentals/code-analysis/quality-rules/ca1416) [H:\code\ScreenControl\ScreenControl.csproj]
H:\code\ScreenControl\UpdateDownloader.cs(31,44): warning CA1416: 鍙湪鎵€鏈夊钩鍙颁笂璁块棶姝よ皟鐢ㄧ珯鐐广€?FormBorderStyle.FixedDialog" 浠呭湪 "windows" 6.1 鍙婃洿楂樼増鏈?涓婂彈鏀寔銆?(https://learn.microsoft.com/dotnet/fundamentals/code-analysis/quality-rules/ca1416) [H:\code\ScreenControl\ScreenControl.csproj]
H:\code\ScreenControl\UpdateDownloader.cs(57,13): warning CA1416: 鍙湪鎵€鏈夊钩鍙颁笂璁块棶姝よ皟鐢ㄧ珯鐐广€?Control.Size" 浠呭湪 "windows" 6.1 鍙婃洿楂樼増鏈?涓婂彈鏀寔銆?(https://learn.microsoft.com/dotnet/fundamentals/code-analysis/quality-rules/ca1416) [H:\code\ScreenControl\ScreenControl.csproj]
H:\code\ScreenControl\UpdateDownloader.cs(68,13): warning CA1416: 鍙湪鎵€鏈夊钩鍙颁笂璁块棶姝よ皟鐢ㄧ珯鐐广€?Form.CancelButton" 浠呭湪 "windows" 6.1 鍙婃洿楂樼増鏈?涓婂彈鏀寔銆?(https://learn.microsoft.com/dotnet/fundamentals/code-analysis/quality-rules/ca1416) [H:\code\ScreenControl\ScreenControl.csproj]
H:\code\ScreenControl\UpdateDownloader.cs(28,13): warning CA1416: 鍙湪鎵€鏈夊钩鍙颁笂璁块棶姝よ皟鐢ㄧ珯鐐广€?Form.Text" 浠呭湪 "windows" 6.1 鍙婃洿楂樼増鏈?涓婂彈鏀寔銆?(https://learn.microsoft.com/dotnet/fundamentals/code-analysis/quality-rules/ca1416) [H:\code\ScreenControl\ScreenControl.csproj]
H:\code\ScreenControl\UpdateDownloader.cs(62,13): warning CA1416: 鍙湪鎵€鏈夊钩鍙颁笂璁块棶姝よ皟鐢ㄧ珯鐐广€?Control.ControlCollection.Add(Control?)" 浠呭湪 "windows" 6.1 鍙婃洿楂樼増鏈?涓婂彈鏀寔銆?(https://learn.microsoft.com/dotnet/fundamentals/code-analysis/quality-rules/ca1416) [H:\code\ScreenControl\ScreenControl.csproj]
H:\code\ScreenControl\UpdateDownloader.cs(45,13): warning CA1416: 鍙湪鎵€鏈夊钩鍙颁笂璁块棶姝よ皟鐢ㄧ珯鐐广€?Control.Size" 浠呭湪 "windows" 6.1 鍙婃洿楂樼増鏈?涓婂彈鏀寔銆?(https://learn.microsoft.com/dotnet/fundamentals/code-analysis/quality-rules/ca1416) [H:\code\ScreenControl\ScreenControl.csproj]
H:\code\ScreenControl\UpdateDownloader.cs(55,35): warning CA1416: 鍙湪鎵€鏈夊钩鍙颁笂璁块棶姝よ皟鐢ㄧ珯鐐广€?Button" 浠呭湪 "windows" 6.1 鍙婃洿楂樼増鏈?涓婂彈鏀寔銆?(https://learn.microsoft.com/dotnet/fundamentals/code-analysis/quality-rules/ca1416) [H:\code\ScreenControl\ScreenControl.csproj]
H:\code\ScreenControl\UpdateDownloader.cs(43,37): warning CA1416: 鍙湪鎵€鏈夊钩鍙颁笂璁块棶姝よ皟鐢ㄧ珯鐐广€?Button" 浠呭湪 "windows" 6.1 鍙婃洿楂樼増鏈?涓婂彈鏀寔銆?(https://learn.microsoft.com/dotnet/fundamentals/code-analysis/quality-rules/ca1416) [H:\code\ScreenControl\ScreenControl.csproj]
H:\code\ScreenControl\UpdateDownloader.cs(40,38): warning CA1416: 鍙湪鎵€鏈夊钩鍙颁笂璁块棶姝よ皟鐢ㄧ珯鐐广€?ContentAlignment.TopLeft" 浠呭湪 "windows" 6.1 鍙婃洿楂樼増鏈?涓婂彈鏀寔銆?(https://learn.microsoft.com/dotnet/fundamentals/code-analysis/quality-rules/ca1416) [H:\code\ScreenControl\ScreenControl.csproj]
H:\code\ScreenControl\UpdateDownloader.cs(40,13): warning CA1416: 鍙湪鎵€鏈夊钩鍙颁笂璁块棶姝よ皟鐢ㄧ珯鐐广€?Label.TextAlign" 浠呭湪 "windows" 6.1 鍙婃洿楂樼増鏈?涓婂彈鏀寔銆?(https://learn.microsoft.com/dotnet/fundamentals/code-analysis/quality-rules/ca1416) [H:\code\ScreenControl\ScreenControl.csproj]
H:\code\ScreenControl\UpdateDownloader.cs(80,48): warning CA1416: 鍙湪鎵€鏈夊钩鍙颁笂璁块棶姝よ皟鐢ㄧ珯鐐广€?Form.Close()" 浠呭湪 "windows" 6.1 鍙婃洿楂樼増鏈?涓婂彈鏀寔銆?(https://learn.microsoft.com/dotnet/fundamentals/code-analysis/quality-rules/ca1416) [H:\code\ScreenControl\ScreenControl.csproj]
H:\code\ScreenControl\UpdateDownloader.cs(63,13): warning CA1416: 鍙湪鎵€鏈夊钩鍙颁笂璁块棶姝よ皟鐢ㄧ珯鐐广€?Control.Controls" 浠呭湪 "windows" 6.1 鍙婃洿楂樼増鏈?涓婂彈鏀寔銆?(https://learn.microsoft.com/dotnet/fundamentals/code-analysis/quality-rules/ca1416) [H:\code\ScreenControl\ScreenControl.csproj]
H:\code\ScreenControl\UpdateDownloader.cs(46,13): warning CA1416: 鍙湪鎵€鏈夊钩鍙颁笂璁块棶姝よ皟鐢ㄧ珯鐐广€?ButtonBase.Text" 浠呭湪 "windows" 6.1 鍙婃洿楂樼増鏈?涓婂彈鏀寔銆?(https://learn.microsoft.com/dotnet/fundamentals/code-analysis/quality-rules/ca1416) [H:\code\ScreenControl\ScreenControl.csproj]
H:\code\ScreenControl\UpdateDownloader.cs(37,13): warning CA1416: 鍙湪鎵€鏈夊钩鍙颁笂璁块棶姝よ皟鐢ㄧ珯鐐广€?Control.Location" 浠呭湪 "windows" 6.1 鍙婃洿楂樼増鏈?涓婂彈鏀寔銆?(https://learn.microsoft.com/dotnet/fundamentals/code-analysis/quality-rules/ca1416) [H:\code\ScreenControl\ScreenControl.csproj]
H:\code\ScreenControl\UpdateDownloader.cs(30,13): warning CA1416: 鍙湪鎵€鏈夊钩鍙颁笂璁块棶姝よ皟鐢ㄧ珯鐐广€?Form.StartPosition" 浠呭湪 "windows" 6.1 鍙婃洿楂樼増鏈?涓婂彈鏀寔銆?(https://learn.microsoft.com/dotnet/fundamentals/code-analysis/quality-rules/ca1416) [H:\code\ScreenControl\ScreenControl.csproj]
H:\code\ScreenControl\UpdateDownloader.cs(72,73): warning CA1416: 鍙湪鎵€鏈夊钩鍙颁笂璁块棶姝よ皟鐢ㄧ珯鐐广€?Form.Close()" 浠呭湪 "windows" 6.1 鍙婃洿楂樼増鏈?涓婂彈鏀寔銆?(https://learn.microsoft.com/dotnet/fundamentals/code-analysis/quality-rules/ca1416) [H:\code\ScreenControl\ScreenControl.csproj]
H:\code\ScreenControl\UpdateDownloader.cs(49,36): warning CA1416: 鍙湪鎵€鏈夊钩鍙颁笂璁块棶姝よ皟鐢ㄧ珯鐐广€?Button" 浠呭湪 "windows" 6.1 鍙婃洿楂樼増鏈?涓婂彈鏀寔銆?(https://learn.microsoft.com/dotnet/fundamentals/code-analysis/quality-rules/ca1416) [H:\code\ScreenControl\ScreenControl.csproj]
H:\code\ScreenControl\UpdateDownloader.cs(29,13): warning CA1416: 鍙湪鎵€鏈夊钩鍙颁笂璁块棶姝よ皟鐢ㄧ珯鐐广€?Form.Size" 浠呭湪 "windows" 6.1 鍙婃洿楂樼増鏈?涓婂彈鏀寔銆?(https://learn.microsoft.com/dotnet/fundamentals/code-analysis/quality-rules/ca1416) [H:\code\ScreenControl\ScreenControl.csproj]
H:\code\ScreenControl\UpdateDownloader.cs(52,13): warning CA1416: 鍙湪鎵€鏈夊钩鍙颁笂璁块棶姝よ皟鐢ㄧ珯鐐广€?ButtonBase.Text" 浠呭湪 "windows" 6.1 鍙婃洿楂樼増鏈?涓婂彈鏀寔銆?(https://learn.microsoft.com/dotnet/fundamentals/code-analysis/quality-rules/ca1416) [H:\code\ScreenControl\ScreenControl.csproj]
H:\code\ScreenControl\UpdateDownloader.cs(56,13): warning CA1416: 鍙湪鎵€鏈夊钩鍙颁笂璁块棶姝よ皟鐢ㄧ珯鐐广€?Control.Location" 浠呭湪 "windows" 6.1 鍙婃洿楂樼増鏈?涓婂彈鏀寔銆?(https://learn.microsoft.com/dotnet/fundamentals/code-analysis/quality-rules/ca1416) [H:\code\ScreenControl\ScreenControl.csproj]
H:\code\ScreenControl\UpdateDownloader.cs(30,42): warning CA1416: 鍙湪鎵€鏈夊钩鍙颁笂璁块棶姝よ皟鐢ㄧ珯鐐广€?FormStartPosition.CenterParent" 浠呭湪 "windows" 6.1 鍙婃洿楂樼増鏈?涓婂彈鏀寔銆?(https://learn.microsoft.com/dotnet/fundamentals/code-analysis/quality-rules/ca1416) [H:\code\ScreenControl\ScreenControl.csproj]
H:\code\ScreenControl\UpdateDownloader.cs(36,34): warning CA1416: 鍙湪鎵€鏈夊钩鍙颁笂璁块棶姝よ皟鐢ㄧ珯鐐广€?Label" 浠呭湪 "windows" 6.1 鍙婃洿楂樼増鏈?涓婂彈鏀寔銆?(https://learn.microsoft.com/dotnet/fundamentals/code-analysis/quality-rules/ca1416) [H:\code\ScreenControl\ScreenControl.csproj]
H:\code\ScreenControl\UpdateDownloader.cs(33,13): warning CA1416: 鍙湪鎵€鏈夊钩鍙颁笂璁块棶姝よ皟鐢ㄧ珯鐐广€?Form.MinimizeBox" 浠呭湪 "windows" 6.1 鍙婃洿楂樼増鏈?涓婂彈鏀寔銆?(https://learn.microsoft.com/dotnet/fundamentals/code-analysis/quality-rules/ca1416) [H:\code\ScreenControl\ScreenControl.csproj]
H:\code\ScreenControl\UpdateDownloader.cs(78,17): warning CA1416: 鍙湪鎵€鏈夊钩鍙颁笂璁块棶姝よ皟鐢ㄧ珯鐐广€?Form.Close()" 浠呭湪 "windows" 6.1 鍙婃洿楂樼増鏈?涓婂彈鏀寔銆?(https://learn.microsoft.com/dotnet/fundamentals/code-analysis/quality-rules/ca1416) [H:\code\ScreenControl\ScreenControl.csproj]
H:\code\ScreenControl\UpdateDownloader.cs(64,13): warning CA1416: 鍙湪鎵€鏈夊钩鍙颁笂璁块棶姝よ皟鐢ㄧ珯鐐广€?Control.ControlCollection.Add(Control?)" 浠呭湪 "windows" 6.1 鍙婃洿楂樼増鏈?涓婂彈鏀寔銆?(https://learn.microsoft.com/dotnet/fundamentals/code-analysis/quality-rules/ca1416) [H:\code\ScreenControl\ScreenControl.csproj]
H:\code\ScreenControl\UpdateDownloader.cs(31,13): warning CA1416: 鍙湪鎵€鏈夊钩鍙颁笂璁块棶姝よ皟鐢ㄧ珯鐐广€?Form.FormBorderStyle" 浠呭湪 "windows" 6.1 鍙婃洿楂樼増鏈?涓婂彈鏀寔銆?(https://learn.microsoft.com/dotnet/fundamentals/code-analysis/quality-rules/ca1416) [H:\code\ScreenControl\ScreenControl.csproj]
H:\code\ScreenControl\UpdateDownloader.cs(67,13): warning CA1416: 鍙湪鎵€鏈夊钩鍙颁笂璁块棶姝よ皟鐢ㄧ珯鐐广€?Form.AcceptButton" 浠呭湪 "windows" 6.1 鍙婃洿楂樼増鏈?涓婂彈鏀寔銆?(https://learn.microsoft.com/dotnet/fundamentals/code-analysis/quality-rules/ca1416) [H:\code\ScreenControl\ScreenControl.csproj]
H:\code\ScreenControl\UpdateDownloader.cs(58,13): warning CA1416: 鍙湪鎵€鏈夊钩鍙颁笂璁块棶姝よ皟鐢ㄧ珯鐐广€?ButtonBase.Text" 浠呭湪 "windows" 6.1 鍙婃洿楂樼増鏈?涓婂彈鏀寔銆?(https://learn.microsoft.com/dotnet/fundamentals/code-analysis/quality-rules/ca1416) [H:\code\ScreenControl\ScreenControl.csproj]
H:\code\ScreenControl\UpdateDownloader.cs(89,17): warning CA1416: 鍙湪鎵€鏈夊钩鍙颁笂璁块棶姝よ皟鐢ㄧ珯鐐广€?Form.ShowDialog()" 浠呭湪 "windows" 6.1 鍙婃洿楂樼増鏈?涓婂彈鏀寔銆?(https://learn.microsoft.com/dotnet/fundamentals/code-analysis/quality-rules/ca1416) [H:\code\ScreenControl\ScreenControl.csproj]
H:\code\ScreenControl\UpdateDownloader.cs(61,13): warning CA1416: 鍙湪鎵€鏈夊钩鍙颁笂璁块棶姝よ皟鐢ㄧ珯鐐广€?Control.Controls" 浠呭湪 "windows" 6.1 鍙婃洿楂樼増鏈?涓婂彈鏀寔銆?(https://learn.microsoft.com/dotnet/fundamentals/code-analysis/quality-rules/ca1416) [H:\code\ScreenControl\ScreenControl.csproj]
H:\code\ScreenControl\UpdateDownloader.cs(61,13): warning CA1416: 鍙湪鎵€鏈夊钩鍙颁笂璁块棶姝よ皟鐢ㄧ珯鐐广€?Control.ControlCollection.Add(Control?)" 浠呭湪 "windows" 6.1 鍙婃洿楂樼増鏈?涓婂彈鏀寔銆?(https://learn.microsoft.com/dotnet/fundamentals/code-analysis/quality-rules/ca1416) [H:\code\ScreenControl\ScreenControl.csproj]
H:\code\ScreenControl\MainForm.cs(223,33): warning CA1416: 鍙湪鎵€鏈夊钩鍙颁笂璁块棶姝よ皟鐢ㄧ珯鐐广€?Form.WindowState" 浠呭湪 "windows" 6.1 鍙婃洿楂樼増鏈?涓婂彈鏀寔銆?(https://learn.microsoft.com/dotnet/fundamentals/code-analysis/quality-rules/ca1416) [H:\code\ScreenControl\ScreenControl.csproj]
H:\code\ScreenControl\MainForm.cs(223,17): warning CA1416: 鍙湪鎵€鏈夊钩鍙颁笂璁块棶姝よ皟鐢ㄧ珯鐐广€?Control.Visible" 浠呭湪 "windows" 6.1 鍙婃洿楂樼増鏈?涓婂彈鏀寔銆?(https://learn.microsoft.com/dotnet/fundamentals/code-analysis/quality-rules/ca1416) [H:\code\ScreenControl\ScreenControl.csproj]
H:\code\ScreenControl\MainForm.cs(226,17): warning CA1416: 鍙湪鎵€鏈夊钩鍙颁笂璁块棶姝よ皟鐢ㄧ珯鐐广€?Control.Visible" 浠呭湪 "windows" 6.1 鍙婃洿楂樼増鏈?涓婂彈鏀寔銆?(https://learn.microsoft.com/dotnet/fundamentals/code-analysis/quality-rules/ca1416) [H:\code\ScreenControl\ScreenControl.csproj]
H:\code\ScreenControl\MainForm.cs(131,13): warning CA1416: 鍙湪鎵€鏈夊钩鍙颁笂璁块棶姝よ皟鐢ㄧ珯鐐广€?ToolStrip.Items" 浠呭湪 "windows" 6.1 鍙婃洿楂樼増鏈?涓婂彈鏀寔銆?(https://learn.microsoft.com/dotnet/fundamentals/code-analysis/quality-rules/ca1416) [H:\code\ScreenControl\ScreenControl.csproj]
H:\code\ScreenControl\MainForm.cs(144,13): warning CA1416: 鍙湪鎵€鏈夊钩鍙颁笂璁块棶姝よ皟鐢ㄧ珯鐐广€?ToolStrip.Items" 浠呭湪 "windows" 6.1 鍙婃洿楂樼増鏈?涓婂彈鏀寔銆?(https://learn.microsoft.com/dotnet/fundamentals/code-analysis/quality-rules/ca1416) [H:\code\ScreenControl\ScreenControl.csproj]
H:\code\ScreenControl\MainForm.cs(136,13): warning CA1416: 鍙湪鎵€鏈夊钩鍙颁笂璁块棶姝よ皟鐢ㄧ珯鐐广€?ToolStrip.Items" 浠呭湪 "windows" 6.1 鍙婃洿楂樼増鏈?涓婂彈鏀寔銆?(https://learn.microsoft.com/dotnet/fundamentals/code-analysis/quality-rules/ca1416) [H:\code\ScreenControl\ScreenControl.csproj]
H:\code\ScreenControl\MainForm.cs(113,47): warning CA1416: 鍙湪鎵€鏈夊钩鍙颁笂璁块棶姝よ皟鐢ㄧ珯鐐广€?SystemIcons.Application" 浠呭湪 "windows" 6.1 鍙婃洿楂樼増鏈?涓婂彈鏀寔銆?(https://learn.microsoft.com/dotnet/fundamentals/code-analysis/quality-rules/ca1416) [H:\code\ScreenControl\ScreenControl.csproj]
H:\code\ScreenControl\MainForm.cs(122,17): warning CA1416: 鍙湪鎵€鏈夊钩鍙颁笂璁块棶姝よ皟鐢ㄧ珯鐐广€?NotifyIcon.Icon" 浠呭湪 "windows" 6.1 鍙婃洿楂樼増鏈?涓婂彈鏀寔銆?(https://learn.microsoft.com/dotnet/fundamentals/code-analysis/quality-rules/ca1416) [H:\code\ScreenControl\ScreenControl.csproj]
H:\code\ScreenControl\MainForm.cs(105,37): warning CA1416: 鍙湪鎵€鏈夊钩鍙颁笂璁块棶姝よ皟鐢ㄧ珯鐐广€?NotifyIcon.Icon" 浠呭湪 "windows" 6.1 鍙婃洿楂樼増鏈?涓婂彈鏀寔銆?(https://learn.microsoft.com/dotnet/fundamentals/code-analysis/quality-rules/ca1416) [H:\code\ScreenControl\ScreenControl.csproj]
H:\code\ScreenControl\MainForm.cs(129,50): warning CA1416: 鍙湪鎵€鏈夊钩鍙颁笂璁块棶姝よ皟鐢ㄧ珯鐐广€?ToolStripMenuItem" 浠呭湪 "windows" 6.1 鍙婃洿楂樼増鏈?涓婂彈鏀寔銆?(https://learn.microsoft.com/dotnet/fundamentals/code-analysis/quality-rules/ca1416) [H:\code\ScreenControl\ScreenControl.csproj]
H:\code\ScreenControl\MainForm.cs(77,21): warning CA1416: 鍙湪鎵€鏈夊钩鍙颁笂璁块棶姝よ皟鐢ㄧ珯鐐广€?NotifyIcon.Icon" 浠呭湪 "windows" 6.1 鍙婃洿楂樼増鏈?涓婂彈鏀寔銆?(https://learn.microsoft.com/dotnet/fundamentals/code-analysis/quality-rules/ca1416) [H:\code\ScreenControl\ScreenControl.csproj]
H:\code\ScreenControl\MainForm.cs(67,26): warning CA1416: 鍙湪鎵€鏈夊钩鍙颁笂璁块棶姝よ皟鐢ㄧ珯鐐广€?NotifyIcon" 浠呭湪 "windows" 6.1 鍙婃洿楂樼増鏈?涓婂彈鏀寔銆?(https://learn.microsoft.com/dotnet/fundamentals/code-analysis/quality-rules/ca1416) [H:\code\ScreenControl\ScreenControl.csproj]
H:\code\ScreenControl\MainForm.cs(144,32): warning CA1416: 鍙湪鎵€鏈夊钩鍙颁笂璁块棶姝よ皟鐢ㄧ珯鐐广€?ToolStripSeparator" 浠呭湪 "windows" 6.1 鍙婃洿楂樼増鏈?涓婂彈鏀寔銆?(https://learn.microsoft.com/dotnet/fundamentals/code-analysis/quality-rules/ca1416) [H:\code\ScreenControl\ScreenControl.csproj]
H:\code\ScreenControl\MainForm.cs(148,13): warning CA1416: 鍙湪鎵€鏈夊钩鍙颁笂璁块棶姝よ皟鐢ㄧ珯鐐广€?ToolStripItem.Click" 浠呭湪 "windows" 6.1 鍙婃洿楂樼増鏈?涓婂彈鏀寔銆?(https://learn.microsoft.com/dotnet/fundamentals/code-analysis/quality-rules/ca1416) [H:\code\ScreenControl\ScreenControl.csproj]
H:\code\ScreenControl\MainForm.cs(152,13): warning CA1416: 鍙湪鎵€鏈夊钩鍙颁笂璁块棶姝よ皟鐢ㄧ珯鐐广€?NotifyIcon.ContextMenuStrip" 浠呭湪 "windows" 6.1 鍙婃洿楂樼増鏈?涓婂彈鏀寔銆?(https://learn.microsoft.com/dotnet/fundamentals/code-analysis/quality-rules/ca1416) [H:\code\ScreenControl\ScreenControl.csproj]
H:\code\ScreenControl\MainForm.cs(136,13): warning CA1416: 鍙湪鎵€鏈夊钩鍙颁笂璁块棶姝よ皟鐢ㄧ珯鐐广€?ToolStripItemCollection.Add(ToolStripItem)" 浠呭湪 "windows" 6.1 鍙婃洿楂樼増鏈?涓婂彈鏀寔銆?(https://learn.microsoft.com/dotnet/fundamentals/code-analysis/quality-rules/ca1416) [H:\code\ScreenControl\ScreenControl.csproj]
H:\code\ScreenControl\MainForm.cs(86,25): warning CA1416: 鍙湪鎵€鏈夊钩鍙颁笂璁块棶姝よ皟鐢ㄧ珯鐐广€?NotifyIcon.Icon" 浠呭湪 "windows" 6.1 鍙婃洿楂樼増鏈?涓婂彈鏀寔銆?(https://learn.microsoft.com/dotnet/fundamentals/code-analysis/quality-rules/ca1416) [H:\code\ScreenControl\ScreenControl.csproj]
H:\code\ScreenControl\MainForm.cs(105,55): warning CA1416: 鍙湪鎵€鏈夊钩鍙颁笂璁块棶姝よ皟鐢ㄧ珯鐐广€?SystemIcons.Application" 浠呭湪 "windows" 6.1 鍙婃洿楂樼増鏈?涓婂彈鏀寔銆?(https://learn.microsoft.com/dotnet/fundamentals/code-analysis/quality-rules/ca1416) [H:\code\ScreenControl\ScreenControl.csproj]
H:\code\ScreenControl\MainForm.cs(68,13): warning CA1416: 鍙湪鎵€鏈夊钩鍙颁笂璁块棶姝よ皟鐢ㄧ珯鐐广€?NotifyIcon.Text" 浠呭湪 "windows" 6.1 鍙婃洿楂樼増鏈?涓婂彈鏀寔銆?(https://learn.microsoft.com/dotnet/fundamentals/code-analysis/quality-rules/ca1416) [H:\code\ScreenControl\ScreenControl.csproj]
H:\code\ScreenControl\MainForm.cs(126,24): warning CA1416: 鍙湪鎵€鏈夊钩鍙颁笂璁块棶姝よ皟鐢ㄧ珯鐐广€?ContextMenuStrip" 浠呭湪 "windows" 6.1 鍙婃洿楂樼増鏈?涓婂彈鏀寔銆?(https://learn.microsoft.com/dotnet/fundamentals/code-analysis/quality-rules/ca1416) [H:\code\ScreenControl\ScreenControl.csproj]
H:\code\ScreenControl\MainForm.cs(122,35): warning CA1416: 鍙湪鎵€鏈夊钩鍙颁笂璁块棶姝よ皟鐢ㄧ珯鐐广€?SystemIcons.Application" 浠呭湪 "windows" 6.1 鍙婃洿楂樼増鏈?涓婂彈鏀寔銆?(https://learn.microsoft.com/dotnet/fundamentals/code-analysis/quality-rules/ca1416) [H:\code\ScreenControl\ScreenControl.csproj]
H:\code\ScreenControl\MainForm.cs(139,58): warning CA1416: 鍙湪鎵€鏈夊钩鍙颁笂璁块棶姝よ皟鐢ㄧ珯鐐广€?ToolStripMenuItem" 浠呭湪 "windows" 6.1 鍙婃洿楂樼増鏈?涓婂彈鏀寔銆?(https://learn.microsoft.com/dotnet/fundamentals/code-analysis/quality-rules/ca1416) [H:\code\ScreenControl\ScreenControl.csproj]
H:\code\ScreenControl\MainForm.cs(158,13): warning CA1416: 鍙湪鎵€鏈夊钩鍙颁笂璁块棶姝よ皟鐢ㄧ珯鐐广€?NotifyIcon.Visible" 浠呭湪 "windows" 6.1 鍙婃洿楂樼増鏈?涓婂彈鏀寔銆?(https://learn.microsoft.com/dotnet/fundamentals/code-analysis/quality-rules/ca1416) [H:\code\ScreenControl\ScreenControl.csproj]
H:\code\ScreenControl\MainForm.cs(149,13): warning CA1416: 鍙湪鎵€鏈夊钩鍙颁笂璁块棶姝よ皟鐢ㄧ珯鐐广€?ToolStrip.Items" 浠呭湪 "windows" 6.1 鍙婃洿楂樼増鏈?涓婂彈鏀寔銆?(https://learn.microsoft.com/dotnet/fundamentals/code-analysis/quality-rules/ca1416) [H:\code\ScreenControl\ScreenControl.csproj]
H:\code\ScreenControl\MainForm.cs(113,29): warning CA1416: 鍙湪鎵€鏈夊钩鍙颁笂璁块棶姝よ皟鐢ㄧ珯鐐广€?NotifyIcon.Icon" 浠呭湪 "windows" 6.1 鍙婃洿楂樼増鏈?涓婂彈鏀寔銆?(https://learn.microsoft.com/dotnet/fundamentals/code-analysis/quality-rules/ca1416) [H:\code\ScreenControl\ScreenControl.csproj]
H:\code\ScreenControl\MainForm.cs(141,13): warning CA1416: 鍙湪鎵€鏈夊钩鍙颁笂璁块棶姝よ皟鐢ㄧ珯鐐广€?ToolStrip.Items" 浠呭湪 "windows" 6.1 鍙婃洿楂樼増鏈?涓婂彈鏀寔銆?(https://learn.microsoft.com/dotnet/fundamentals/code-analysis/quality-rules/ca1416) [H:\code\ScreenControl\ScreenControl.csproj]
H:\code\ScreenControl\MainForm.cs(98,37): warning CA1416: 鍙湪鎵€鏈夊钩鍙颁笂璁块棶姝よ皟鐢ㄧ珯鐐广€?NotifyIcon.Icon" 浠呭湪 "windows" 6.1 鍙婃洿楂樼増鏈?涓婂彈鏀寔銆?(https://learn.microsoft.com/dotnet/fundamentals/code-analysis/quality-rules/ca1416) [H:\code\ScreenControl\ScreenControl.csproj]
H:\code\ScreenControl\MainForm.cs(135,13): warning CA1416: 鍙湪鎵€鏈夊钩鍙颁笂璁块棶姝よ皟鐢ㄧ珯鐐广€?ToolStripItem.Click" 浠呭湪 "windows" 6.1 鍙婃洿楂樼増鏈?涓婂彈鏀寔銆?(https://learn.microsoft.com/dotnet/fundamentals/code-analysis/quality-rules/ca1416) [H:\code\ScreenControl\ScreenControl.csproj]
H:\code\ScreenControl\MainForm.cs(144,13): warning CA1416: 鍙湪鎵€鏈夊钩鍙颁笂璁块棶姝よ皟鐢ㄧ珯鐐广€?ToolStripItemCollection.Add(ToolStripItem)" 浠呭湪 "windows" 6.1 鍙婃洿楂樼増鏈?涓婂彈鏀寔銆?(https://learn.microsoft.com/dotnet/fundamentals/code-analysis/quality-rules/ca1416) [H:\code\ScreenControl\ScreenControl.csproj]
H:\code\ScreenControl\MainForm.cs(149,13): warning CA1416: 鍙湪鎵€鏈夊钩鍙颁笂璁块棶姝よ皟鐢ㄧ珯鐐广€?ToolStripItemCollection.Add(ToolStripItem)" 浠呭湪 "windows" 6.1 鍙婃洿楂樼増鏈?涓婂彈鏀寔銆?(https://learn.microsoft.com/dotnet/fundamentals/code-analysis/quality-rules/ca1416) [H:\code\ScreenControl\ScreenControl.csproj]
H:\code\ScreenControl\MainForm.cs(130,13): warning CA1416: 鍙湪鎵€鏈夊钩鍙颁笂璁块棶姝よ皟鐢ㄧ珯鐐广€?ToolStripItem.Click" 浠呭湪 "windows" 6.1 鍙婃洿楂樼増鏈?涓婂彈鏀寔銆?(https://learn.microsoft.com/dotnet/fundamentals/code-analysis/quality-rules/ca1416) [H:\code\ScreenControl\ScreenControl.csproj]
H:\code\ScreenControl\MainForm.cs(98,55): warning CA1416: 鍙湪鎵€鏈夊钩鍙颁笂璁块棶姝よ皟鐢ㄧ珯鐐广€?Icon" 浠呭湪 "windows" 6.1 鍙婃洿楂樼増鏈?涓婂彈鏀寔銆?(https://learn.microsoft.com/dotnet/fundamentals/code-analysis/quality-rules/ca1416) [H:\code\ScreenControl\ScreenControl.csproj]
H:\code\ScreenControl\MainForm.cs(155,13): warning CA1416: 鍙湪鎵€鏈夊钩鍙颁笂璁块棶姝よ皟鐢ㄧ珯鐐广€?NotifyIcon.DoubleClick" 浠呭湪 "windows" 6.1 鍙婃洿楂樼増鏈?涓婂彈鏀寔銆?(https://learn.microsoft.com/dotnet/fundamentals/code-analysis/quality-rules/ca1416) [H:\code\ScreenControl\ScreenControl.csproj]
H:\code\ScreenControl\MainForm.cs(131,13): warning CA1416: 鍙湪鎵€鏈夊钩鍙颁笂璁块棶姝よ皟鐢ㄧ珯鐐广€?ToolStripItemCollection.Add(ToolStripItem)" 浠呭湪 "windows" 6.1 鍙婃洿楂樼増鏈?涓婂彈鏀寔銆?(https://learn.microsoft.com/dotnet/fundamentals/code-analysis/quality-rules/ca1416) [H:\code\ScreenControl\ScreenControl.csproj]
H:\code\ScreenControl\MainForm.cs(147,42): warning CA1416: 鍙湪鎵€鏈夊钩鍙颁笂璁块棶姝よ皟鐢ㄧ珯鐐广€?ToolStripMenuItem" 浠呭湪 "windows" 6.1 鍙婃洿楂樼増鏈?涓婂彈鏀寔銆?(https://learn.microsoft.com/dotnet/fundamentals/code-analysis/quality-rules/ca1416) [H:\code\ScreenControl\ScreenControl.csproj]
H:\code\ScreenControl\MainForm.cs(141,13): warning CA1416: 鍙湪鎵€鏈夊钩鍙颁笂璁块棶姝よ皟鐢ㄧ珯鐐广€?ToolStripItemCollection.Add(ToolStripItem)" 浠呭湪 "windows" 6.1 鍙婃洿楂樼増鏈?涓婂彈鏀寔銆?(https://learn.microsoft.com/dotnet/fundamentals/code-analysis/quality-rules/ca1416) [H:\code\ScreenControl\ScreenControl.csproj]
H:\code\ScreenControl\MainForm.cs(140,13): warning CA1416: 鍙湪鎵€鏈夊钩鍙颁笂璁块棶姝よ皟鐢ㄧ珯鐐广€?ToolStripItem.Click" 浠呭湪 "windows" 6.1 鍙婃洿楂樼増鏈?涓婂彈鏀寔銆?(https://learn.microsoft.com/dotnet/fundamentals/code-analysis/quality-rules/ca1416) [H:\code\ScreenControl\ScreenControl.csproj]
H:\code\ScreenControl\MainForm.cs(86,43): warning CA1416: 鍙湪鎵€鏈夊钩鍙颁笂璁块棶姝よ皟鐢ㄧ珯鐐广€?Icon" 浠呭湪 "windows" 6.1 鍙婃洿楂樼増鏈?涓婂彈鏀寔銆?(https://learn.microsoft.com/dotnet/fundamentals/code-analysis/quality-rules/ca1416) [H:\code\ScreenControl\ScreenControl.csproj]
H:\code\ScreenControl\MainForm.cs(134,51): warning CA1416: 鍙湪鎵€鏈夊钩鍙颁笂璁块棶姝よ皟鐢ㄧ珯鐐广€?ToolStripMenuItem" 浠呭湪 "windows" 6.1 鍙婃洿楂樼増鏈?涓婂彈鏀寔銆?(https://learn.microsoft.com/dotnet/fundamentals/code-analysis/quality-rules/ca1416) [H:\code\ScreenControl\ScreenControl.csproj]
H:\code\ScreenControl\MainForm.cs(77,39): warning CA1416: 鍙湪鎵€鏈夊钩鍙颁笂璁块棶姝よ皟鐢ㄧ珯鐐广€?Icon" 浠呭湪 "windows" 6.1 鍙婃洿楂樼増鏈?涓婂彈鏀寔銆?(https://learn.microsoft.com/dotnet/fundamentals/code-analysis/quality-rules/ca1416) [H:\code\ScreenControl\ScreenControl.csproj]
H:\code\ScreenControl\MainForm.cs(302,13): warning CA1416: 鍙湪鎵€鏈夊钩鍙颁笂璁块棶姝よ皟鐢ㄧ珯鐐广€?Timer.Interval" 浠呭湪 "windows" 6.1 鍙婃洿楂樼増鏈?涓婂彈鏀寔銆?(https://learn.microsoft.com/dotnet/fundamentals/code-analysis/quality-rules/ca1416) [H:\code\ScreenControl\ScreenControl.csproj]
H:\code\ScreenControl\MainForm.cs(303,13): warning CA1416: 鍙湪鎵€鏈夊钩鍙颁笂璁块棶姝よ皟鐢ㄧ珯鐐广€?Timer.Tick" 浠呭湪 "windows" 6.1 鍙婃洿楂樼増鏈?涓婂彈鏀寔銆?(https://learn.microsoft.com/dotnet/fundamentals/code-analysis/quality-rules/ca1416) [H:\code\ScreenControl\ScreenControl.csproj]
H:\code\ScreenControl\MainForm.cs(301,28): warning CA1416: 鍙湪鎵€鏈夊钩鍙颁笂璁块棶姝よ皟鐢ㄧ珯鐐广€?Timer" 浠呭湪 "windows" 6.1 鍙婃洿楂樼増鏈?涓婂彈鏀寔銆?(https://learn.microsoft.com/dotnet/fundamentals/code-analysis/quality-rules/ca1416) [H:\code\ScreenControl\ScreenControl.csproj]
H:\code\ScreenControl\MainForm.cs(294,13): warning CA1416: 鍙湪鎵€鏈夊钩鍙颁笂璁块棶姝よ皟鐢ㄧ珯鐐广€?Timer.Interval" 浠呭湪 "windows" 6.1 鍙婃洿楂樼増鏈?涓婂彈鏀寔銆?(https://learn.microsoft.com/dotnet/fundamentals/code-analysis/quality-rules/ca1416) [H:\code\ScreenControl\ScreenControl.csproj]
H:\code\ScreenControl\MainForm.cs(296,13): warning CA1416: 鍙湪鎵€鏈夊钩鍙颁笂璁块棶姝よ皟鐢ㄧ珯鐐广€?Timer.Start()" 浠呭湪 "windows" 6.1 鍙婃洿楂樼増鏈?涓婂彈鏀寔銆?(https://learn.microsoft.com/dotnet/fundamentals/code-analysis/quality-rules/ca1416) [H:\code\ScreenControl\ScreenControl.csproj]
H:\code\ScreenControl\MainForm.cs(295,13): warning CA1416: 鍙湪鎵€鏈夊钩鍙颁笂璁块棶姝よ皟鐢ㄧ珯鐐广€?Timer.Tick" 浠呭湪 "windows" 6.1 鍙婃洿楂樼増鏈?涓婂彈鏀寔銆?(https://learn.microsoft.com/dotnet/fundamentals/code-analysis/quality-rules/ca1416) [H:\code\ScreenControl\ScreenControl.csproj]
H:\code\ScreenControl\MainForm.cs(293,27): warning CA1416: 鍙湪鎵€鏈夊钩鍙颁笂璁块棶姝よ皟鐢ㄧ珯鐐广€?Timer" 浠呭湪 "windows" 6.1 鍙婃洿楂樼増鏈?涓婂彈鏀寔銆?(https://learn.microsoft.com/dotnet/fundamentals/code-analysis/quality-rules/ca1416) [H:\code\ScreenControl\ScreenControl.csproj]
H:\code\ScreenControl\MainForm.cs(337,17): warning CA1416: 鍙湪鎵€鏈夊钩鍙颁笂璁块棶姝よ皟鐢ㄧ珯鐐广€?Label.Text" 浠呭湪 "windows" 6.1 鍙婃洿楂樼増鏈?涓婂彈鏀寔銆?(https://learn.microsoft.com/dotnet/fundamentals/code-analysis/quality-rules/ca1416) [H:\code\ScreenControl\ScreenControl.csproj]
H:\code\ScreenControl\MainForm.cs(312,13): warning CA1416: 鍙湪鎵€鏈夊钩鍙颁笂璁块棶姝よ皟鐢ㄧ珯鐐广€?Control.Left" 浠呭湪 "windows" 6.1 鍙婃洿楂樼増鏈?涓婂彈鏀寔銆?(https://learn.microsoft.com/dotnet/fundamentals/code-analysis/quality-rules/ca1416) [H:\code\ScreenControl\ScreenControl.csproj]
H:\code\ScreenControl\MainForm.cs(317,13): warning CA1416: 鍙湪鎵€鏈夊钩鍙颁笂璁块棶姝よ皟鐢ㄧ珯鐐广€?Label.TextAlign" 浠呭湪 "windows" 6.1 鍙婃洿楂樼増鏈?涓婂彈鏀寔銆?(https://learn.microsoft.com/dotnet/fundamentals/code-analysis/quality-rules/ca1416) [H:\code\ScreenControl\ScreenControl.csproj]
H:\code\ScreenControl\MainForm.cs(328,13): warning CA1416: 鍙湪鎵€鏈夊钩鍙颁笂璁块棶姝よ皟鐢ㄧ珯鐐广€?Label.BorderStyle" 浠呭湪 "windows" 6.1 鍙婃洿楂樼増鏈?涓婂彈鏀寔銆?(https://learn.microsoft.com/dotnet/fundamentals/code-analysis/quality-rules/ca1416) [H:\code\ScreenControl\ScreenControl.csproj]
H:\code\ScreenControl\MainForm.cs(317,37): warning CA1416: 鍙湪鎵€鏈夊钩鍙颁笂璁块棶姝よ皟鐢ㄧ珯鐐广€?ContentAlignment.MiddleLeft" 浠呭湪 "windows" 6.1 鍙婃洿楂樼増鏈?涓婂彈鏀寔銆?(https://learn.microsoft.com/dotnet/fundamentals/code-analysis/quality-rules/ca1416) [H:\code\ScreenControl\ScreenControl.csproj]
H:\code\ScreenControl\MainForm.cs(323,33): warning CA1416: 鍙湪鎵€鏈夊钩鍙颁笂璁块棶姝よ皟鐢ㄧ珯鐐广€?Form.ClientSize" 浠呭湪 "windows" 6.1 鍙婃洿楂樼増鏈?涓婂彈鏀寔銆?(https://learn.microsoft.com/dotnet/fundamentals/code-analysis/quality-rules/ca1416) [H:\code\ScreenControl\ScreenControl.csproj]
H:\code\ScreenControl\MainForm.cs(316,39): warning CA1416: 鍙湪鎵€鏈夊钩鍙颁笂璁块棶姝よ皟鐢ㄧ珯鐐广€?BorderStyle.FixedSingle" 浠呭湪 "windows" 6.1 鍙婃洿楂樼増鏈?涓婂彈鏀寔銆?(https://learn.microsoft.com/dotnet/fundamentals/code-analysis/quality-rules/ca1416) [H:\code\ScreenControl\ScreenControl.csproj]
H:\code\ScreenControl\MainForm.cs(318,13): warning CA1416: 鍙湪鎵€鏈夊钩鍙颁笂璁块棶姝よ皟鐢ㄧ珯鐐广€?Control.Controls" 浠呭湪 "windows" 6.1 鍙婃洿楂樼増鏈?涓婂彈鏀寔銆?(https://learn.microsoft.com/dotnet/fundamentals/code-analysis/quality-rules/ca1416) [H:\code\ScreenControl\ScreenControl.csproj]
H:\code\ScreenControl\MainForm.cs(316,13): warning CA1416: 鍙湪鎵€鏈夊钩鍙颁笂璁块棶姝よ皟鐢ㄧ珯鐐广€?Label.BorderStyle" 浠呭湪 "windows" 6.1 鍙婃洿楂樼増鏈?涓婂彈鏀寔銆?(https://learn.microsoft.com/dotnet/fundamentals/code-analysis/quality-rules/ca1416) [H:\code\ScreenControl\ScreenControl.csproj]
H:\code\ScreenControl\MainForm.cs(313,31): warning CA1416: 鍙湪鎵€鏈夊钩鍙颁笂璁块棶姝よ皟鐢ㄧ珯鐐广€?Form.ClientSize" 浠呭湪 "windows" 6.1 鍙婃洿楂樼増鏈?涓婂彈鏀寔銆?(https://learn.microsoft.com/dotnet/fundamentals/code-analysis/quality-rules/ca1416) [H:\code\ScreenControl\ScreenControl.csproj]
H:\code\ScreenControl\MainForm.cs(329,37): warning CA1416: 鍙湪鎵€鏈夊钩鍙颁笂璁块棶姝よ皟鐢ㄧ珯鐐广€?ContentAlignment.MiddleLeft" 浠呭湪 "windows" 6.1 鍙婃洿楂樼増鏈?涓婂彈鏀寔銆?(https://learn.microsoft.com/dotnet/fundamentals/code-analysis/quality-rules/ca1416) [H:\code\ScreenControl\ScreenControl.csproj]
H:\code\ScreenControl\MainForm.cs(330,13): warning CA1416: 鍙湪鎵€鏈夊钩鍙颁笂璁块棶姝よ皟鐢ㄧ珯鐐广€?Control.Controls" 浠呭湪 "windows" 6.1 鍙婃洿楂樼増鏈?涓婂彈鏀寔銆?(https://learn.microsoft.com/dotnet/fundamentals/code-analysis/quality-rules/ca1416) [H:\code\ScreenControl\ScreenControl.csproj]
H:\code\ScreenControl\MainForm.cs(310,13): warning CA1416: 鍙湪鎵€鏈夊钩鍙颁笂璁块棶姝よ皟鐢ㄧ珯鐐广€?Label.Text" 浠呭湪 "windows" 6.1 鍙婃洿楂樼増鏈?涓婂彈鏀寔銆?(https://learn.microsoft.com/dotnet/fundamentals/code-analysis/quality-rules/ca1416) [H:\code\ScreenControl\ScreenControl.csproj]
H:\code\ScreenControl\MainForm.cs(324,13): warning CA1416: 鍙湪鎵€鏈夊钩鍙颁笂璁块棶姝よ皟鐢ㄧ珯鐐广€?Control.Left" 浠呭湪 "windows" 6.1 鍙婃洿楂樼増鏈?涓婂彈鏀寔銆?(https://learn.microsoft.com/dotnet/fundamentals/code-analysis/quality-rules/ca1416) [H:\code\ScreenControl\ScreenControl.csproj]
H:\code\ScreenControl\MainForm.cs(327,13): warning CA1416: 鍙湪鎵€鏈夊钩鍙颁笂璁块棶姝よ皟鐢ㄧ珯鐐广€?Control.Height" 浠呭湪 "windows" 6.1 鍙婃洿楂樼増鏈?涓婂彈鏀寔銆?(https://learn.microsoft.com/dotnet/fundamentals/code-analysis/quality-rules/ca1416) [H:\code\ScreenControl\ScreenControl.csproj]
H:\code\ScreenControl\MainForm.cs(326,13): warning CA1416: 鍙湪鎵€鏈夊钩鍙颁笂璁块棶姝よ皟鐢ㄧ珯鐐广€?Label.AutoSize" 浠呭湪 "windows" 6.1 鍙婃洿楂樼増鏈?涓婂彈鏀寔銆?(https://learn.microsoft.com/dotnet/fundamentals/code-analysis/quality-rules/ca1416) [H:\code\ScreenControl\ScreenControl.csproj]
H:\code\ScreenControl\MainForm.cs(315,13): warning CA1416: 鍙湪鎵€鏈夊钩鍙颁笂璁块棶姝よ皟鐢ㄧ珯鐐广€?Control.Height" 浠呭湪 "windows" 6.1 鍙婃洿楂樼増鏈?涓婂彈鏀寔銆?(https://learn.microsoft.com/dotnet/fundamentals/code-analysis/quality-rules/ca1416) [H:\code\ScreenControl\ScreenControl.csproj]
H:\code\ScreenControl\MainForm.cs(311,33): warning CA1416: 鍙湪鎵€鏈夊钩鍙颁笂璁块棶姝よ皟鐢ㄧ珯鐐广€?Form.ClientSize" 浠呭湪 "windows" 6.1 鍙婃洿楂樼増鏈?涓婂彈鏀寔銆?(https://learn.microsoft.com/dotnet/fundamentals/code-analysis/quality-rules/ca1416) [H:\code\ScreenControl\ScreenControl.csproj]
H:\code\ScreenControl\MainForm.cs(318,13): warning CA1416: 鍙湪鎵€鏈夊钩鍙颁笂璁块棶姝よ皟鐢ㄧ珯鐐广€?Control.ControlCollection.Add(Control?)" 浠呭湪 "windows" 6.1 鍙婃洿楂樼増鏈?涓婂彈鏀寔銆?(https://learn.microsoft.com/dotnet/fundamentals/code-analysis/quality-rules/ca1416) [H:\code\ScreenControl\ScreenControl.csproj]
H:\code\ScreenControl\MainForm.cs(323,13): warning CA1416: 鍙湪鎵€鏈夊钩鍙颁笂璁块棶姝よ皟鐢ㄧ珯鐐广€?Control.Width" 浠呭湪 "windows" 6.1 鍙婃洿楂樼増鏈?涓婂彈鏀寔銆?(https://learn.microsoft.com/dotnet/fundamentals/code-analysis/quality-rules/ca1416) [H:\code\ScreenControl\ScreenControl.csproj]
H:\code\ScreenControl\MainForm.cs(321,27): warning CA1416: 鍙湪鎵€鏈夊钩鍙颁笂璁块棶姝よ皟鐢ㄧ珯鐐广€?Label" 浠呭湪 "windows" 6.1 鍙婃洿楂樼増鏈?涓婂彈鏀寔銆?(https://learn.microsoft.com/dotnet/fundamentals/code-analysis/quality-rules/ca1416) [H:\code\ScreenControl\ScreenControl.csproj]
H:\code\ScreenControl\MainForm.cs(313,13): warning CA1416: 鍙湪鎵€鏈夊钩鍙颁笂璁块棶姝よ皟鐢ㄧ珯鐐广€?Control.Top" 浠呭湪 "windows" 6.1 鍙婃洿楂樼増鏈?涓婂彈鏀寔銆?(https://learn.microsoft.com/dotnet/fundamentals/code-analysis/quality-rules/ca1416) [H:\code\ScreenControl\ScreenControl.csproj]
H:\code\ScreenControl\MainForm.cs(314,13): warning CA1416: 鍙湪鎵€鏈夊钩鍙颁笂璁块棶姝よ皟鐢ㄧ珯鐐广€?Label.AutoSize" 浠呭湪 "windows" 6.1 鍙婃洿楂樼増鏈?涓婂彈鏀寔銆?(https://learn.microsoft.com/dotnet/fundamentals/code-analysis/quality-rules/ca1416) [H:\code\ScreenControl\ScreenControl.csproj]
H:\code\ScreenControl\MainForm.cs(309,27): warning CA1416: 鍙湪鎵€鏈夊钩鍙颁笂璁块棶姝よ皟鐢ㄧ珯鐐广€?Label" 浠呭湪 "windows" 6.1 鍙婃洿楂樼増鏈?涓婂彈鏀寔銆?(https://learn.microsoft.com/dotnet/fundamentals/code-analysis/quality-rules/ca1416) [H:\code\ScreenControl\ScreenControl.csproj]
H:\code\ScreenControl\MainForm.cs(325,31): warning CA1416: 鍙湪鎵€鏈夊钩鍙颁笂璁块棶姝よ皟鐢ㄧ珯鐐广€?Form.ClientSize" 浠呭湪 "windows" 6.1 鍙婃洿楂樼増鏈?涓婂彈鏀寔銆?(https://learn.microsoft.com/dotnet/fundamentals/code-analysis/quality-rules/ca1416) [H:\code\ScreenControl\ScreenControl.csproj]
H:\code\ScreenControl\MainForm.cs(322,13): warning CA1416: 鍙湪鎵€鏈夊钩鍙颁笂璁块棶姝よ皟鐢ㄧ珯鐐广€?Label.Text" 浠呭湪 "windows" 6.1 鍙婃洿楂樼増鏈?涓婂彈鏀寔銆?(https://learn.microsoft.com/dotnet/fundamentals/code-analysis/quality-rules/ca1416) [H:\code\ScreenControl\ScreenControl.csproj]
H:\code\ScreenControl\MainForm.cs(328,39): warning CA1416: 鍙湪鎵€鏈夊钩鍙颁笂璁块棶姝よ皟鐢ㄧ珯鐐广€?BorderStyle.FixedSingle" 浠呭湪 "windows" 6.1 鍙婃洿楂樼増鏈?涓婂彈鏀寔銆?(https://learn.microsoft.com/dotnet/fundamentals/code-analysis/quality-rules/ca1416) [H:\code\ScreenControl\ScreenControl.csproj]
H:\code\ScreenControl\MainForm.cs(329,13): warning CA1416: 鍙湪鎵€鏈夊钩鍙颁笂璁块棶姝よ皟鐢ㄧ珯鐐广€?Label.TextAlign" 浠呭湪 "windows" 6.1 鍙婃洿楂樼増鏈?涓婂彈鏀寔銆?(https://learn.microsoft.com/dotnet/fundamentals/code-analysis/quality-rules/ca1416) [H:\code\ScreenControl\ScreenControl.csproj]
H:\code\ScreenControl\MainForm.cs(311,13): warning CA1416: 鍙湪鎵€鏈夊钩鍙颁笂璁块棶姝よ皟鐢ㄧ珯鐐广€?Control.Width" 浠呭湪 "windows" 6.1 鍙婃洿楂樼増鏈?涓婂彈鏀寔銆?(https://learn.microsoft.com/dotnet/fundamentals/code-analysis/quality-rules/ca1416) [H:\code\ScreenControl\ScreenControl.csproj]
H:\code\ScreenControl\MainForm.cs(330,13): warning CA1416: 鍙湪鎵€鏈夊钩鍙颁笂璁块棶姝よ皟鐢ㄧ珯鐐广€?Control.ControlCollection.Add(Control?)" 浠呭湪 "windows" 6.1 鍙婃洿楂樼増鏈?涓婂彈鏀寔銆?(https://learn.microsoft.com/dotnet/fundamentals/code-analysis/quality-rules/ca1416) [H:\code\ScreenControl\ScreenControl.csproj]
H:\code\ScreenControl\MainForm.cs(325,13): warning CA1416: 鍙湪鎵€鏈夊钩鍙颁笂璁块棶姝よ皟鐢ㄧ珯鐐广€?Control.Top" 浠呭湪 "windows" 6.1 鍙婃洿楂樼増鏈?涓婂彈鏀寔銆?(https://learn.microsoft.com/dotnet/fundamentals/code-analysis/quality-rules/ca1416) [H:\code\ScreenControl\ScreenControl.csproj]
H:\code\ScreenControl\MainForm.cs(406,17): warning CA1416: 鍙湪鎵€鏈夊钩鍙颁笂璁块棶姝よ皟鐢ㄧ珯鐐广€?Timer.Start()" 浠呭湪 "windows" 6.1 鍙婃洿楂樼増鏈?涓婂彈鏀寔銆?(https://learn.microsoft.com/dotnet/fundamentals/code-analysis/quality-rules/ca1416) [H:\code\ScreenControl\ScreenControl.csproj]
H:\code\ScreenControl\MainForm.cs(400,29): warning CA1416: 鍙湪鎵€鏈夊钩鍙颁笂璁块棶姝よ皟鐢ㄧ珯鐐广€?Control.Handle" 浠呭湪 "windows" 6.1 鍙婃洿楂樼増鏈?涓婂彈鏀寔銆?(https://learn.microsoft.com/dotnet/fundamentals/code-analysis/quality-rules/ca1416) [H:\code\ScreenControl\ScreenControl.csproj]
H:\code\ScreenControl\MainForm.cs(492,17): warning CA1416: 鍙湪鎵€鏈夊钩鍙颁笂璁块棶姝よ皟鐢ㄧ珯鐐广€?Timer.Stop()" 浠呭湪 "windows" 6.1 鍙婃洿楂樼増鏈?涓婂彈鏀寔銆?(https://learn.microsoft.com/dotnet/fundamentals/code-analysis/quality-rules/ca1416) [H:\code\ScreenControl\ScreenControl.csproj]
H:\code\ScreenControl\MainForm.cs(551,17): warning CA1416: 鍙湪鎵€鏈夊钩鍙颁笂璁块棶姝よ皟鐢ㄧ珯鐐广€?Label.Text" 浠呭湪 "windows" 6.1 鍙婃洿楂樼増鏈?涓婂彈鏀寔銆?(https://learn.microsoft.com/dotnet/fundamentals/code-analysis/quality-rules/ca1416) [H:\code\ScreenControl\ScreenControl.csproj]
H:\code\ScreenControl\MainForm.cs(587,93): warning CA1416: 鍙湪鎵€鏈夊钩鍙颁笂璁块棶姝よ皟鐢ㄧ珯鐐广€?ToolTipIcon.Info" 浠呭湪 "windows" 6.1 鍙婃洿楂樼増鏈?涓婂彈鏀寔銆?(https://learn.microsoft.com/dotnet/fundamentals/code-analysis/quality-rules/ca1416) [H:\code\ScreenControl\ScreenControl.csproj]
H:\code\ScreenControl\MainForm.cs(567,13): warning CA1416: 鍙湪鎵€鏈夊钩鍙颁笂璁块棶姝よ皟鐢ㄧ珯鐐广€?Form.OnResize(EventArgs)" 浠呭湪 "windows" 6.1 鍙婃洿楂樼増鏈?涓婂彈鏀寔銆?(https://learn.microsoft.com/dotnet/fundamentals/code-analysis/quality-rules/ca1416) [H:\code\ScreenControl\ScreenControl.csproj]
H:\code\ScreenControl\MainForm.cs(578,17): warning CA1416: 鍙湪鎵€鏈夊钩鍙颁笂璁块棶姝よ皟鐢ㄧ珯鐐广€?Form.ShowInTaskbar" 浠呭湪 "windows" 6.1 鍙婃洿楂樼増鏈?涓婂彈鏀寔銆?(https://learn.microsoft.com/dotnet/fundamentals/code-analysis/quality-rules/ca1416) [H:\code\ScreenControl\ScreenControl.csproj]
H:\code\ScreenControl\MainForm.cs(570,17): warning CA1416: 鍙湪鎵€鏈夊钩鍙颁笂璁块棶姝よ皟鐢ㄧ珯鐐广€?Form.WindowState" 浠呭湪 "windows" 6.1 鍙婃洿楂樼増鏈?涓婂彈鏀寔銆?(https://learn.microsoft.com/dotnet/fundamentals/code-analysis/quality-rules/ca1416) [H:\code\ScreenControl\ScreenControl.csproj]
H:\code\ScreenControl\MainForm.cs(587,21): warning CA1416: 鍙湪鎵€鏈夊钩鍙颁笂璁块棶姝よ皟鐢ㄧ珯鐐广€?NotifyIcon.ShowBalloonTip(int, string, string, ToolTipIcon)" 浠呭湪 "windows" 6.1 鍙婃洿楂樼増鏈?涓婂彈鏀寔銆?(https://learn.microsoft.com/dotnet/fundamentals/code-analysis/quality-rules/ca1416) [H:\code\ScreenControl\ScreenControl.csproj]
H:\code\ScreenControl\MainForm.cs(581,17): warning CA1416: 鍙湪鎵€鏈夊钩鍙颁笂璁块棶姝よ皟鐢ㄧ珯鐐广€?NotifyIcon.Visible" 浠呭湪 "windows" 6.1 鍙婃洿楂樼増鏈?涓婂彈鏀寔銆?(https://learn.microsoft.com/dotnet/fundamentals/code-analysis/quality-rules/ca1416) [H:\code\ScreenControl\ScreenControl.csproj]
H:\code\ScreenControl\MainForm.cs(576,17): warning CA1416: 鍙湪鎵€鏈夊钩鍙颁笂璁块棶姝よ皟鐢ㄧ珯鐐广€?Control.Visible" 浠呭湪 "windows" 6.1 鍙婃洿楂樼増鏈?涓婂彈鏀寔銆?(https://learn.microsoft.com/dotnet/fundamentals/code-analysis/quality-rules/ca1416) [H:\code\ScreenControl\ScreenControl.csproj]
H:\code\ScreenControl\UpdateDownloader.cs(232,117): warning CA1416: 鍙湪鎵€鏈夊钩鍙颁笂璁块棶姝よ皟鐢ㄧ珯鐐广€?MessageBoxIcon.Information" 浠呭湪 "windows" 6.1 鍙婃洿楂樼増鏈?涓婂彈鏀寔銆?(https://learn.microsoft.com/dotnet/fundamentals/code-analysis/quality-rules/ca1416) [H:\code\ScreenControl\ScreenControl.csproj]
H:\code\ScreenControl\UpdateDownloader.cs(208,33): warning CA1416: 鍙湪鎵€鏈夊钩鍙颁笂璁块棶姝よ皟鐢ㄧ珯鐐广€?MessageBoxIcon.Information" 浠呭湪 "windows" 6.1 鍙婃洿楂樼増鏈?涓婂彈鏀寔銆?(https://learn.microsoft.com/dotnet/fundamentals/code-analysis/quality-rules/ca1416) [H:\code\ScreenControl\ScreenControl.csproj]
H:\code\ScreenControl\UpdateDownloader.cs(203,51): warning CA1416: 鍙湪鎵€鏈夊钩鍙颁笂璁块棶姝よ皟鐢ㄧ珯鐐广€?MessageBox.Show(IWin32Window?, string?, string?, MessageBoxButtons, MessageBoxIcon, MessageBoxDefaultButton)" 浠呭湪 "windows" 6.1 鍙婃洿楂樼増鏈?涓婂彈鏀寔銆?(https://learn.microsoft.com/dotnet/fundamentals/code-analysis/quality-rules/ca1416) [H:\code\ScreenControl\ScreenControl.csproj]
H:\code\ScreenControl\MainForm.cs(620,17): warning CA1416: 鍙湪鎵€鏈夊钩鍙颁笂璁块棶姝よ皟鐢ㄧ珯鐐广€?NotifyIcon.Visible" 浠呭湪 "windows" 6.1 鍙婃洿楂樼増鏈?涓婂彈鏀寔銆?(https://learn.microsoft.com/dotnet/fundamentals/code-analysis/quality-rules/ca1416) [H:\code\ScreenControl\ScreenControl.csproj]
H:\code\ScreenControl\MainForm.cs(604,13): warning CA1416: 鍙湪鎵€鏈夊钩鍙颁笂璁块棶姝よ皟鐢ㄧ珯鐐广€?Timer.Stop()" 浠呭湪 "windows" 6.1 鍙婃洿楂樼増鏈?涓婂彈鏀寔銆?(https://learn.microsoft.com/dotnet/fundamentals/code-analysis/quality-rules/ca1416) [H:\code\ScreenControl\ScreenControl.csproj]
H:\code\ScreenControl\MainForm.cs(612,13): warning CA1416: 鍙湪鎵€鏈夊钩鍙颁笂璁块棶姝よ皟鐢ㄧ珯鐐广€?Timer.Stop()" 浠呭湪 "windows" 6.1 鍙婃洿楂樼増鏈?涓婂彈鏀寔銆?(https://learn.microsoft.com/dotnet/fundamentals/code-analysis/quality-rules/ca1416) [H:\code\ScreenControl\ScreenControl.csproj]
H:\code\ScreenControl\UpdateDownloader.cs(189,21): warning CA1416: 鍙湪鎵€鏈夊钩鍙颁笂璁块棶姝よ皟鐢ㄧ珯鐐广€?Control.Invoke(Delegate)" 浠呭湪 "windows" 6.1 鍙婃洿楂樼増鏈?涓婂彈鏀寔銆?(https://learn.microsoft.com/dotnet/fundamentals/code-analysis/quality-rules/ca1416) [H:\code\ScreenControl\ScreenControl.csproj]
H:\code\ScreenControl\UpdateDownloader.cs(185,25): warning CA1416: 鍙湪鎵€鏈夊钩鍙颁笂璁块棶姝よ皟鐢ㄧ珯鐐广€?Form.Close()" 浠呭湪 "windows" 6.1 鍙婃洿楂樼増鏈?涓婂彈鏀寔銆?(https://learn.microsoft.com/dotnet/fundamentals/code-analysis/quality-rules/ca1416) [H:\code\ScreenControl\ScreenControl.csproj]
H:\code\ScreenControl\MainForm.cs(603,13): warning CA1416: 鍙湪鎵€鏈夊钩鍙颁笂璁块棶姝よ皟鐢ㄧ珯鐐广€?Form.OnFormClosing(FormClosingEventArgs)" 浠呭湪 "windows" 6.1 鍙婃洿楂樼増鏈?涓婂彈鏀寔銆?(https://learn.microsoft.com/dotnet/fundamentals/code-analysis/quality-rules/ca1416) [H:\code\ScreenControl\ScreenControl.csproj]
H:\code\ScreenControl\MainForm.cs(609,17): warning CA1416: 鍙湪鎵€鏈夊钩鍙颁笂璁块棶姝よ皟鐢ㄧ珯鐐广€?NotifyIcon.Visible" 浠呭湪 "windows" 6.1 鍙婃洿楂樼増鏈?涓婂彈鏀寔銆?(https://learn.microsoft.com/dotnet/fundamentals/code-analysis/quality-rules/ca1416) [H:\code\ScreenControl\ScreenControl.csproj]
H:\code\ScreenControl\UpdateDownloader.cs(237,37): warning CA1416: 鍙湪鎵€鏈夊钩鍙颁笂璁块棶姝よ皟鐢ㄧ珯鐐广€?MessageBox.Show(IWin32Window?, string?, string?, MessageBoxButtons, MessageBoxIcon)" 浠呭湪 "windows" 6.1 鍙婃洿楂樼増鏈?涓婂彈鏀寔銆?(https://learn.microsoft.com/dotnet/fundamentals/code-analysis/quality-rules/ca1416) [H:\code\ScreenControl\ScreenControl.csproj]
H:\code\ScreenControl\UpdateDownloader.cs(232,37): warning CA1416: 鍙湪鎵€鏈夊钩鍙颁笂璁块棶姝よ皟鐢ㄧ珯鐐广€?MessageBox.Show(IWin32Window?, string?, string?, MessageBoxButtons, MessageBoxIcon)" 浠呭湪 "windows" 6.1 鍙婃洿楂樼増鏈?涓婂彈鏀寔銆?(https://learn.microsoft.com/dotnet/fundamentals/code-analysis/quality-rules/ca1416) [H:\code\ScreenControl\ScreenControl.csproj]
H:\code\ScreenControl\UpdateDownloader.cs(184,21): warning CA1416: 鍙湪鎵€鏈夊钩鍙颁笂璁块棶姝よ皟鐢ㄧ珯鐐广€?Control.Invoke(Delegate)" 浠呭湪 "windows" 6.1 鍙婃洿楂樼増鏈?涓婂彈鏀寔銆?(https://learn.microsoft.com/dotnet/fundamentals/code-analysis/quality-rules/ca1416) [H:\code\ScreenControl\ScreenControl.csproj]
H:\code\ScreenControl\UpdateDownloader.cs(193,29): warning CA1416: 鍙湪鎵€鏈夊钩鍙颁笂璁块棶姝よ皟鐢ㄧ珯鐐广€?MessageBox.Show(IWin32Window?, string?, string?, MessageBoxButtons, MessageBoxIcon)" 浠呭湪 "windows" 6.1 鍙婃洿楂樼増鏈?涓婂彈鏀寔銆?(https://learn.microsoft.com/dotnet/fundamentals/code-analysis/quality-rules/ca1416) [H:\code\ScreenControl\ScreenControl.csproj]
H:\code\ScreenControl\UpdateDownloader.cs(209,33): warning CA1416: 鍙湪鎵€鏈夊钩鍙颁笂璁块棶姝よ皟鐢ㄧ珯鐐广€?MessageBoxDefaultButton.Button1" 浠呭湪 "windows" 6.1 鍙婃洿楂樼増鏈?涓婂彈鏀寔銆?(https://learn.microsoft.com/dotnet/fundamentals/code-analysis/quality-rules/ca1416) [H:\code\ScreenControl\ScreenControl.csproj]
H:\code\ScreenControl\UpdateDownloader.cs(197,33): warning CA1416: 鍙湪鎵€鏈夊钩鍙颁笂璁块棶姝よ皟鐢ㄧ珯鐐广€?MessageBoxButtons.OK" 浠呭湪 "windows" 6.1 鍙婃洿楂樼増鏈?涓婂彈鏀寔銆?(https://learn.microsoft.com/dotnet/fundamentals/code-analysis/quality-rules/ca1416) [H:\code\ScreenControl\ScreenControl.csproj]
H:\code\ScreenControl\UpdateDownloader.cs(232,95): warning CA1416: 鍙湪鎵€鏈夊钩鍙颁笂璁块棶姝よ皟鐢ㄧ珯鐐广€?MessageBoxButtons.OK" 浠呭湪 "windows" 6.1 鍙婃洿楂樼増鏈?涓婂彈鏀寔銆?(https://learn.microsoft.com/dotnet/fundamentals/code-analysis/quality-rules/ca1416) [H:\code\ScreenControl\ScreenControl.csproj]
H:\code\ScreenControl\UpdateDownloader.cs(207,33): warning CA1416: 鍙湪鎵€鏈夊钩鍙颁笂璁块棶姝よ皟鐢ㄧ珯鐐广€?MessageBoxButtons.YesNoCancel" 浠呭湪 "windows" 6.1 鍙婃洿楂樼増鏈?涓婂彈鏀寔銆?(https://learn.microsoft.com/dotnet/fundamentals/code-analysis/quality-rules/ca1416) [H:\code\ScreenControl\ScreenControl.csproj]
H:\code\ScreenControl\UpdateDownloader.cs(137,13): warning CA1416: 鍙湪鎵€鏈夊钩鍙颁笂璁块棶姝よ皟鐢ㄧ珯鐐广€?Form.Owner" 浠呭湪 "windows" 6.1 鍙婃洿楂樼増鏈?涓婂彈鏀寔銆?(https://learn.microsoft.com/dotnet/fundamentals/code-analysis/quality-rules/ca1416) [H:\code\ScreenControl\ScreenControl.csproj]
H:\code\ScreenControl\UpdateDownloader.cs(166,21): warning CA1416: 鍙湪鎵€鏈夊钩鍙颁笂璁块棶姝よ皟鐢ㄧ珯鐐广€?Control.Invoke(Delegate)" 浠呭湪 "windows" 6.1 鍙婃洿楂樼増鏈?涓婂彈鏀寔銆?(https://learn.microsoft.com/dotnet/fundamentals/code-analysis/quality-rules/ca1416) [H:\code\ScreenControl\ScreenControl.csproj]
H:\code\ScreenControl\UpdateDownloader.cs(198,33): warning CA1416: 鍙湪鎵€鏈夊钩鍙颁笂璁块棶姝よ皟鐢ㄧ珯鐐广€?MessageBoxIcon.Error" 浠呭湪 "windows" 6.1 鍙婃洿楂樼増鏈?涓婂彈鏀寔銆?(https://learn.microsoft.com/dotnet/fundamentals/code-analysis/quality-rules/ca1416) [H:\code\ScreenControl\ScreenControl.csproj]
H:\code\ScreenControl\UpdateDownloader.cs(136,13): warning CA1416: 鍙湪鎵€鏈夊钩鍙颁笂璁块棶姝よ皟鐢ㄧ珯鐐广€?Form.Text" 浠呭湪 "windows" 6.1 鍙婃洿楂樼増鏈?涓婂彈鏀寔銆?(https://learn.microsoft.com/dotnet/fundamentals/code-analysis/quality-rules/ca1416) [H:\code\ScreenControl\ScreenControl.csproj]
H:\code\ScreenControl\UpdateDownloader.cs(246,13): warning CA1416: 鍙湪鎵€鏈夊钩鍙颁笂璁块棶姝よ皟鐢ㄧ珯鐐广€?Form.ShowDialog(IWin32Window?)" 浠呭湪 "windows" 6.1 鍙婃洿楂樼増鏈?涓婂彈鏀寔銆?(https://learn.microsoft.com/dotnet/fundamentals/code-analysis/quality-rules/ca1416) [H:\code\ScreenControl\ScreenControl.csproj]
H:\code\ScreenControl\UpdateDownloader.cs(175,21): warning CA1416: 鍙湪鎵€鏈夊钩鍙颁笂璁块棶姝よ皟鐢ㄧ珯鐐广€?Control.Invoke(Delegate)" 浠呭湪 "windows" 6.1 鍙婃洿楂樼増鏈?涓婂彈鏀寔銆?(https://learn.microsoft.com/dotnet/fundamentals/code-analysis/quality-rules/ca1416) [H:\code\ScreenControl\ScreenControl.csproj]
H:\code\ScreenControl\UpdateDownloader.cs(237,97): warning CA1416: 鍙湪鎵€鏈夊钩鍙颁笂璁块棶姝よ皟鐢ㄧ珯鐐广€?MessageBoxButtons.OK" 浠呭湪 "windows" 6.1 鍙婃洿楂樼増鏈?涓婂彈鏀寔銆?(https://learn.microsoft.com/dotnet/fundamentals/code-analysis/quality-rules/ca1416) [H:\code\ScreenControl\ScreenControl.csproj]
H:\code\ScreenControl\UpdateDownloader.cs(155,21): warning CA1416: 鍙湪鎵€鏈夊钩鍙颁笂璁块棶姝よ皟鐢ㄧ珯鐐广€?Control.Invoke(Delegate)" 浠呭湪 "windows" 6.1 鍙婃洿楂樼増鏈?涓婂彈鏀寔銆?(https://learn.microsoft.com/dotnet/fundamentals/code-analysis/quality-rules/ca1416) [H:\code\ScreenControl\ScreenControl.csproj]
H:\code\ScreenControl\UpdateDownloader.cs(237,119): warning CA1416: 鍙湪鎵€鏈夊钩鍙颁笂璁块棶姝よ皟鐢ㄧ珯鐐广€?MessageBoxIcon.Error" 浠呭湪 "windows" 6.1 鍙婃洿楂樼増鏈?涓婂彈鏀寔銆?(https://learn.microsoft.com/dotnet/fundamentals/code-analysis/quality-rules/ca1416) [H:\code\ScreenControl\ScreenControl.csproj]
H:\code\ScreenControl\MainForm.cs(656,78): warning CA1416: 鍙湪鎵€鏈夊钩鍙颁笂璁块棶姝よ皟鐢ㄧ珯鐐广€?Keys.NumPad1" 浠呭湪 "windows" 6.1 鍙婃洿楂樼増鏈?涓婂彈鏀寔銆?(https://learn.microsoft.com/dotnet/fundamentals/code-analysis/quality-rules/ca1416) [H:\code\ScreenControl\ScreenControl.csproj]
H:\code\ScreenControl\MainForm.cs(680,34): warning CA1416: 鍙湪鎵€鏈夊钩鍙颁笂璁块棶姝よ皟鐢ㄧ珯鐐广€?Control.Handle" 浠呭湪 "windows" 6.1 鍙婃洿楂樼増鏈?涓婂彈鏀寔銆?(https://learn.microsoft.com/dotnet/fundamentals/code-analysis/quality-rules/ca1416) [H:\code\ScreenControl\ScreenControl.csproj]
H:\code\ScreenControl\MainForm.cs(656,32): warning CA1416: 鍙湪鎵€鏈夊钩鍙颁笂璁块棶姝よ皟鐢ㄧ珯鐐广€?Control.Handle" 浠呭湪 "windows" 6.1 鍙婃洿楂樼増鏈?涓婂彈鏀寔銆?(https://learn.microsoft.com/dotnet/fundamentals/code-analysis/quality-rules/ca1416) [H:\code\ScreenControl\ScreenControl.csproj]
H:\code\ScreenControl\MainForm.cs(678,34): warning CA1416: 鍙湪鎵€鏈夊钩鍙颁笂璁块棶姝よ皟鐢ㄧ珯鐐广€?Control.Handle" 浠呭湪 "windows" 6.1 鍙婃洿楂樼増鏈?涓婂彈鏀寔銆?(https://learn.microsoft.com/dotnet/fundamentals/code-analysis/quality-rules/ca1416) [H:\code\ScreenControl\ScreenControl.csproj]
H:\code\ScreenControl\MainForm.cs(659,32): warning CA1416: 鍙湪鎵€鏈夊钩鍙颁笂璁块棶姝よ皟鐢ㄧ珯鐐广€?Control.Handle" 浠呭湪 "windows" 6.1 鍙婃洿楂樼増鏈?涓婂彈鏀寔銆?(https://learn.microsoft.com/dotnet/fundamentals/code-analysis/quality-rules/ca1416) [H:\code\ScreenControl\ScreenControl.csproj]
H:\code\ScreenControl\MainForm.cs(679,34): warning CA1416: 鍙湪鎵€鏈夊钩鍙颁笂璁块棶姝よ皟鐢ㄧ珯鐐广€?Control.Handle" 浠呭湪 "windows" 6.1 鍙婃洿楂樼増鏈?涓婂彈鏀寔銆?(https://learn.microsoft.com/dotnet/fundamentals/code-analysis/quality-rules/ca1416) [H:\code\ScreenControl\ScreenControl.csproj]
H:\code\ScreenControl\MainForm.cs(660,75): warning CA1416: 鍙湪鎵€鏈夊钩鍙颁笂璁块棶姝よ皟鐢ㄧ珯鐐广€?Keys.NumPad2" 浠呭湪 "windows" 6.1 鍙婃洿楂樼増鏈?涓婂彈鏀寔銆?(https://learn.microsoft.com/dotnet/fundamentals/code-analysis/quality-rules/ca1416) [H:\code\ScreenControl\ScreenControl.csproj]
H:\code\ScreenControl\MainForm.cs(660,32): warning CA1416: 鍙湪鎵€鏈夊钩鍙颁笂璁块棶姝よ皟鐢ㄧ珯鐐广€?Control.Handle" 浠呭湪 "windows" 6.1 鍙婃洿楂樼増鏈?涓婂彈鏀寔銆?(https://learn.microsoft.com/dotnet/fundamentals/code-analysis/quality-rules/ca1416) [H:\code\ScreenControl\ScreenControl.csproj]
H:\code\ScreenControl\MainForm.cs(655,78): warning CA1416: 鍙湪鎵€鏈夊钩鍙颁笂璁块棶姝よ皟鐢ㄧ珯鐐广€?Keys.D1" 浠呭湪 "windows" 6.1 鍙婃洿楂樼増鏈?涓婂彈鏀寔銆?(https://learn.microsoft.com/dotnet/fundamentals/code-analysis/quality-rules/ca1416) [H:\code\ScreenControl\ScreenControl.csproj]
H:\code\ScreenControl\MainForm.cs(659,75): warning CA1416: 鍙湪鎵€鏈夊钩鍙颁笂璁块棶姝よ皟鐢ㄧ珯鐐广€?Keys.D2" 浠呭湪 "windows" 6.1 鍙婃洿楂樼増鏈?涓婂彈鏀寔銆?(https://learn.microsoft.com/dotnet/fundamentals/code-analysis/quality-rules/ca1416) [H:\code\ScreenControl\ScreenControl.csproj]
H:\code\ScreenControl\MainForm.cs(655,32): warning CA1416: 鍙湪鎵€鏈夊钩鍙颁笂璁块棶姝よ皟鐢ㄧ珯鐐广€?Control.Handle" 浠呭湪 "windows" 6.1 鍙婃洿楂樼増鏈?涓婂彈鏀寔銆?(https://learn.microsoft.com/dotnet/fundamentals/code-analysis/quality-rules/ca1416) [H:\code\ScreenControl\ScreenControl.csproj]
H:\code\ScreenControl\MainForm.cs(663,88): warning CA1416: 鍙湪鎵€鏈夊钩鍙颁笂璁块棶姝よ皟鐢ㄧ珯鐐广€?Keys.H" 浠呭湪 "windows" 6.1 鍙婃洿楂樼増鏈?涓婂彈鏀寔銆?(https://learn.microsoft.com/dotnet/fundamentals/code-analysis/quality-rules/ca1416) [H:\code\ScreenControl\ScreenControl.csproj]
H:\code\ScreenControl\MainForm.cs(663,32): warning CA1416: 鍙湪鎵€鏈夊钩鍙颁笂璁块棶姝よ皟鐢ㄧ珯鐐广€?Control.Handle" 浠呭湪 "windows" 6.1 鍙婃洿楂樼増鏈?涓婂彈鏀寔銆?(https://learn.microsoft.com/dotnet/fundamentals/code-analysis/quality-rules/ca1416) [H:\code\ScreenControl\ScreenControl.csproj]
H:\code\ScreenControl\UpdateDownloader.cs(299,37): warning CA1416: 鍙湪鎵€鏈夊钩鍙颁笂璁块棶姝よ皟鐢ㄧ珯鐐广€?Control.Invoke(Delegate)" 浠呭湪 "windows" 6.1 鍙婃洿楂樼増鏈?涓婂彈鏀寔銆?(https://learn.microsoft.com/dotnet/fundamentals/code-analysis/quality-rules/ca1416) [H:\code\ScreenControl\ScreenControl.csproj]
H:\code\ScreenControl\MainForm.cs(764,21): warning CA1416: 鍙湪鎵€鏈夊钩鍙颁笂璁块棶姝よ皟鐢ㄧ珯鐐广€?Message.WParam" 浠呭湪 "windows" 6.1 鍙婃洿楂樼増鏈?涓婂彈鏀寔銆?(https://learn.microsoft.com/dotnet/fundamentals/code-analysis/quality-rules/ca1416) [H:\code\ScreenControl\ScreenControl.csproj]
H:\code\ScreenControl\MainForm.cs(773,30): warning CA1416: 鍙湪鎵€鏈夊钩鍙颁笂璁块棶姝よ皟鐢ㄧ珯鐐广€?Message.WParam" 浠呭湪 "windows" 6.1 鍙婃洿楂樼増鏈?涓婂彈鏀寔銆?(https://learn.microsoft.com/dotnet/fundamentals/code-analysis/quality-rules/ca1416) [H:\code\ScreenControl\ScreenControl.csproj]
H:\code\ScreenControl\MainForm.cs(781,13): warning CA1416: 鍙湪鎵€鏈夊钩鍙颁笂璁块棶姝よ皟鐢ㄧ珯鐐广€?Form.WndProc(ref Message)" 浠呭湪 "windows" 6.1 鍙婃洿楂樼増鏈?涓婂彈鏀寔銆?(https://learn.microsoft.com/dotnet/fundamentals/code-analysis/quality-rules/ca1416) [H:\code\ScreenControl\ScreenControl.csproj]
H:\code\ScreenControl\MainForm.cs(751,26): warning CA1416: 鍙湪鎵€鏈夊钩鍙颁笂璁块棶姝よ皟鐢ㄧ珯鐐广€?Control.Visible" 浠呭湪 "windows" 6.1 鍙婃洿楂樼増鏈?涓婂彈鏀寔銆?(https://learn.microsoft.com/dotnet/fundamentals/code-analysis/quality-rules/ca1416) [H:\code\ScreenControl\ScreenControl.csproj]
H:\code\ScreenControl\MainForm.cs(737,30): warning CA1416: 鍙湪鎵€鏈夊钩鍙颁笂璁块棶姝よ皟鐢ㄧ珯鐐广€?Message.WParam" 浠呭湪 "windows" 6.1 鍙婃洿楂樼増鏈?涓婂彈鏀寔銆?(https://learn.microsoft.com/dotnet/fundamentals/code-analysis/quality-rules/ca1416) [H:\code\ScreenControl\ScreenControl.csproj]
H:\code\ScreenControl\MainForm.cs(775,37): warning CA1416: 鍙湪鎵€鏈夊钩鍙颁笂璁块棶姝よ皟鐢ㄧ珯鐐广€?Control.Visible" 浠呭湪 "windows" 6.1 鍙婃洿楂樼増鏈?涓婂彈鏀寔銆?(https://learn.microsoft.com/dotnet/fundamentals/code-analysis/quality-rules/ca1416) [H:\code\ScreenControl\ScreenControl.csproj]
H:\code\ScreenControl\MainForm.cs(744,21): warning CA1416: 鍙湪鎵€鏈夊钩鍙颁笂璁块棶姝よ皟鐢ㄧ珯鐐广€?Form.WndProc(ref Message)" 浠呭湪 "windows" 6.1 鍙婃洿楂樼増鏈?涓婂彈鏀寔銆?(https://learn.microsoft.com/dotnet/fundamentals/code-analysis/quality-rules/ca1416) [H:\code\ScreenControl\ScreenControl.csproj]
H:\code\ScreenControl\MainForm.cs(714,26): warning CA1416: 鍙湪鎵€鏈夊钩鍙颁笂璁块棶姝よ皟鐢ㄧ珯鐐广€?Message.WParam" 浠呭湪 "windows" 6.1 鍙婃洿楂樼増鏈?涓婂彈鏀寔銆?(https://learn.microsoft.com/dotnet/fundamentals/code-analysis/quality-rules/ca1416) [H:\code\ScreenControl\ScreenControl.csproj]
H:\code\ScreenControl\MainForm.cs(770,22): warning CA1416: 鍙湪鎵€鏈夊钩鍙颁笂璁块棶姝よ皟鐢ㄧ珯鐐广€?Message.Msg" 浠呭湪 "windows" 6.1 鍙婃洿楂樼増鏈?涓婂彈鏀寔銆?(https://learn.microsoft.com/dotnet/fundamentals/code-analysis/quality-rules/ca1416) [H:\code\ScreenControl\ScreenControl.csproj]
H:\code\ScreenControl\MainForm.cs(734,22): warning CA1416: 鍙湪鎵€鏈夊钩鍙颁笂璁块棶姝よ皟鐢ㄧ珯鐐广€?Message.Msg" 浠呭湪 "windows" 6.1 鍙婃洿楂樼増鏈?涓婂彈鏀寔銆?(https://learn.microsoft.com/dotnet/fundamentals/code-analysis/quality-rules/ca1416) [H:\code\ScreenControl\ScreenControl.csproj]
H:\code\ScreenControl\MainForm.cs(761,22): warning CA1416: 鍙湪鎵€鏈夊钩鍙颁笂璁块棶姝よ皟鐢ㄧ珯鐐广€?Message.Msg" 浠呭湪 "windows" 6.1 鍙婃洿楂樼増鏈?涓婂彈鏀寔銆?(https://learn.microsoft.com/dotnet/fundamentals/code-analysis/quality-rules/ca1416) [H:\code\ScreenControl\ScreenControl.csproj]
H:\code\ScreenControl\MainForm.cs(741,43): warning CA1416: 鍙湪鎵€鏈夊钩鍙颁笂璁块棶姝よ皟鐢ㄧ珯鐐广€?Form.WindowState" 浠呭湪 "windows" 6.1 鍙婃洿楂樼増鏈?涓婂彈鏀寔銆?(https://learn.microsoft.com/dotnet/fundamentals/code-analysis/quality-rules/ca1416) [H:\code\ScreenControl\ScreenControl.csproj]
H:\code\ScreenControl\MainForm.cs(712,17): warning CA1416: 鍙湪鎵€鏈夊钩鍙颁笂璁块棶姝よ皟鐢ㄧ珯鐐广€?Message.Msg" 浠呭湪 "windows" 6.1 鍙婃洿楂樼増鏈?涓婂彈鏀寔銆?(https://learn.microsoft.com/dotnet/fundamentals/code-analysis/quality-rules/ca1416) [H:\code\ScreenControl\ScreenControl.csproj]
H:\code\ScreenControl\MainForm.cs(764,49): warning CA1416: 鍙湪鎵€鏈夊钩鍙颁笂璁块棶姝よ皟鐢ㄧ珯鐐广€?Control.Visible" 浠呭湪 "windows" 6.1 鍙婃洿楂樼増鏈?涓婂彈鏀寔銆?(https://learn.microsoft.com/dotnet/fundamentals/code-analysis/quality-rules/ca1416) [H:\code\ScreenControl\ScreenControl.csproj]
H:\code\ScreenControl\MainForm.cs(792,41): warning CA1416: 鍙湪鎵€鏈夊钩鍙颁笂璁块棶姝よ皟鐢ㄧ珯鐐广€?KeyEventArgs.KeyCode" 浠呭湪 "windows" 6.1 鍙婃洿楂樼増鏈?涓婂彈鏀寔銆?(https://learn.microsoft.com/dotnet/fundamentals/code-analysis/quality-rules/ca1416) [H:\code\ScreenControl\ScreenControl.csproj]
H:\code\ScreenControl\MainForm.cs(803,17): warning CA1416: 鍙湪鎵€鏈夊钩鍙颁笂璁块棶姝よ皟鐢ㄧ珯鐐广€?KeyEventArgs.SuppressKeyPress" 浠呭湪 "windows" 6.1 鍙婃洿楂樼増鏈?涓婂彈鏀寔銆?(https://learn.microsoft.com/dotnet/fundamentals/code-analysis/quality-rules/ca1416) [H:\code\ScreenControl\ScreenControl.csproj]
H:\code\ScreenControl\MainForm.cs(796,17): warning CA1416: 鍙湪鎵€鏈夊钩鍙颁笂璁块棶姝よ皟鐢ㄧ珯鐐广€?KeyEventArgs.SuppressKeyPress" 浠呭湪 "windows" 6.1 鍙婃洿楂樼増鏈?涓婂彈鏀寔銆?(https://learn.microsoft.com/dotnet/fundamentals/code-analysis/quality-rules/ca1416) [H:\code\ScreenControl\ScreenControl.csproj]
H:\code\ScreenControl\MainForm.cs(799,22): warning CA1416: 鍙湪鎵€鏈夊钩鍙颁笂璁块棶姝よ皟鐢ㄧ珯鐐广€?KeyEventArgs.KeyCode" 浠呭湪 "windows" 6.1 鍙婃洿楂樼増鏈?涓婂彈鏀寔銆?(https://learn.microsoft.com/dotnet/fundamentals/code-analysis/quality-rules/ca1416) [H:\code\ScreenControl\ScreenControl.csproj]
H:\code\ScreenControl\MainForm.cs(809,17): warning CA1416: 鍙湪鎵€鏈夊钩鍙颁笂璁块棶姝よ皟鐢ㄧ珯鐐广€?KeyEventArgs.Handled" 浠呭湪 "windows" 6.1 鍙婃洿楂樼増鏈?涓婂彈鏀寔銆?(https://learn.microsoft.com/dotnet/fundamentals/code-analysis/quality-rules/ca1416) [H:\code\ScreenControl\ScreenControl.csproj]
H:\code\ScreenControl\MainForm.cs(795,17): warning CA1416: 鍙湪鎵€鏈夊钩鍙颁笂璁块棶姝よ皟鐢ㄧ珯鐐广€?KeyEventArgs.Handled" 浠呭湪 "windows" 6.1 鍙婃洿楂樼増鏈?涓婂彈鏀寔銆?(https://learn.microsoft.com/dotnet/fundamentals/code-analysis/quality-rules/ca1416) [H:\code\ScreenControl\ScreenControl.csproj]
H:\code\ScreenControl\MainForm.cs(802,17): warning CA1416: 鍙湪鎵€鏈夊钩鍙颁笂璁块棶姝よ皟鐢ㄧ珯鐐广€?KeyEventArgs.Handled" 浠呭湪 "windows" 6.1 鍙婃洿楂樼増鏈?涓婂彈鏀寔銆?(https://learn.microsoft.com/dotnet/fundamentals/code-analysis/quality-rules/ca1416) [H:\code\ScreenControl\ScreenControl.csproj]
H:\code\ScreenControl\MainForm.cs(810,17): warning CA1416: 鍙湪鎵€鏈夊钩鍙颁笂璁块棶姝よ皟鐢ㄧ珯鐐广€?KeyEventArgs.SuppressKeyPress" 浠呭湪 "windows" 6.1 鍙婃洿楂樼増鏈?涓婂彈鏀寔銆?(https://learn.microsoft.com/dotnet/fundamentals/code-analysis/quality-rules/ca1416) [H:\code\ScreenControl\ScreenControl.csproj]
H:\code\ScreenControl\MainForm.cs(799,46): warning CA1416: 鍙湪鎵€鏈夊钩鍙颁笂璁块棶姝よ皟鐢ㄧ珯鐐广€?KeyEventArgs.KeyCode" 浠呭湪 "windows" 6.1 鍙婃洿楂樼増鏈?涓婂彈鏀寔銆?(https://learn.microsoft.com/dotnet/fundamentals/code-analysis/quality-rules/ca1416) [H:\code\ScreenControl\ScreenControl.csproj]
H:\code\ScreenControl\MainForm.cs(792,17): warning CA1416: 鍙湪鎵€鏈夊钩鍙颁笂璁块棶姝よ皟鐢ㄧ珯鐐广€?KeyEventArgs.KeyCode" 浠呭湪 "windows" 6.1 鍙婃洿楂樼増鏈?涓婂彈鏀寔銆?(https://learn.microsoft.com/dotnet/fundamentals/code-analysis/quality-rules/ca1416) [H:\code\ScreenControl\ScreenControl.csproj]
H:\code\ScreenControl\MainForm.cs(806,31): warning CA1416: 鍙湪鎵€鏈夊钩鍙颁笂璁块棶姝よ皟鐢ㄧ珯鐐广€?KeyEventArgs.KeyCode" 浠呭湪 "windows" 6.1 鍙婃洿楂樼増鏈?涓婂彈鏀寔銆?(https://learn.microsoft.com/dotnet/fundamentals/code-analysis/quality-rules/ca1416) [H:\code\ScreenControl\ScreenControl.csproj]
H:\code\ScreenControl\MainForm.cs(806,22): warning CA1416: 鍙湪鎵€鏈夊钩鍙颁笂璁块棶姝よ皟鐢ㄧ珯鐐广€?KeyEventArgs.Alt" 浠呭湪 "windows" 6.1 鍙婃洿楂樼増鏈?涓婂彈鏀寔銆?(https://learn.microsoft.com/dotnet/fundamentals/code-analysis/quality-rules/ca1416) [H:\code\ScreenControl\ScreenControl.csproj]
H:\code\ScreenControl\MainForm.cs(826,21): warning CA1416: 鍙湪鎵€鏈夊钩鍙颁笂璁块棶姝よ皟鐢ㄧ珯鐐广€?Form.ShowDialog()" 浠呭湪 "windows" 6.1 鍙婃洿楂樼増鏈?涓婂彈鏀寔銆?(https://learn.microsoft.com/dotnet/fundamentals/code-analysis/quality-rules/ca1416) [H:\code\ScreenControl\ScreenControl.csproj]
H:\code\ScreenControl\MainForm.cs(847,13): warning CA1416: 鍙湪鎵€鏈夊钩鍙颁笂璁块棶姝よ皟鐢ㄧ珯鐐广€?ToolStrip.Items" 浠呭湪 "windows" 6.1 鍙婃洿楂樼増鏈?涓婂彈鏀寔銆?(https://learn.microsoft.com/dotnet/fundamentals/code-analysis/quality-rules/ca1416) [H:\code\ScreenControl\ScreenControl.csproj]
H:\code\ScreenControl\MainForm.cs(851,13): warning CA1416: 鍙湪鎵€鏈夊钩鍙颁笂璁块棶姝よ皟鐢ㄧ珯鐐广€?ToolStripItem.Click" 浠呭湪 "windows" 6.1 鍙婃洿楂樼増鏈?涓婂彈鏀寔銆?(https://learn.microsoft.com/dotnet/fundamentals/code-analysis/quality-rules/ca1416) [H:\code\ScreenControl\ScreenControl.csproj]
H:\code\ScreenControl\MainForm.cs(860,13): warning CA1416: 鍙湪鎵€鏈夊钩鍙颁笂璁块棶姝よ皟鐢ㄧ珯鐐广€?ToolStrip.Items" 浠呭湪 "windows" 6.1 鍙婃洿楂樼増鏈?涓婂彈鏀寔銆?(https://learn.microsoft.com/dotnet/fundamentals/code-analysis/quality-rules/ca1416) [H:\code\ScreenControl\ScreenControl.csproj]
H:\code\ScreenControl\MainForm.cs(858,13): warning CA1416: 鍙湪鎵€鏈夊钩鍙颁笂璁块棶姝よ皟鐢ㄧ珯鐐广€?ToolStrip.Items" 浠呭湪 "windows" 6.1 鍙婃洿楂樼増鏈?涓婂彈鏀寔銆?(https://learn.microsoft.com/dotnet/fundamentals/code-analysis/quality-rules/ca1416) [H:\code\ScreenControl\ScreenControl.csproj]
H:\code\ScreenControl\MainForm.cs(858,13): warning CA1416: 鍙湪鎵€鏈夊钩鍙颁笂璁块棶姝よ皟鐢ㄧ珯鐐广€?ToolStripItemCollection.Add(ToolStripItem)" 浠呭湪 "windows" 6.1 鍙婃洿楂樼増鏈?涓婂彈鏀寔銆?(https://learn.microsoft.com/dotnet/fundamentals/code-analysis/quality-rules/ca1416) [H:\code\ScreenControl\ScreenControl.csproj]
H:\code\ScreenControl\MainForm.cs(847,13): warning CA1416: 鍙湪鎵€鏈夊钩鍙颁笂璁块棶姝よ皟鐢ㄧ珯鐐广€?ToolStripItemCollection.Add(ToolStripItem)" 浠呭湪 "windows" 6.1 鍙婃洿楂樼増鏈?涓婂彈鏀寔銆?(https://learn.microsoft.com/dotnet/fundamentals/code-analysis/quality-rules/ca1416) [H:\code\ScreenControl\ScreenControl.csproj]
H:\code\ScreenControl\MainForm.cs(843,50): warning CA1416: 鍙湪鎵€鏈夊钩鍙颁笂璁块棶姝よ皟鐢ㄧ珯鐐广€?ToolStripMenuItem" 浠呭湪 "windows" 6.1 鍙婃洿楂樼増鏈?涓婂彈鏀寔銆?(https://learn.microsoft.com/dotnet/fundamentals/code-analysis/quality-rules/ca1416) [H:\code\ScreenControl\ScreenControl.csproj]
H:\code\ScreenControl\MainForm.cs(840,41): warning CA1416: 鍙湪鎵€鏈夊钩鍙颁笂璁块棶姝よ皟鐢ㄧ珯鐐广€?ContextMenuStrip" 浠呭湪 "windows" 6.1 鍙婃洿楂樼増鏈?涓婂彈鏀寔銆?(https://learn.microsoft.com/dotnet/fundamentals/code-analysis/quality-rules/ca1416) [H:\code\ScreenControl\ScreenControl.csproj]
H:\code\ScreenControl\MainForm.cs(854,53): warning CA1416: 鍙湪鎵€鏈夊钩鍙颁笂璁块棶姝よ皟鐢ㄧ珯鐐广€?ToolStripMenuItem" 浠呭湪 "windows" 6.1 鍙婃洿楂樼増鏈?涓婂彈鏀寔銆?(https://learn.microsoft.com/dotnet/fundamentals/code-analysis/quality-rules/ca1416) [H:\code\ScreenControl\ScreenControl.csproj]
H:\code\ScreenControl\MainForm.cs(860,13): warning CA1416: 鍙湪鎵€鏈夊钩鍙颁笂璁块棶姝よ皟鐢ㄧ珯鐐广€?ToolStripItemCollection.Add(ToolStripItem)" 浠呭湪 "windows" 6.1 鍙婃洿楂樼増鏈?涓婂彈鏀寔銆?(https://learn.microsoft.com/dotnet/fundamentals/code-analysis/quality-rules/ca1416) [H:\code\ScreenControl\ScreenControl.csproj]
H:\code\ScreenControl\MainForm.cs(855,13): warning CA1416: 鍙湪鎵€鏈夊钩鍙颁笂璁块棶姝よ皟鐢ㄧ珯鐐广€?ToolStripItem.Click" 浠呭湪 "windows" 6.1 鍙婃洿楂樼増鏈?涓婂彈鏀寔銆?(https://learn.microsoft.com/dotnet/fundamentals/code-analysis/quality-rules/ca1416) [H:\code\ScreenControl\ScreenControl.csproj]
H:\code\ScreenControl\MainForm.cs(850,47): warning CA1416: 鍙湪鎵€鏈夊钩鍙颁笂璁块棶姝よ皟鐢ㄧ珯鐐广€?ToolStripMenuItem" 浠呭湪 "windows" 6.1 鍙婃洿楂樼増鏈?涓婂彈鏀寔銆?(https://learn.microsoft.com/dotnet/fundamentals/code-analysis/quality-rules/ca1416) [H:\code\ScreenControl\ScreenControl.csproj]
H:\code\ScreenControl\MainForm.cs(859,13): warning CA1416: 鍙湪鎵€鏈夊钩鍙颁笂璁块棶姝よ皟鐢ㄧ珯鐐广€?ToolStrip.Items" 浠呭湪 "windows" 6.1 鍙婃洿楂樼増鏈?涓婂彈鏀寔銆?(https://learn.microsoft.com/dotnet/fundamentals/code-analysis/quality-rules/ca1416) [H:\code\ScreenControl\ScreenControl.csproj]
H:\code\ScreenControl\MainForm.cs(844,13): warning CA1416: 鍙湪鎵€鏈夊钩鍙颁笂璁块棶姝よ皟鐢ㄧ珯鐐广€?ToolStripItem.Click" 浠呭湪 "windows" 6.1 鍙婃洿楂樼増鏈?涓婂彈鏀寔銆?(https://learn.microsoft.com/dotnet/fundamentals/code-analysis/quality-rules/ca1416) [H:\code\ScreenControl\ScreenControl.csproj]
H:\code\ScreenControl\MainForm.cs(847,32): warning CA1416: 鍙湪鎵€鏈夊钩鍙颁笂璁块棶姝よ皟鐢ㄧ珯鐐广€?ToolStripSeparator" 浠呭湪 "windows" 6.1 鍙婃洿楂樼増鏈?涓婂彈鏀寔銆?(https://learn.microsoft.com/dotnet/fundamentals/code-analysis/quality-rules/ca1416) [H:\code\ScreenControl\ScreenControl.csproj]
H:\code\ScreenControl\MainForm.cs(859,13): warning CA1416: 鍙湪鎵€鏈夊钩鍙颁笂璁块棶姝よ皟鐢ㄧ珯鐐广€?ToolStripItemCollection.Add(ToolStripItem)" 浠呭湪 "windows" 6.1 鍙婃洿楂樼増鏈?涓婂彈鏀寔銆?(https://learn.microsoft.com/dotnet/fundamentals/code-analysis/quality-rules/ca1416) [H:\code\ScreenControl\ScreenControl.csproj]
H:\code\ScreenControl\MainForm.cs(863,13): warning CA1416: 鍙湪鎵€鏈夊钩鍙颁笂璁块棶姝よ皟鐢ㄧ珯鐐广€?ToolStripDropDown.Show(Control, Point)" 浠呭湪 "windows" 6.1 鍙婃洿楂樼増鏈?涓婂彈鏀寔銆?(https://learn.microsoft.com/dotnet/fundamentals/code-analysis/quality-rules/ca1416) [H:\code\ScreenControl\ScreenControl.csproj]
H:\code\ScreenControl\MainForm.cs(863,64): warning CA1416: 鍙湪鎵€鏈夊钩鍙颁笂璁块棶姝よ皟鐢ㄧ珯鐐广€?Control.Height" 浠呭湪 "windows" 6.1 鍙婃洿楂樼増鏈?涓婂彈鏀寔銆?(https://learn.microsoft.com/dotnet/fundamentals/code-analysis/quality-rules/ca1416) [H:\code\ScreenControl\ScreenControl.csproj]
H:\code\ScreenControl\MainForm.cs(906,21): warning CA1416: 鍙湪鎵€鏈夊钩鍙颁笂璁块棶姝よ皟鐢ㄧ珯鐐广€?MessageBox.Show(string?, string?, MessageBoxButtons, MessageBoxIcon)" 浠呭湪 "windows" 6.1 鍙婃洿楂樼増鏈?涓婂彈鏀寔銆?(https://learn.microsoft.com/dotnet/fundamentals/code-analysis/quality-rules/ca1416) [H:\code\ScreenControl\ScreenControl.csproj]
H:\code\ScreenControl\MainForm.cs(891,21): warning CA1416: 鍙湪鎵€鏈夊钩鍙颁笂璁块棶姝よ皟鐢ㄧ珯鐐广€?MessageBox.Show(string?, string?, MessageBoxButtons, MessageBoxIcon)" 浠呭湪 "windows" 6.1 鍙婃洿楂樼増鏈?涓婂彈鏀寔銆?(https://learn.microsoft.com/dotnet/fundamentals/code-analysis/quality-rules/ca1416) [H:\code\ScreenControl\ScreenControl.csproj]
H:\code\ScreenControl\MainForm.cs(891,64): warning CA1416: 鍙湪鎵€鏈夊钩鍙颁笂璁块棶姝よ皟鐢ㄧ珯鐐广€?MessageBoxButtons.OK" 浠呭湪 "windows" 6.1 鍙婃洿楂樼増鏈?涓婂彈鏀寔銆?(https://learn.microsoft.com/dotnet/fundamentals/code-analysis/quality-rules/ca1416) [H:\code\ScreenControl\ScreenControl.csproj]
H:\code\ScreenControl\MainForm.cs(913,85): warning CA1416: 鍙湪鎵€鏈夊钩鍙颁笂璁块棶姝よ皟鐢ㄧ珯鐐广€?MessageBoxIcon.Error" 浠呭湪 "windows" 6.1 鍙婃洿楂樼増鏈?涓婂彈鏀寔銆?(https://learn.microsoft.com/dotnet/fundamentals/code-analysis/quality-rules/ca1416) [H:\code\ScreenControl\ScreenControl.csproj]
H:\code\ScreenControl\MainForm.cs(906,74): warning CA1416: 鍙湪鎵€鏈夊钩鍙颁笂璁块棶姝よ皟鐢ㄧ珯鐐广€?MessageBoxButtons.OK" 浠呭湪 "windows" 6.1 鍙婃洿楂樼増鏈?涓婂彈鏀寔銆?(https://learn.microsoft.com/dotnet/fundamentals/code-analysis/quality-rules/ca1416) [H:\code\ScreenControl\ScreenControl.csproj]
H:\code\ScreenControl\MainForm.cs(891,86): warning CA1416: 鍙湪鎵€鏈夊钩鍙颁笂璁块棶姝よ皟鐢ㄧ珯鐐广€?MessageBoxIcon.Information" 浠呭湪 "windows" 6.1 鍙婃洿楂樼増鏈?涓婂彈鏀寔銆?(https://learn.microsoft.com/dotnet/fundamentals/code-analysis/quality-rules/ca1416) [H:\code\ScreenControl\ScreenControl.csproj]
H:\code\ScreenControl\MainForm.cs(906,96): warning CA1416: 鍙湪鎵€鏈夊钩鍙颁笂璁块棶姝よ皟鐢ㄧ珯鐐广€?MessageBoxIcon.Information" 浠呭湪 "windows" 6.1 鍙婃洿楂樼増鏈?涓婂彈鏀寔銆?(https://learn.microsoft.com/dotnet/fundamentals/code-analysis/quality-rules/ca1416) [H:\code\ScreenControl\ScreenControl.csproj]
H:\code\ScreenControl\MainForm.cs(913,17): warning CA1416: 鍙湪鎵€鏈夊钩鍙颁笂璁块棶姝よ皟鐢ㄧ珯鐐广€?MessageBox.Show(string?, string?, MessageBoxButtons, MessageBoxIcon)" 浠呭湪 "windows" 6.1 鍙婃洿楂樼増鏈?涓婂彈鏀寔銆?(https://learn.microsoft.com/dotnet/fundamentals/code-analysis/quality-rules/ca1416) [H:\code\ScreenControl\ScreenControl.csproj]
H:\code\ScreenControl\MainForm.cs(913,63): warning CA1416: 鍙湪鎵€鏈夊钩鍙颁笂璁块棶姝よ皟鐢ㄧ珯鐐广€?MessageBoxButtons.OK" 浠呭湪 "windows" 6.1 鍙婃洿楂樼増鏈?涓婂彈鏀寔銆?(https://learn.microsoft.com/dotnet/fundamentals/code-analysis/quality-rules/ca1416) [H:\code\ScreenControl\ScreenControl.csproj]
H:\code\ScreenControl\MainForm.cs(971,13): warning CA1416: 鍙湪鎵€鏈夊钩鍙颁笂璁块棶姝よ皟鐢ㄧ珯鐐广€?Control.Click" 浠呭湪 "windows" 6.1 鍙婃洿楂樼増鏈?涓婂彈鏀寔銆?(https://learn.microsoft.com/dotnet/fundamentals/code-analysis/quality-rules/ca1416) [H:\code\ScreenControl\ScreenControl.csproj]
H:\code\ScreenControl\MainForm.cs(963,13): warning CA1416: 鍙湪鎵€鏈夊钩鍙颁笂璁块棶姝よ皟鐢ㄧ珯鐐广€?Label.TextAlign" 浠呭湪 "windows" 6.1 鍙婃洿楂樼増鏈?涓婂彈鏀寔銆?(https://learn.microsoft.com/dotnet/fundamentals/code-analysis/quality-rules/ca1416) [H:\code\ScreenControl\ScreenControl.csproj]
H:\code\ScreenControl\MainForm.cs(939,13): warning CA1416: 鍙湪鎵€鏈夊钩鍙颁笂璁块棶姝よ皟鐢ㄧ珯鐐广€?Control.ForeColor" 浠呭湪 "windows" 6.1 鍙婃洿楂樼増鏈?涓婂彈鏀寔銆?(https://learn.microsoft.com/dotnet/fundamentals/code-analysis/quality-rules/ca1416) [H:\code\ScreenControl\ScreenControl.csproj]
H:\code\ScreenControl\MainForm.cs(961,13): warning CA1416: 鍙湪鎵€鏈夊钩鍙颁笂璁块棶姝よ皟鐢ㄧ珯鐐广€?Control.Size" 浠呭湪 "windows" 6.1 鍙婃洿楂樼増鏈?涓婂彈鏀寔銆?(https://learn.microsoft.com/dotnet/fundamentals/code-analysis/quality-rules/ca1416) [H:\code\ScreenControl\ScreenControl.csproj]
H:\code\ScreenControl\MainForm.cs(923,13): warning CA1416: 鍙湪鎵€鏈夊钩鍙颁笂璁块棶姝よ皟鐢ㄧ珯鐐广€?Form.StartPosition" 浠呭湪 "windows" 6.1 鍙婃洿楂樼増鏈?涓婂彈鏀寔銆?(https://learn.microsoft.com/dotnet/fundamentals/code-analysis/quality-rules/ca1416) [H:\code\ScreenControl\ScreenControl.csproj]
H:\code\ScreenControl\MainForm.cs(964,13): warning CA1416: 鍙湪鎵€鏈夊钩鍙颁笂璁块棶姝よ皟鐢ㄧ珯鐐广€?Label.AutoSize" 浠呭湪 "windows" 6.1 鍙婃洿楂樼増鏈?涓婂彈鏀寔銆?(https://learn.microsoft.com/dotnet/fundamentals/code-analysis/quality-rules/ca1416) [H:\code\ScreenControl\ScreenControl.csproj]
H:\code\ScreenControl\MainForm.cs(936,13): warning CA1416: 鍙湪鎵€鏈夊钩鍙颁笂璁块棶姝よ皟鐢ㄧ珯鐐广€?Control.Location" 浠呭湪 "windows" 6.1 鍙婃洿楂樼増鏈?涓婂彈鏀寔銆?(https://learn.microsoft.com/dotnet/fundamentals/code-analysis/quality-rules/ca1416) [H:\code\ScreenControl\ScreenControl.csproj]
H:\code\ScreenControl\MainForm.cs(950,13): warning CA1416: 鍙湪鎵€鏈夊钩鍙颁笂璁块棶姝よ皟鐢ㄧ珯鐐广€?Label.Text" 浠呭湪 "windows" 6.1 鍙婃洿楂樼増鏈?涓婂彈鏀寔銆?(https://learn.microsoft.com/dotnet/fundamentals/code-analysis/quality-rules/ca1416) [H:\code\ScreenControl\ScreenControl.csproj]
H:\code\ScreenControl\MainForm.cs(952,13): warning CA1416: 鍙湪鎵€鏈夊钩鍙颁笂璁块棶姝よ皟鐢ㄧ珯鐐广€?Control.Cursor" 浠呭湪 "windows" 6.1 鍙婃洿楂樼増鏈?涓婂彈鏀寔銆?(https://learn.microsoft.com/dotnet/fundamentals/code-analysis/quality-rules/ca1416) [H:\code\ScreenControl\ScreenControl.csproj]
H:\code\ScreenControl\MainForm.cs(933,13): warning CA1416: 鍙湪鎵€鏈夊钩鍙颁笂璁块棶姝よ皟鐢ㄧ珯鐐广€?Control.Font" 浠呭湪 "windows" 6.1 鍙婃洿楂樼増鏈?涓婂彈鏀寔銆?(https://learn.microsoft.com/dotnet/fundamentals/code-analysis/quality-rules/ca1416) [H:\code\ScreenControl\ScreenControl.csproj]
H:\code\ScreenControl\MainForm.cs(953,13): warning CA1416: 鍙湪鎵€鏈夊钩鍙颁笂璁块棶姝よ皟鐢ㄧ珯鐐广€?Control.Click" 浠呭湪 "windows" 6.1 鍙婃洿楂樼増鏈?涓婂彈鏀寔銆?(https://learn.microsoft.com/dotnet/fundamentals/code-analysis/quality-rules/ca1416) [H:\code\ScreenControl\ScreenControl.csproj]
H:\code\ScreenControl\MainForm.cs(922,13): warning CA1416: 鍙湪鎵€鏈夊钩鍙颁笂璁块棶姝よ皟鐢ㄧ珯鐐广€?Form.Size" 浠呭湪 "windows" 6.1 鍙婃洿楂樼増鏈?涓婂彈鏀寔銆?(https://learn.microsoft.com/dotnet/fundamentals/code-analysis/quality-rules/ca1416) [H:\code\ScreenControl\ScreenControl.csproj]
H:\code\ScreenControl\MainForm.cs(978,13): warning CA1416: 鍙湪鎵€鏈夊钩鍙颁笂璁块棶姝よ皟鐢ㄧ珯鐐广€?Control.Controls" 浠呭湪 "windows" 6.1 鍙婃洿楂樼増鏈?涓婂彈鏀寔銆?(https://learn.microsoft.com/dotnet/fundamentals/code-analysis/quality-rules/ca1416) [H:\code\ScreenControl\ScreenControl.csproj]
H:\code\ScreenControl\MainForm.cs(969,13): warning CA1416: 鍙湪鎵€鏈夊钩鍙颁笂璁块棶姝よ皟鐢ㄧ珯鐐广€?Control.Size" 浠呭湪 "windows" 6.1 鍙婃洿楂樼増鏈?涓婂彈鏀寔銆?(https://learn.microsoft.com/dotnet/fundamentals/code-analysis/quality-rules/ca1416) [H:\code\ScreenControl\ScreenControl.csproj]
H:\code\ScreenControl\MainForm.cs(937,13): warning CA1416: 鍙湪鎵€鏈夊钩鍙颁笂璁块棶姝よ皟鐢ㄧ珯鐐广€?Control.Size" 浠呭湪 "windows" 6.1 鍙婃洿楂樼増鏈?涓婂彈鏀寔銆?(https://learn.microsoft.com/dotnet/fundamentals/code-analysis/quality-rules/ca1416) [H:\code\ScreenControl\ScreenControl.csproj]
H:\code\ScreenControl\MainForm.cs(924,41): warning CA1416: 鍙湪鎵€鏈夊钩鍙颁笂璁块棶姝よ皟鐢ㄧ珯鐐广€?FormBorderStyle.FixedDialog" 浠呭湪 "windows" 6.1 鍙婃洿楂樼増鏈?涓婂彈鏀寔銆?(https://learn.microsoft.com/dotnet/fundamentals/code-analysis/quality-rules/ca1416) [H:\code\ScreenControl\ScreenControl.csproj]
H:\code\ScreenControl\MainForm.cs(933,33): warning CA1416: 鍙湪鎵€鏈夊钩鍙颁笂璁块棶姝よ皟鐢ㄧ珯鐐广€?Font" 浠呭湪 "windows" 6.1 鍙婃洿楂樼増鏈?涓婂彈鏀寔銆?(https://learn.microsoft.com/dotnet/fundamentals/code-analysis/quality-rules/ca1416) [H:\code\ScreenControl\ScreenControl.csproj]
H:\code\ScreenControl\MainForm.cs(935,32): warning CA1416: 鍙湪鎵€鏈夊钩鍙颁笂璁块棶姝よ皟鐢ㄧ珯鐐广€?Label" 浠呭湪 "windows" 6.1 鍙婃洿楂樼増鏈?涓婂彈鏀寔銆?(https://learn.microsoft.com/dotnet/fundamentals/code-analysis/quality-rules/ca1416) [H:\code\ScreenControl\ScreenControl.csproj]
H:\code\ScreenControl\MainForm.cs(933,57): warning CA1416: 鍙湪鎵€鏈夊钩鍙颁笂璁块棶姝よ皟鐢ㄧ珯鐐广€?Control.Font" 浠呭湪 "windows" 6.1 鍙婃洿楂樼増鏈?涓婂彈鏀寔銆?(https://learn.microsoft.com/dotnet/fundamentals/code-analysis/quality-rules/ca1416) [H:\code\ScreenControl\ScreenControl.csproj]
H:\code\ScreenControl\MainForm.cs(923,39): warning CA1416: 鍙湪鎵€鏈夊钩鍙颁笂璁块棶姝よ皟鐢ㄧ珯鐐广€?FormStartPosition.CenterParent" 浠呭湪 "windows" 6.1 鍙婃洿楂樼増鏈?涓婂彈鏀寔銆?(https://learn.microsoft.com/dotnet/fundamentals/code-analysis/quality-rules/ca1416) [H:\code\ScreenControl\ScreenControl.csproj]
H:\code\ScreenControl\MainForm.cs(971,45): warning CA1416: 鍙湪鎵€鏈夊钩鍙颁笂璁块棶姝よ皟鐢ㄧ珯鐐广€?Form.Close()" 浠呭湪 "windows" 6.1 鍙婃洿楂樼増鏈?涓婂彈鏀寔銆?(https://learn.microsoft.com/dotnet/fundamentals/code-analysis/quality-rules/ca1416) [H:\code\ScreenControl\ScreenControl.csproj]
H:\code\ScreenControl\MainForm.cs(974,13): warning CA1416: 鍙湪鎵€鏈夊钩鍙颁笂璁块棶姝よ皟鐢ㄧ珯鐐广€?Control.Controls" 浠呭湪 "windows" 6.1 鍙婃洿楂樼増鏈?涓婂彈鏀寔銆?(https://learn.microsoft.com/dotnet/fundamentals/code-analysis/quality-rules/ca1416) [H:\code\ScreenControl\ScreenControl.csproj]
H:\code\ScreenControl\MainForm.cs(951,13): warning CA1416: 鍙湪鎵€鏈夊钩鍙颁笂璁块棶姝よ皟鐢ㄧ珯鐐广€?Control.ForeColor" 浠呭湪 "windows" 6.1 鍙婃洿楂樼増鏈?涓婂彈鏀寔銆?(https://learn.microsoft.com/dotnet/fundamentals/code-analysis/quality-rules/ca1416) [H:\code\ScreenControl\ScreenControl.csproj]
H:\code\ScreenControl\MainForm.cs(932,13): warning CA1416: 鍙湪鎵€鏈夊钩鍙颁笂璁块棶姝よ皟鐢ㄧ珯鐐广€?Label.Text" 浠呭湪 "windows" 6.1 鍙婃洿楂樼増鏈?涓婂彈鏀寔銆?(https://learn.microsoft.com/dotnet/fundamentals/code-analysis/quality-rules/ca1416) [H:\code\ScreenControl\ScreenControl.csproj]
H:\code\ScreenControl\MainForm.cs(981,13): warning CA1416: 鍙湪鎵€鏈夊钩鍙颁笂璁块棶姝よ皟鐢ㄧ珯鐐广€?Form.ShowDialog(IWin32Window?)" 浠呭湪 "windows" 6.1 鍙婃洿楂樼増鏈?涓婂彈鏀寔銆?(https://learn.microsoft.com/dotnet/fundamentals/code-analysis/quality-rules/ca1416) [H:\code\ScreenControl\ScreenControl.csproj]
H:\code\ScreenControl\MainForm.cs(921,13): warning CA1416: 鍙湪鎵€鏈夊钩鍙颁笂璁块棶姝よ皟鐢ㄧ珯鐐广€?Form.Text" 浠呭湪 "windows" 6.1 鍙婃洿楂樼増鏈?涓婂彈鏀寔銆?(https://learn.microsoft.com/dotnet/fundamentals/code-analysis/quality-rules/ca1416) [H:\code\ScreenControl\ScreenControl.csproj]
H:\code\ScreenControl\MainForm.cs(941,13): warning CA1416: 鍙湪鎵€鏈夊钩鍙颁笂璁块棶姝よ皟鐢ㄧ珯鐐广€?Control.Click" 浠呭湪 "windows" 6.1 鍙婃洿楂樼増鏈?涓婂彈鏀寔銆?(https://learn.microsoft.com/dotnet/fundamentals/code-analysis/quality-rules/ca1416) [H:\code\ScreenControl\ScreenControl.csproj]
H:\code\ScreenControl\MainForm.cs(975,13): warning CA1416: 鍙湪鎵€鏈夊钩鍙颁笂璁块棶姝よ皟鐢ㄧ珯鐐广€?Control.Controls" 浠呭湪 "windows" 6.1 鍙婃洿楂樼増鏈?涓婂彈鏀寔銆?(https://learn.microsoft.com/dotnet/fundamentals/code-analysis/quality-rules/ca1416) [H:\code\ScreenControl\ScreenControl.csproj]
H:\code\ScreenControl\MainForm.cs(975,13): warning CA1416: 鍙湪鎵€鏈夊钩鍙颁笂璁块棶姝よ皟鐢ㄧ珯鐐广€?Control.ControlCollection.Add(Control?)" 浠呭湪 "windows" 6.1 鍙婃洿楂樼増鏈?涓婂彈鏀寔銆?(https://learn.microsoft.com/dotnet/fundamentals/code-analysis/quality-rules/ca1416) [H:\code\ScreenControl\ScreenControl.csproj]
H:\code\ScreenControl\MainForm.cs(930,13): warning CA1416: 鍙湪鎵€鏈夊钩鍙颁笂璁块棶姝よ皟鐢ㄧ珯鐐广€?Control.Location" 浠呭湪 "windows" 6.1 鍙婃洿楂樼増鏈?涓婂彈鏀寔銆?(https://learn.microsoft.com/dotnet/fundamentals/code-analysis/quality-rules/ca1416) [H:\code\ScreenControl\ScreenControl.csproj]
H:\code\ScreenControl\MainForm.cs(948,13): warning CA1416: 鍙湪鎵€鏈夊钩鍙颁笂璁块棶姝よ皟鐢ㄧ珯鐐广€?Control.Location" 浠呭湪 "windows" 6.1 鍙婃洿楂樼増鏈?涓婂彈鏀寔銆?(https://learn.microsoft.com/dotnet/fundamentals/code-analysis/quality-rules/ca1416) [H:\code\ScreenControl\ScreenControl.csproj]
H:\code\ScreenControl\MainForm.cs(962,13): warning CA1416: 鍙湪鎵€鏈夊钩鍙颁笂璁块棶姝よ皟鐢ㄧ珯鐐广€?Label.Text" 浠呭湪 "windows" 6.1 鍙婃洿楂樼増鏈?涓婂彈鏀寔銆?(https://learn.microsoft.com/dotnet/fundamentals/code-analysis/quality-rules/ca1416) [H:\code\ScreenControl\ScreenControl.csproj]
H:\code\ScreenControl\MainForm.cs(978,13): warning CA1416: 鍙湪鎵€鏈夊钩鍙颁笂璁块棶姝よ皟鐢ㄧ珯鐐广€?Control.ControlCollection.Add(Control?)" 浠呭湪 "windows" 6.1 鍙婃洿楂樼増鏈?涓婂彈鏀寔銆?(https://learn.microsoft.com/dotnet/fundamentals/code-analysis/quality-rules/ca1416) [H:\code\ScreenControl\ScreenControl.csproj]
H:\code\ScreenControl\MainForm.cs(976,13): warning CA1416: 鍙湪鎵€鏈夊钩鍙颁笂璁块棶姝よ皟鐢ㄧ珯鐐广€?Control.Controls" 浠呭湪 "windows" 6.1 鍙婃洿楂樼増鏈?涓婂彈鏀寔銆?(https://learn.microsoft.com/dotnet/fundamentals/code-analysis/quality-rules/ca1416) [H:\code\ScreenControl\ScreenControl.csproj]
H:\code\ScreenControl\MainForm.cs(960,13): warning CA1416: 鍙湪鎵€鏈夊钩鍙颁笂璁块棶姝よ皟鐢ㄧ珯鐐广€?Control.Location" 浠呭湪 "windows" 6.1 鍙婃洿楂樼増鏈?涓婂彈鏀寔銆?(https://learn.microsoft.com/dotnet/fundamentals/code-analysis/quality-rules/ca1416) [H:\code\ScreenControl\ScreenControl.csproj]
H:\code\ScreenControl\MainForm.cs(977,13): warning CA1416: 鍙湪鎵€鏈夊钩鍙颁笂璁块棶姝よ皟鐢ㄧ珯鐐广€?Control.Controls" 浠呭湪 "windows" 6.1 鍙婃洿楂樼増鏈?涓婂彈鏀寔銆?(https://learn.microsoft.com/dotnet/fundamentals/code-analysis/quality-rules/ca1416) [H:\code\ScreenControl\ScreenControl.csproj]
H:\code\ScreenControl\MainForm.cs(970,13): warning CA1416: 鍙湪鎵€鏈夊钩鍙颁笂璁块棶姝よ皟鐢ㄧ珯鐐广€?ButtonBase.Text" 浠呭湪 "windows" 6.1 鍙婃洿楂樼増鏈?涓婂彈鏀寔銆?(https://learn.microsoft.com/dotnet/fundamentals/code-analysis/quality-rules/ca1416) [H:\code\ScreenControl\ScreenControl.csproj]
H:\code\ScreenControl\MainForm.cs(929,34): warning CA1416: 鍙湪鎵€鏈夊钩鍙颁笂璁块棶姝よ皟鐢ㄧ珯鐐广€?Label" 浠呭湪 "windows" 6.1 鍙婃洿楂樼増鏈?涓婂彈鏀寔銆?(https://learn.microsoft.com/dotnet/fundamentals/code-analysis/quality-rules/ca1416) [H:\code\ScreenControl\ScreenControl.csproj]
H:\code\ScreenControl\MainForm.cs(974,13): warning CA1416: 鍙湪鎵€鏈夊钩鍙颁笂璁块棶姝よ皟鐢ㄧ珯鐐广€?Control.ControlCollection.Add(Control?)" 浠呭湪 "windows" 6.1 鍙婃洿楂樼増鏈?涓婂彈鏀寔銆?(https://learn.microsoft.com/dotnet/fundamentals/code-analysis/quality-rules/ca1416) [H:\code\ScreenControl\ScreenControl.csproj]
H:\code\ScreenControl\MainForm.cs(931,13): warning CA1416: 鍙湪鎵€鏈夊钩鍙颁笂璁块棶姝よ皟鐢ㄧ珯鐐广€?Control.Size" 浠呭湪 "windows" 6.1 鍙婃洿楂樼増鏈?涓婂彈鏀寔銆?(https://learn.microsoft.com/dotnet/fundamentals/code-analysis/quality-rules/ca1416) [H:\code\ScreenControl\ScreenControl.csproj]
H:\code\ScreenControl\MainForm.cs(920,30): warning CA1416: 鍙湪鎵€鏈夊钩鍙颁笂璁块棶姝よ皟鐢ㄧ珯鐐广€?Form" 浠呭湪 "windows" 6.1 鍙婃洿楂樼増鏈?涓婂彈鏀寔銆?(https://learn.microsoft.com/dotnet/fundamentals/code-analysis/quality-rules/ca1416) [H:\code\ScreenControl\ScreenControl.csproj]
H:\code\ScreenControl\MainForm.cs(926,13): warning CA1416: 鍙湪鎵€鏈夊钩鍙颁笂璁块棶姝よ皟鐢ㄧ珯鐐广€?Form.MinimizeBox" 浠呭湪 "windows" 6.1 鍙婃洿楂樼増鏈?涓婂彈鏀寔銆?(https://learn.microsoft.com/dotnet/fundamentals/code-analysis/quality-rules/ca1416) [H:\code\ScreenControl\ScreenControl.csproj]
H:\code\ScreenControl\MainForm.cs(952,34): warning CA1416: 鍙湪鎵€鏈夊钩鍙颁笂璁块棶姝よ皟鐢ㄧ珯鐐广€?Cursors.Hand" 浠呭湪 "windows" 6.1 鍙婃洿楂樼増鏈?涓婂彈鏀寔銆?(https://learn.microsoft.com/dotnet/fundamentals/code-analysis/quality-rules/ca1416) [H:\code\ScreenControl\ScreenControl.csproj]
H:\code\ScreenControl\MainForm.cs(967,34): warning CA1416: 鍙湪鎵€鏈夊钩鍙颁笂璁块棶姝よ皟鐢ㄧ珯鐐广€?Button" 浠呭湪 "windows" 6.1 鍙婃洿楂樼増鏈?涓婂彈鏀寔銆?(https://learn.microsoft.com/dotnet/fundamentals/code-analysis/quality-rules/ca1416) [H:\code\ScreenControl\ScreenControl.csproj]
H:\code\ScreenControl\MainForm.cs(977,13): warning CA1416: 鍙湪鎵€鏈夊钩鍙颁笂璁块棶姝よ皟鐢ㄧ珯鐐广€?Control.ControlCollection.Add(Control?)" 浠呭湪 "windows" 6.1 鍙婃洿楂樼増鏈?涓婂彈鏀寔銆?(https://learn.microsoft.com/dotnet/fundamentals/code-analysis/quality-rules/ca1416) [H:\code\ScreenControl\ScreenControl.csproj]
H:\code\ScreenControl\MainForm.cs(949,13): warning CA1416: 鍙湪鎵€鏈夊钩鍙颁笂璁块棶姝よ皟鐢ㄧ珯鐐广€?Control.Size" 浠呭湪 "windows" 6.1 鍙婃洿楂樼増鏈?涓婂彈鏀寔銆?(https://learn.microsoft.com/dotnet/fundamentals/code-analysis/quality-rules/ca1416) [H:\code\ScreenControl\ScreenControl.csproj]
H:\code\ScreenControl\MainForm.cs(938,13): warning CA1416: 鍙湪鎵€鏈夊钩鍙颁笂璁块棶姝よ皟鐢ㄧ珯鐐广€?Label.Text" 浠呭湪 "windows" 6.1 鍙婃洿楂樼増鏈?涓婂彈鏀寔銆?(https://learn.microsoft.com/dotnet/fundamentals/code-analysis/quality-rules/ca1416) [H:\code\ScreenControl\ScreenControl.csproj]
H:\code\ScreenControl\MainForm.cs(947,33): warning CA1416: 鍙湪鎵€鏈夊钩鍙颁笂璁块棶姝よ皟鐢ㄧ珯鐐广€?Label" 浠呭湪 "windows" 6.1 鍙婃洿楂樼増鏈?涓婂彈鏀寔銆?(https://learn.microsoft.com/dotnet/fundamentals/code-analysis/quality-rules/ca1416) [H:\code\ScreenControl\ScreenControl.csproj]
H:\code\ScreenControl\MainForm.cs(940,33): warning CA1416: 鍙湪鎵€鏈夊钩鍙颁笂璁块棶姝よ皟鐢ㄧ珯鐐广€?Cursors.Hand" 浠呭湪 "windows" 6.1 鍙婃洿楂樼増鏈?涓婂彈鏀寔銆?(https://learn.microsoft.com/dotnet/fundamentals/code-analysis/quality-rules/ca1416) [H:\code\ScreenControl\ScreenControl.csproj]
H:\code\ScreenControl\MainForm.cs(959,38): warning CA1416: 鍙湪鎵€鏈夊钩鍙颁笂璁块棶姝よ皟鐢ㄧ珯鐐广€?Label" 浠呭湪 "windows" 6.1 鍙婃洿楂樼増鏈?涓婂彈鏀寔銆?(https://learn.microsoft.com/dotnet/fundamentals/code-analysis/quality-rules/ca1416) [H:\code\ScreenControl\ScreenControl.csproj]
H:\code\ScreenControl\MainForm.cs(933,76): warning CA1416: 鍙湪鎵€鏈夊钩鍙颁笂璁块棶姝よ皟鐢ㄧ珯鐐广€?FontStyle.Bold" 浠呭湪 "windows" 6.1 鍙婃洿楂樼増鏈?涓婂彈鏀寔銆?(https://learn.microsoft.com/dotnet/fundamentals/code-analysis/quality-rules/ca1416) [H:\code\ScreenControl\ScreenControl.csproj]
H:\code\ScreenControl\MainForm.cs(968,13): warning CA1416: 鍙湪鎵€鏈夊钩鍙颁笂璁块棶姝よ皟鐢ㄧ珯鐐广€?Control.Location" 浠呭湪 "windows" 6.1 鍙婃洿楂樼増鏈?涓婂彈鏀寔銆?(https://learn.microsoft.com/dotnet/fundamentals/code-analysis/quality-rules/ca1416) [H:\code\ScreenControl\ScreenControl.csproj]
H:\code\ScreenControl\MainForm.cs(924,13): warning CA1416: 鍙湪鎵€鏈夊钩鍙颁笂璁块棶姝よ皟鐢ㄧ珯鐐广€?Form.FormBorderStyle" 浠呭湪 "windows" 6.1 鍙婃洿楂樼増鏈?涓婂彈鏀寔銆?(https://learn.microsoft.com/dotnet/fundamentals/code-analysis/quality-rules/ca1416) [H:\code\ScreenControl\ScreenControl.csproj]
H:\code\ScreenControl\MainForm.cs(940,13): warning CA1416: 鍙湪鎵€鏈夊钩鍙颁笂璁块棶姝よ皟鐢ㄧ珯鐐广€?Control.Cursor" 浠呭湪 "windows" 6.1 鍙婃洿楂樼増鏈?涓婂彈鏀寔銆?(https://learn.microsoft.com/dotnet/fundamentals/code-analysis/quality-rules/ca1416) [H:\code\ScreenControl\ScreenControl.csproj]
H:\code\ScreenControl\MainForm.cs(925,13): warning CA1416: 鍙湪鎵€鏈夊钩鍙颁笂璁块棶姝よ皟鐢ㄧ珯鐐广€?Form.MaximizeBox" 浠呭湪 "windows" 6.1 鍙婃洿楂樼増鏈?涓婂彈鏀寔銆?(https://learn.microsoft.com/dotnet/fundamentals/code-analysis/quality-rules/ca1416) [H:\code\ScreenControl\ScreenControl.csproj]
H:\code\ScreenControl\MainForm.cs(963,42): warning CA1416: 鍙湪鎵€鏈夊钩鍙颁笂璁块棶姝よ皟鐢ㄧ珯鐐广€?ContentAlignment.TopLeft" 浠呭湪 "windows" 6.1 鍙婃洿楂樼増鏈?涓婂彈鏀寔銆?(https://learn.microsoft.com/dotnet/fundamentals/code-analysis/quality-rules/ca1416) [H:\code\ScreenControl\ScreenControl.csproj]
H:\code\ScreenControl\MainForm.cs(976,13): warning CA1416: 鍙湪鎵€鏈夊钩鍙颁笂璁块棶姝よ皟鐢ㄧ珯鐐广€?Control.ControlCollection.Add(Control?)" 浠呭湪 "windows" 6.1 鍙婃洿楂樼増鏈?涓婂彈鏀寔銆?(https://learn.microsoft.com/dotnet/fundamentals/code-analysis/quality-rules/ca1416) [H:\code\ScreenControl\ScreenControl.csproj]
H:\code\ScreenControl\MainForm.cs(515,21): error CS0103: 褰撳墠涓婁笅鏂囦腑涓嶅瓨鍦ㄥ悕绉扳€渃hkGlobalHotkeys鈥?[H:\code\ScreenControl\ScreenControl.csproj]
H:\code\ScreenControl\MainForm.cs(517,21): error CS0103: 褰撳墠涓婁笅鏂囦腑涓嶅瓨鍦ㄥ悕绉扳€渃hkGlobalHotkeys鈥?[H:\code\ScreenControl\ScreenControl.csproj]
    431 涓鍛?
    2 涓敊璇?

宸茬敤鏃堕棿 00:00:01.52

鏈夊彲鐢ㄧ殑宸ヤ綔璐熻浇鏇存柊銆傛湁鍏宠缁嗕俊鎭紝璇疯繍琛?`dotnet workload list`銆?
